Archive member included to satisfy reference by file (symbol)

/home/jesse/Sync/RockSAT Vibe Iso/rocksat_workspace/lpc_board_nxp_lpcxpresso_4337/Debug/liblpc_board_nxp_lpcxpresso_4337.a(board.o)
                              ./src/ssp.o (Board_UARTPutSTR)
/home/jesse/Sync/RockSAT Vibe Iso/rocksat_workspace/lpc_board_nxp_lpcxpresso_4337/Debug/liblpc_board_nxp_lpcxpresso_4337.a(board_sysinit.o)
                              ./src/sysinit.o (Board_SystemInit)
/home/jesse/Sync/RockSAT Vibe Iso/rocksat_workspace/lpc_board_nxp_lpcxpresso_4337/Debug/liblpc_board_nxp_lpcxpresso_4337.a(wm8904.o)
                              /home/jesse/Sync/RockSAT Vibe Iso/rocksat_workspace/lpc_board_nxp_lpcxpresso_4337/Debug/liblpc_board_nxp_lpcxpresso_4337.a(board.o) (WM8904_Init)
/home/jesse/Sync/RockSAT Vibe Iso/rocksat_workspace/lpc_chip_43xx/Debug/liblpc_chip_43xx.a(chip_18xx_43xx.o)
                              ./src/ssp.o (SystemCoreClock)
/home/jesse/Sync/RockSAT Vibe Iso/rocksat_workspace/lpc_chip_43xx/Debug/liblpc_chip_43xx.a(clock_18xx_43xx.o)
                              /home/jesse/Sync/RockSAT Vibe Iso/rocksat_workspace/lpc_chip_43xx/Debug/liblpc_chip_43xx.a(chip_18xx_43xx.o) (Chip_Clock_GetClockInputHz)
/home/jesse/Sync/RockSAT Vibe Iso/rocksat_workspace/lpc_chip_43xx/Debug/liblpc_chip_43xx.a(fpu_init.o)
                              ./src/sysinit.o (fpuInit)
/home/jesse/Sync/RockSAT Vibe Iso/rocksat_workspace/lpc_chip_43xx/Debug/liblpc_chip_43xx.a(gpdma_18xx_43xx.o)
                              ./src/ssp.o (Chip_GPDMA_Init)
/home/jesse/Sync/RockSAT Vibe Iso/rocksat_workspace/lpc_chip_43xx/Debug/liblpc_chip_43xx.a(gpio_18xx_43xx.o)
                              ./src/ssp.o (Chip_GPIO_Init)
/home/jesse/Sync/RockSAT Vibe Iso/rocksat_workspace/lpc_chip_43xx/Debug/liblpc_chip_43xx.a(i2c_18xx_43xx.o)
                              /home/jesse/Sync/RockSAT Vibe Iso/rocksat_workspace/lpc_board_nxp_lpcxpresso_4337/Debug/liblpc_board_nxp_lpcxpresso_4337.a(wm8904.o) (Chip_I2C_EventHandlerPolling)
/home/jesse/Sync/RockSAT Vibe Iso/rocksat_workspace/lpc_chip_43xx/Debug/liblpc_chip_43xx.a(ssp_18xx_43xx.o)
                              ./src/ssp.o (Chip_SSP_RWFrames_Blocking)
/home/jesse/Sync/RockSAT Vibe Iso/rocksat_workspace/lpc_chip_43xx/Debug/liblpc_chip_43xx.a(sysinit_18xx_43xx.o)
                              /home/jesse/Sync/RockSAT Vibe Iso/rocksat_workspace/lpc_board_nxp_lpcxpresso_4337/Debug/liblpc_board_nxp_lpcxpresso_4337.a(board_sysinit.o) (Chip_SetupCoreClock)
/home/jesse/Sync/RockSAT Vibe Iso/rocksat_workspace/lpc_chip_43xx/Debug/liblpc_chip_43xx.a(uart_18xx_43xx.o)
                              /home/jesse/Sync/RockSAT Vibe Iso/rocksat_workspace/lpc_board_nxp_lpcxpresso_4337/Debug/liblpc_board_nxp_lpcxpresso_4337.a(board.o) (Chip_UART_Init)
/home/jesse/Sync/RockSAT Vibe Iso/rocksat_workspace/lpc_chip_43xx/Debug/liblpc_chip_43xx.a(ring_buffer.o)
                              /home/jesse/Sync/RockSAT Vibe Iso/rocksat_workspace/lpc_chip_43xx/Debug/liblpc_chip_43xx.a(uart_18xx_43xx.o) (RingBuffer_Insert)
/usr/local/mcuxpresso-ide/ide/tools/bin/../lib/gcc/arm-none-eabi/7.2.1/../../../../arm-none-eabi/lib/thumb/v7e-m/fpv4-sp/softfp/libcr_nohost.a(_cr__main.o)
                              ./src/cr_startup_lpc43xx.o (__main)
/usr/local/mcuxpresso-ide/ide/tools/bin/../lib/gcc/arm-none-eabi/7.2.1/../../../../arm-none-eabi/lib/thumb/v7e-m/fpv4-sp/softfp/libcr_c.a(memcpy.o)
                              ./src/cdc_vcom.o (memcpy)
/usr/local/mcuxpresso-ide/ide/tools/bin/../lib/gcc/arm-none-eabi/7.2.1/../../../../arm-none-eabi/lib/thumb/v7e-m/fpv4-sp/softfp/libcr_c.a(memset.o)
                              ./src/cdc_vcom.o (memset)
/usr/local/mcuxpresso-ide/ide/tools/bin/../lib/gcc/arm-none-eabi/7.2.1/../../../../arm-none-eabi/lib/thumb/v7e-m/fpv4-sp/softfp/libcr_c.a(initio.o)
                              /usr/local/mcuxpresso-ide/ide/tools/bin/../lib/gcc/arm-none-eabi/7.2.1/../../../../arm-none-eabi/lib/thumb/v7e-m/fpv4-sp/softfp/libcr_nohost.a(_cr__main.o) (_initio)
/usr/local/mcuxpresso-ide/ide/tools/bin/../lib/gcc/arm-none-eabi/7.2.1/../../../../arm-none-eabi/lib/thumb/v7e-m/fpv4-sp/softfp/libcr_c.a(setvbuf.o)
                              /usr/local/mcuxpresso-ide/ide/tools/bin/../lib/gcc/arm-none-eabi/7.2.1/../../../../arm-none-eabi/lib/thumb/v7e-m/fpv4-sp/softfp/libcr_c.a(initio.o) (setvbuf)
/usr/local/mcuxpresso-ide/ide/tools/bin/../lib/gcc/arm-none-eabi/7.2.1/../../../../arm-none-eabi/lib/thumb/v7e-m/fpv4-sp/softfp/libcr_c.a(_fdopen.o)
                              /usr/local/mcuxpresso-ide/ide/tools/bin/../lib/gcc/arm-none-eabi/7.2.1/../../../../arm-none-eabi/lib/thumb/v7e-m/fpv4-sp/softfp/libcr_c.a(initio.o) (_fdopen)
/usr/local/mcuxpresso-ide/ide/tools/bin/../lib/gcc/arm-none-eabi/7.2.1/../../../../arm-none-eabi/lib/thumb/v7e-m/fpv4-sp/softfp/libcr_c.a(fclose.o)
[...]
Memory Configuration

Name             Origin             Length             Attributes
MFlashA512       0x000000001a000000 0x0000000000080000 xr
MFlashB512       0x000000001b000000 0x0000000000080000 xr
RamLoc32         0x0000000010000000 0x0000000000008000 xrw
RamLoc40         0x0000000010080000 0x000000000000a000 xrw
RamAHB32         0x0000000020000000 0x0000000000008000 xrw
RamAHB16         0x0000000020008000 0x0000000000004000 xrw
RamAHB_ETB16     0x000000002000c000 0x0000000000004000 xrw
*default*        0x0000000000000000 0xffffffffffffffff

Linker script and memory map

LOAD ./src/cdc_desc.o
LOAD ./src/cdc_vcom.o
LOAD ./src/cr_startup_lpc43xx.o
LOAD ./src/ssp.o
LOAD ./src/sysinit.o
LOAD /home/jesse/Sync/RockSAT Vibe Iso/rocksat_workspace/lpc_board_nxp_lpcxpresso_4337/Debug/liblpc_board_nxp_lpcxpresso_4337.a
LOAD /home/jesse/Sync/RockSAT Vibe Iso/rocksat_workspace/lpc_chip_43xx/Debug/liblpc_chip_43xx.a
START GROUP
LOAD /usr/local/mcuxpresso-ide/ide/tools/bin/../lib/gcc/arm-none-eabi/7.2.1/../../../../arm-none-eabi/lib/thumb/v7e-m/fpv4-sp/softfp/libcr_nohost.a
LOAD /usr/local/mcuxpresso-ide/ide/tools/bin/../lib/gcc/arm-none-eabi/7.2.1/../../../../arm-none-eabi/lib/thumb/v7e-m/fpv4-sp/softfp/libcr_c.a
LOAD /usr/local/mcuxpresso-ide/ide/tools/bin/../lib/gcc/arm-none-eabi/7.2.1/thumb/v7e-m/fpv4-sp/softfp/libcr_eabihelpers.a
END GROUP
                0x000000001a000000                __base_MFlashA512 = 0x1a000000
                0x000000001a000000                __base_Flash = 0x1a000000
                0x000000001a080000                __top_MFlashA512 = 0x1a080000
                0x000000001a080000                __top_Flash = 0x1a080000
                0x000000001b000000                __base_MFlashB512 = 0x1b000000
                0x000000001b000000                __base_Flash2 = 0x1b000000
                0x000000001b080000                __top_MFlashB512 = 0x1b080000
                0x000000001b080000                __top_Flash2 = 0x1b080000
                0x0000000010000000                __base_RamLoc32 = 0x10000000
                0x0000000010000000                __base_RAM = 0x10000000
                0x0000000010008000                __top_RamLoc32 = 0x10008000
                0x0000000010008000                __top_RAM = 0x10008000
                0x0000000010080000                __base_RamLoc40 = 0x10080000
                0x0000000010080000                __base_RAM2 = 0x10080000
                0x000000001008a000                __top_RamLoc40 = 0x1008a000
                0x000000001008a000                __top_RAM2 = 0x1008a000
                0x0000000020000000                __base_RamAHB32 = 0x20000000
                0x0000000020000000                __base_RAM3 = 0x20000000
                0x0000000020008000                __top_RamAHB32 = 0x20008000
                0x0000000020008000                __top_RAM3 = 0x20008000
                0x0000000020008000                __base_RamAHB16 = 0x20008000
                0x0000000020008000                __base_RAM4 = 0x20008000
                0x000000002000c000                __top_RamAHB16 = 0x2000c000
                0x000000002000c000                __top_RAM4 = 0x2000c000
                0x000000002000c000                __base_RamAHB_ETB16 = 0x2000c000
                0x000000002000c000                __base_RAM5 = 0x2000c000
                0x0000000020010000                __top_RamAHB_ETB16 = 0x20010000
                0x0000000020010000                __top_RAM5 = 0x20010000

.text_Flash2    0x000000001b000000        0x0
 FILL mask 0xff
 *(.text_Flash2*)
 *(.text_MFlashB512*)
 *(.text.$Flash2*)
 *(.text.$MFlashB512*)
 *(.rodata.$Flash2*)
 *(.rodata.$MFlashB512*)

.text           0x000000001a000000     0x37c8
 FILL mask 0xff
                0x000000001a000000                __vectors_start__ = ABSOLUTE (.)
 *(.isr_vector)
 .isr_vector    0x000000001a000000      0x114 ./src/cr_startup_lpc43xx.o
                0x000000001a000000                g_pfnVectors
                0x000000001a000114                . = ALIGN (0x4)
                0x000000001a000114                __section_table_start = .
                0x000000001a000114                __data_section_table = .
                0x000000001a000114        0x4 LONG 0x1a0037c8 LOADADDR (.data)
                0x000000001a000118        0x4 LONG 0x10000000 ADDR (.data)
                0x000000001a00011c        0x4 LONG 0x98 SIZEOF (.data)
                0x000000001a000120        0x4 LONG 0x1a0037c8 LOADADDR (.data_RAM2)
                0x000000001a000124        0x4 LONG 0x10080000 ADDR (.data_RAM2)
                0x000000001a000128        0x4 LONG 0x0 SIZEOF (.data_RAM2)
                0x000000001a00012c        0x4 LONG 0x1a0037c8 LOADADDR (.data_RAM3)
                0x000000001a000130        0x4 LONG 0x20000000 ADDR (.data_RAM3)
                0x000000001a000134        0x4 LONG 0x0 SIZEOF (.data_RAM3)
                0x000000001a000138        0x4 LONG 0x1a0037c8 LOADADDR (.data_RAM4)
                0x000000001a00013c        0x4 LONG 0x20008000 ADDR (.data_RAM4)
                0x000000001a000140        0x4 LONG 0x0 SIZEOF (.data_RAM4)
                0x000000001a000144        0x4 LONG 0x1a0037c8 LOADADDR (.data_RAM5)
                0x000000001a000148        0x4 LONG 0x2000c000 ADDR (.data_RAM5)
                0x000000001a00014c        0x4 LONG 0x0 SIZEOF (.data_RAM5)
                0x000000001a000150                __data_section_table_end = .
                0x000000001a000150                __bss_section_table = .
                0x000000001a000150        0x4 LONG 0x10000098 ADDR (.bss)
                0x000000001a000154        0x4 LONG 0x460 SIZEOF (.bss)
                0x000000001a000158        0x4 LONG 0x10080000 ADDR (.bss_RAM2)
                0x000000001a00015c        0x4 LONG 0x0 SIZEOF (.bss_RAM2)
                0x000000001a000160        0x4 LONG 0x20000000 ADDR (.bss_RAM3)
                0x000000001a000164        0x4 LONG 0x0 SIZEOF (.bss_RAM3)
                0x000000001a000168        0x4 LONG 0x20008000 ADDR (.bss_RAM4)
                0x000000001a00016c        0x4 LONG 0x0 SIZEOF (.bss_RAM4)
                0x000000001a000170        0x4 LONG 0x2000c000 ADDR (.bss_RAM5)
                0x000000001a000174        0x4 LONG 0x0 SIZEOF (.bss_RAM5)
                0x000000001a000178                __bss_section_table_end = .
                0x000000001a000178                __section_table_end = .
 *(.after_vectors*)
 .after_vectors
                0x000000001a000178       0xb8 ./src/cr_startup_lpc43xx.o
                0x000000001a000178                data_init
                0x000000001a0001bc                bss_init
                0x000000001a0001f4                NMI_Handler
                0x000000001a0001fa                HardFault_Handler
                0x000000001a000200                MemManage_Handler
                0x000000001a000206                BusFault_Handler
                0x000000001a00020c                UsageFault_Handler
                0x000000001a000212                SVC_Handler
                0x000000001a000218                DebugMon_Handler
                0x000000001a00021e                PendSV_Handler
                0x000000001a00022a                TIMER2_IRQHandler
                0x000000001a00022a                RIT_IRQHandler
                0x000000001a00022a                ADCHS_IRQHandler
                0x000000001a00022a                FLASH_EEPROM_IRQHandler
                0x000000001a00022a                I2C0_IRQHandler
                0x000000001a00022a                SDIO_IRQHandler
                0x000000001a00022a                ATIMER_IRQHandler
                0x000000001a00022a                I2C1_IRQHandler
                0x000000001a00022a                UART1_IRQHandler
                0x000000001a00022a                GPIO5_IRQHandler
                0x000000001a00022a                CAN1_IRQHandler
                0x000000001a00022a                USB1_IRQHandler
                0x000000001a00022a                I2S0_IRQHandler
                0x000000001a00022a                TIMER3_IRQHandler
                0x000000001a00022a                UART0_IRQHandler
                0x000000001a00022a                SGPIO_IRQHandler
                0x000000001a00022a                ADC0_IRQHandler
                0x000000001a00022a                GPIO6_IRQHandler
                0x000000001a00022a                IntDefaultHandler
                0x000000001a00022a                GPIO1_IRQHandler
                0x000000001a00022a                SSP0_IRQHandler
                0x000000001a00022a                ADC1_IRQHandler
                0x000000001a00022a                RTC_IRQHandler
                0x000000001a00022a                TIMER0_IRQHandler
                0x000000001a00022a                SPI_IRQHandler
                0x000000001a00022a                LCD_IRQHandler
                0x000000001a00022a                TIMER1_IRQHandler
                0x000000001a00022a                UART2_IRQHandler
                0x000000001a00022a                GPIO2_IRQHandler
                0x000000001a00022a                I2S1_IRQHandler
                0x000000001a00022a                GPIO3_IRQHandler
                0x000000001a00022a                SCT_IRQHandler
                0x000000001a00022a                WDT_IRQHandler
                0x000000001a00022a                GPIO7_IRQHandler
                0x000000001a00022a                SPIFI_IRQHandler
                0x000000001a00022a                QEI_IRQHandler
                0x000000001a00022a                ETH_IRQHandler
                0x000000001a00022a                CAN0_IRQHandler
                0x000000001a00022a                GINT0_IRQHandler
                0x000000001a00022a                DAC_IRQHandler
                0x000000001a00022a                M0SUB_IRQHandler
                0x000000001a00022a                GPIO0_IRQHandler
                0x000000001a00022a                EVRT_IRQHandler
                0x000000001a00022a                UART3_IRQHandler
                0x000000001a00022a                MCPWM_IRQHandler
                0x000000001a00022a                M0APP_IRQHandler
                0x000000001a00022a                GINT1_IRQHandler
                0x000000001a00022a                GPIO4_IRQHandler
 *(.text*)
 .text.NVIC_EnableIRQ
                0x000000001a000230       0x34 ./src/cdc_vcom.o
 .text.NVIC_DisableIRQ
                0x000000001a000264       0x34 ./src/cdc_vcom.o
 .text.VCOM_bulk_in_hdlr
                0x000000001a000298       0x34 ./src/cdc_vcom.o
 .text.VCOM_bulk_out_hdlr
                0x000000001a0002cc       0xe8 ./src/cdc_vcom.o
 .text.VCOM_SetLineCode
                0x000000001a0003b4       0x28 ./src/cdc_vcom.o
 .text.CDC_ep0_override_hdlr
                0x000000001a0003dc      0x104 ./src/cdc_vcom.o
 .text.vcom_init
                0x000000001a0004e0      0x13c ./src/cdc_vcom.o
                0x000000001a0004e0                vcom_init
 .text.vcom_write
                0x000000001a00061c       0x74 ./src/cdc_vcom.o
                0x000000001a00061c                vcom_write
 .text.ResetISR
                0x000000001a000690       0xc4 ./src/cr_startup_lpc43xx.o
                0x000000001a000690                ResetISR
 .text.NVIC_EnableIRQ
                0x000000001a000754       0x34 ./src/ssp.o
 .text.NVIC_DisableIRQ
                0x000000001a000788       0x34 ./src/ssp.o
 .text.NVIC_SetPriority
                0x000000001a0007bc       0x54 ./src/ssp.o
 .text.SysTick_Config
                0x000000001a000810       0x44 ./src/ssp.o
 .text.Chip_SCU_PinMuxSet
                0x000000001a000854       0x34 ./src/ssp.o
 .text.Chip_GPIO_SetPinState
                0x000000001a000888       0x38 ./src/ssp.o
 .text.Chip_GPIO_SetPinDIROutput
                0x000000001a0008c0       0x3e ./src/ssp.o
 .text.Chip_GPIO_SetPinDIRInput
                0x000000001a0008fe       0x40 ./src/ssp.o
 .text.Chip_GPIO_SetPinOutHigh
                0x000000001a00093e       0x32 ./src/ssp.o
 .text.Chip_GPIO_SetPinOutLow
                0x000000001a000970       0x32 ./src/ssp.o
 .text.Chip_SSP_Enable
                0x000000001a0009a2       0x20 ./src/ssp.o
 .text.Chip_SSP_Int_Enable
                0x000000001a0009c2       0x20 ./src/ssp.o
 .text.Chip_SSP_Int_Disable
                0x000000001a0009e2       0x20 ./src/ssp.o
 .text.Chip_SSP_SetFormat
                0x000000001a000a02       0x32 ./src/ssp.o
 .text.vcom_connected
                0x000000001a000a34       0x1c ./src/ssp.o
 .text.set_chip_select
                0x000000001a000a50       0x94 ./src/ssp.o
                0x000000001a000a50                set_chip_select
 .text.SIT_Pin_Setup
                0x000000001a000ae4       0xd4 ./src/ssp.o
                0x000000001a000ae4                SIT_Pin_Setup
 .text.start_conversion
                0x000000001a000bb8       0x18 ./src/ssp.o
                0x000000001a000bb8                start_conversion
 .text.finish_conversion
                0x000000001a000bd0       0x18 ./src/ssp.o
                0x000000001a000bd0                finish_conversion
 .text.EP0_patch
                0x000000001a000be8       0x54 ./src/ssp.o
                0x000000001a000be8                EP0_patch
 .text.USB0_IRQHandler
                0x000000001a000c3c       0x20 ./src/ssp.o
                0x000000001a000c3c                USB0_IRQHandler
 .text.find_IntfDesc
                0x000000001a000c5c       0x5e ./src/ssp.o
                0x000000001a000c5c                find_IntfDesc
 *fill*         0x000000001a000cba        0x2 ff
 .text.SysTick_Handler
                0x000000001a000cbc       0x1c ./src/ssp.o
                0x000000001a000cbc                SysTick_Handler
 .text.SSP1_IRQHandler
                0x000000001a000cd8       0x60 ./src/ssp.o
                0x000000001a000cd8                SSP1_IRQHandler
 .text.DMA_IRQHandler
                0x000000001a000d38       0x4c ./src/ssp.o
                0x000000001a000d38                DMA_IRQHandler
 .text.ADC_read
                0x000000001a000d84       0x98 ./src/ssp.o
                0x000000001a000d84                ADC_read
 .text.ADC_setup
                0x000000001a000e1c       0x74 ./src/ssp.o
                0x000000001a000e1c                ADC_setup
 .text.delay_ticks
                0x000000001a000e90       0x38 ./src/ssp.o
                0x000000001a000e90                delay_ticks
 .text.read_accel
                0x000000001a000ec8       0x6c ./src/ssp.o
                0x000000001a000ec8                read_accel
 .text.set_LED_color
                0x000000001a000f34       0x86 ./src/ssp.o
                0x000000001a000f34                set_LED_color
 *fill*         0x000000001a000fba        0x2 ff
 .text.finished_usb
                0x000000001a000fbc       0x18 ./src/ssp.o
                0x000000001a000fbc                finished_usb
 .text.main     0x000000001a000fd4      0x1cc ./src/ssp.o
                0x000000001a000fd4                main
 .text.SystemInit
                0x000000001a0011a0       0x28 ./src/sysinit.o
                0x000000001a0011a0                SystemInit
 .text.Chip_SCU_PinMuxSet
                0x000000001a0011c8       0x34 /home/jesse/Sync/RockSAT Vibe Iso/rocksat_workspace/lpc_board_nxp_lpcxpresso_4337/Debug/liblpc_board_nxp_lpcxpresso_4337.a(board.o)
 .text.Chip_ENET_RMIIEnable
                0x000000001a0011fc       0x28 /home/jesse/Sync/RockSAT Vibe Iso/rocksat_workspace/lpc_board_nxp_lpcxpresso_4337/Debug/liblpc_board_nxp_lpcxpresso_4337.a(board.o)
 .text.Chip_GPIO_SetPinState
                0x000000001a001224       0x38 /home/jesse/Sync/RockSAT Vibe Iso/rocksat_workspace/lpc_board_nxp_lpcxpresso_4337/Debug/liblpc_board_nxp_lpcxpresso_4337.a(board.o)
 .text.Chip_GPIO_SetPinDIROutput
                0x000000001a00125c       0x3e /home/jesse/Sync/RockSAT Vibe Iso/rocksat_workspace/lpc_board_nxp_lpcxpresso_4337/Debug/liblpc_board_nxp_lpcxpresso_4337.a(board.o)
 .text.Chip_UART_TXEnable
                0x000000001a00129a       0x1a /home/jesse/Sync/RockSAT Vibe Iso/rocksat_workspace/lpc_board_nxp_lpcxpresso_4337/Debug/liblpc_board_nxp_lpcxpresso_4337.a(board.o)
 .text.Chip_UART_SendByte
                0x000000001a0012b4       0x1e /home/jesse/Sync/RockSAT Vibe Iso/rocksat_workspace/lpc_board_nxp_lpcxpresso_4337/Debug/liblpc_board_nxp_lpcxpresso_4337.a(board.o)
 .text.Chip_UART_ConfigData
                0x000000001a0012d2       0x1c /home/jesse/Sync/RockSAT Vibe Iso/rocksat_workspace/lpc_board_nxp_lpcxpresso_4337/Debug/liblpc_board_nxp_lpcxpresso_4337.a(board.o)
 .text.Chip_UART_ReadLineStatus
                0x000000001a0012ee       0x18 /home/jesse/Sync/RockSAT Vibe Iso/rocksat_workspace/lpc_board_nxp_lpcxpresso_4337/Debug/liblpc_board_nxp_lpcxpresso_4337.a(board.o)
 .text.__sys_write
                0x000000001a001306       0x38 /home/jesse/Sync/RockSAT Vibe Iso/rocksat_workspace/lpc_board_nxp_lpcxpresso_4337/Debug/liblpc_board_nxp_lpcxpresso_4337.a(board.o)
                0x000000001a001306                __sys_write
 .text.Board_UART_Init
                0x000000001a00133e       0x24 /home/jesse/Sync/RockSAT Vibe Iso/rocksat_workspace/lpc_board_nxp_lpcxpresso_4337/Debug/liblpc_board_nxp_lpcxpresso_4337.a(board.o)
                0x000000001a00133e                Board_UART_Init
 *fill*         0x000000001a001362        0x2 ff
 .text.Board_Debug_Init
                0x000000001a001364       0x30 /home/jesse/Sync/RockSAT Vibe Iso/rocksat_workspace/lpc_board_nxp_lpcxpresso_4337/Debug/liblpc_board_nxp_lpcxpresso_4337.a(board.o)
                0x000000001a001364                Board_Debug_Init
 .text.Board_UARTPutChar
                0x000000001a001394       0x34 /home/jesse/Sync/RockSAT Vibe Iso/rocksat_workspace/lpc_board_nxp_lpcxpresso_4337/Debug/liblpc_board_nxp_lpcxpresso_4337.a(board.o)
                0x000000001a001394                Board_UARTPutChar
 .text.Board_UARTPutSTR
                0x000000001a0013c8       0x28 /home/jesse/Sync/RockSAT Vibe Iso/rocksat_workspace/lpc_board_nxp_lpcxpresso_4337/Debug/liblpc_board_nxp_lpcxpresso_4337.a(board.o)
                0x000000001a0013c8                Board_UARTPutSTR
 .text.Board_LED_Init
                0x000000001a0013f0       0x5c /home/jesse/Sync/RockSAT Vibe Iso/rocksat_workspace/lpc_board_nxp_lpcxpresso_4337/Debug/liblpc_board_nxp_lpcxpresso_4337.a(board.o)
 .text.Board_LED_Set
                0x000000001a00144c       0x48 /home/jesse/Sync/RockSAT Vibe Iso/rocksat_workspace/lpc_board_nxp_lpcxpresso_4337/Debug/liblpc_board_nxp_lpcxpresso_4337.a(board.o)
                0x000000001a00144c                Board_LED_Set
 .text.Board_Init
                0x000000001a001494       0x24 /home/jesse/Sync/RockSAT Vibe Iso/rocksat_workspace/lpc_board_nxp_lpcxpresso_4337/Debug/liblpc_board_nxp_lpcxpresso_4337.a(board.o)
                0x000000001a001494                Board_Init
 .text.Board_SSP_Init
                0x000000001a0014b8       0x6c /home/jesse/Sync/RockSAT Vibe Iso/rocksat_workspace/lpc_board_nxp_lpcxpresso_4337/Debug/liblpc_board_nxp_lpcxpresso_4337.a(board.o)
                0x000000001a0014b8                Board_SSP_Init
 .text.Chip_SCU_PinMuxSet
                0x000000001a001524       0x34 /home/jesse/Sync/RockSAT Vibe Iso/rocksat_workspace/lpc_board_nxp_lpcxpresso_4337/Debug/liblpc_board_nxp_lpcxpresso_4337.a(board_sysinit.o)
 .text.Chip_SCU_SetPinMuxing
                0x000000001a001558       0x4a /home/jesse/Sync/RockSAT Vibe Iso/rocksat_workspace/lpc_board_nxp_lpcxpresso_4337/Debug/liblpc_board_nxp_lpcxpresso_4337.a(board_sysinit.o)
 *fill*         0x000000001a0015a2        0x2 ff
 .text.Chip_CREG_SetFlashAcceleration
                0x000000001a0015a4       0x54 /home/jesse/Sync/RockSAT Vibe Iso/rocksat_workspace/lpc_board_nxp_lpcxpresso_4337/Debug/liblpc_board_nxp_lpcxpresso_4337.a(board_sysinit.o)
 .text.Board_SetupMuxing
                0x000000001a0015f8       0x14 /home/jesse/Sync/RockSAT Vibe Iso/rocksat_workspace/lpc_board_nxp_lpcxpresso_4337/Debug/liblpc_board_nxp_lpcxpresso_4337.a(board_sysinit.o)
                0x000000001a0015f8                Board_SetupMuxing
 .text.Board_SetupClocking
                0x000000001a00160c       0x9c /home/jesse/Sync/RockSAT Vibe Iso/rocksat_workspace/lpc_board_nxp_lpcxpresso_4337/Debug/liblpc_board_nxp_lpcxpresso_4337.a(board_sysinit.o)
                0x000000001a00160c                Board_SetupClocking
 .text.Board_SystemInit
                0x000000001a0016a8       0x10 /home/jesse/Sync/RockSAT Vibe Iso/rocksat_workspace/lpc_board_nxp_lpcxpresso_4337/Debug/liblpc_board_nxp_lpcxpresso_4337.a(board_sysinit.o)
                0x000000001a0016a8                Board_SystemInit
 .text.Chip_CREG_EnableUSB0Phy
                0x000000001a0016b8       0x20 /home/jesse/Sync/RockSAT Vibe Iso/rocksat_workspace/lpc_chip_43xx/Debug/liblpc_chip_43xx.a(chip_18xx_43xx.o)
 .text.Chip_USB_PllSetup
                0x000000001a0016d8       0x44 /home/jesse/Sync/RockSAT Vibe Iso/rocksat_workspace/lpc_chip_43xx/Debug/liblpc_chip_43xx.a(chip_18xx_43xx.o)
 .text.Chip_USB0_Init
                0x000000001a00171c       0x2e /home/jesse/Sync/RockSAT Vibe Iso/rocksat_workspace/lpc_chip_43xx/Debug/liblpc_chip_43xx.a(chip_18xx_43xx.o)
                0x000000001a00171c                Chip_USB0_Init
 *fill*         0x000000001a00174a        0x2 ff
 .text.SystemCoreClockUpdate
                0x000000001a00174c       0x18 /home/jesse/Sync/RockSAT Vibe Iso/rocksat_workspace/lpc_chip_43xx/Debug/liblpc_chip_43xx.a(chip_18xx_43xx.o)
                0x000000001a00174c                SystemCoreClockUpdate
 .text.ABS      0x000000001a001764       0x22 /home/jesse/Sync/RockSAT Vibe Iso/rocksat_workspace/lpc_chip_43xx/Debug/liblpc_chip_43xx.a(clock_18xx_43xx.o)
 *fill*         0x000000001a001786        0x2 ff
 .text.pll_calc_divs
                0x000000001a001788      0x124 /home/jesse/Sync/RockSAT Vibe Iso/rocksat_workspace/lpc_chip_43xx/Debug/liblpc_chip_43xx.a(clock_18xx_43xx.o)
 .text.pll_get_frac
                0x000000001a0018ac      0x180 /home/jesse/Sync/RockSAT Vibe Iso/rocksat_workspace/lpc_chip_43xx/Debug/liblpc_chip_43xx.a(clock_18xx_43xx.o)
 .text.Chip_Clock_GetDivRate
                0x000000001a001a2c       0x40 /home/jesse/Sync/RockSAT Vibe Iso/rocksat_workspace/lpc_chip_43xx/Debug/liblpc_chip_43xx.a(clock_18xx_43xx.o)
 .text.Chip_Clock_FindBaseClock
                0x000000001a001a6c       0x90 /home/jesse/Sync/RockSAT Vibe Iso/rocksat_workspace/lpc_chip_43xx/Debug/liblpc_chip_43xx.a(clock_18xx_43xx.o)
 .text.Chip_Clock_EnableCrystal
                0x000000001a001afc       0x70 /home/jesse/Sync/RockSAT Vibe Iso/rocksat_workspace/lpc_chip_43xx/Debug/liblpc_chip_43xx.a(clock_18xx_43xx.o)
                0x000000001a001afc                Chip_Clock_EnableCrystal
 .text.Chip_Clock_CalcMainPLLValue
                0x000000001a001b6c       0xd8 /home/jesse/Sync/RockSAT Vibe Iso/rocksat_workspace/lpc_chip_43xx/Debug/liblpc_chip_43xx.a(clock_18xx_43xx.o)
                0x000000001a001b6c                Chip_Clock_CalcMainPLLValue
 .text.Chip_Clock_GetMainPLLHz
                0x000000001a001c44       0xc0 /home/jesse/Sync/RockSAT Vibe Iso/rocksat_workspace/lpc_chip_43xx/Debug/liblpc_chip_43xx.a(clock_18xx_43xx.o)
                0x000000001a001c44                Chip_Clock_GetMainPLLHz
 .text.Chip_Clock_GetDividerSource
                0x000000001a001d04       0x40 /home/jesse/Sync/RockSAT Vibe Iso/rocksat_workspace/lpc_chip_43xx/Debug/liblpc_chip_43xx.a(clock_18xx_43xx.o)
                0x000000001a001d04                Chip_Clock_GetDividerSource
 .text.Chip_Clock_GetDividerDivisor
                0x000000001a001d44       0x38 /home/jesse/Sync/RockSAT Vibe Iso/rocksat_workspace/lpc_chip_43xx/Debug/liblpc_chip_43xx.a(clock_18xx_43xx.o)
                0x000000001a001d44                Chip_Clock_GetDividerDivisor
 .text.Chip_Clock_GetClockInputHz
                0x000000001a001d7c      0x140 /home/jesse/Sync/RockSAT Vibe Iso/rocksat_workspace/lpc_chip_43xx/Debug/liblpc_chip_43xx.a(clock_18xx_43xx.o)
                0x000000001a001d7c                Chip_Clock_GetClockInputHz
 .text.Chip_Clock_GetBaseClocktHz
                0x000000001a001ebc       0x24 /home/jesse/Sync/RockSAT Vibe Iso/rocksat_workspace/lpc_chip_43xx/Debug/liblpc_chip_43xx.a(clock_18xx_43xx.o)
                0x000000001a001ebc                Chip_Clock_GetBaseClocktHz
 .text.Chip_Clock_SetBaseClock
                0x000000001a001ee0       0x9c /home/jesse/Sync/RockSAT Vibe Iso/rocksat_workspace/lpc_chip_43xx/Debug/liblpc_chip_43xx.a(clock_18xx_43xx.o)
                0x000000001a001ee0                Chip_Clock_SetBaseClock
 .text.Chip_Clock_EnableBaseClock
                0x000000001a001f7c       0x3c /home/jesse/Sync/RockSAT Vibe Iso/rocksat_workspace/lpc_chip_43xx/Debug/liblpc_chip_43xx.a(clock_18xx_43xx.o)
                0x000000001a001f7c                Chip_Clock_EnableBaseClock
 .text.Chip_Clock_GetBaseClock
                0x000000001a001fb8       0x4c /home/jesse/Sync/RockSAT Vibe Iso/rocksat_workspace/lpc_chip_43xx/Debug/liblpc_chip_43xx.a(clock_18xx_43xx.o)
                0x000000001a001fb8                Chip_Clock_GetBaseClock
 .text.Chip_Clock_EnableOpts
                0x000000001a002004       0x7c /home/jesse/Sync/RockSAT Vibe Iso/rocksat_workspace/lpc_chip_43xx/Debug/liblpc_chip_43xx.a(clock_18xx_43xx.o)
                0x000000001a002004                Chip_Clock_EnableOpts
 .text.Chip_Clock_Enable
                0x000000001a002080       0x60 /home/jesse/Sync/RockSAT Vibe Iso/rocksat_workspace/lpc_chip_43xx/Debug/liblpc_chip_43xx.a(clock_18xx_43xx.o)
                0x000000001a002080                Chip_Clock_Enable
 .text.Chip_Clock_GetRate
                0x000000001a0020e0       0x88 /home/jesse/Sync/RockSAT Vibe Iso/rocksat_workspace/lpc_chip_43xx/Debug/liblpc_chip_43xx.a(clock_18xx_43xx.o)
                0x000000001a0020e0                Chip_Clock_GetRate
 .text.Chip_Clock_SetupPLL
                0x000000001a002168       0x7c /home/jesse/Sync/RockSAT Vibe Iso/rocksat_workspace/lpc_chip_43xx/Debug/liblpc_chip_43xx.a(clock_18xx_43xx.o)
                0x000000001a002168                Chip_Clock_SetupPLL
 .text.Chip_Clock_EnablePLL
                0x000000001a0021e4       0x38 /home/jesse/Sync/RockSAT Vibe Iso/rocksat_workspace/lpc_chip_43xx/Debug/liblpc_chip_43xx.a(clock_18xx_43xx.o)
                0x000000001a0021e4                Chip_Clock_EnablePLL
 .text.Chip_Clock_GetPLLStatus
                0x000000001a00221c       0x28 /home/jesse/Sync/RockSAT Vibe Iso/rocksat_workspace/lpc_chip_43xx/Debug/liblpc_chip_43xx.a(clock_18xx_43xx.o)
                0x000000001a00221c                Chip_Clock_GetPLLStatus
 .text.fpuInit  0x000000001a002244       0x74 /home/jesse/Sync/RockSAT Vibe Iso/rocksat_workspace/lpc_chip_43xx/Debug/liblpc_chip_43xx.a(fpu_init.o)
                0x000000001a002244                fpuInit
 .text.Chip_GPDMA_Init
                0x000000001a0022b8       0x6c /home/jesse/Sync/RockSAT Vibe Iso/rocksat_workspace/lpc_chip_43xx/Debug/liblpc_chip_43xx.a(gpdma_18xx_43xx.o)
                0x000000001a0022b8                Chip_GPDMA_Init
 .text.Chip_GPDMA_Interrupt
                0x000000001a002324       0x6c /home/jesse/Sync/RockSAT Vibe Iso/rocksat_workspace/lpc_chip_43xx/Debug/liblpc_chip_43xx.a(gpdma_18xx_43xx.o)
                0x000000001a002324                Chip_GPDMA_Interrupt
 .text.Chip_GPDMA_IntGetStatus
                0x000000001a002390       0xc0 /home/jesse/Sync/RockSAT Vibe Iso/rocksat_workspace/lpc_chip_43xx/Debug/liblpc_chip_43xx.a(gpdma_18xx_43xx.o)
                0x000000001a002390                Chip_GPDMA_IntGetStatus
 .text.Chip_GPDMA_ClearIntPending
                0x000000001a002450       0x40 /home/jesse/Sync/RockSAT Vibe Iso/rocksat_workspace/lpc_chip_43xx/Debug/liblpc_chip_43xx.a(gpdma_18xx_43xx.o)
                0x000000001a002450                Chip_GPDMA_ClearIntPending
 .text.Chip_GPIO_Init
                0x000000001a002490       0x14 /home/jesse/Sync/RockSAT Vibe Iso/rocksat_workspace/lpc_chip_43xx/Debug/liblpc_chip_43xx.a(gpio_18xx_43xx.o)
                0x000000001a002490                Chip_GPIO_Init
 .text.Chip_SSP_GetStatus
                0x000000001a0024a4       0x2a /home/jesse/Sync/RockSAT Vibe Iso/rocksat_workspace/lpc_chip_43xx/Debug/liblpc_chip_43xx.a(ssp_18xx_43xx.o)
 .text.Chip_SSP_GetRawIntStatus
                0x000000001a0024ce       0x2a /home/jesse/Sync/RockSAT Vibe Iso/rocksat_workspace/lpc_chip_43xx/Debug/liblpc_chip_43xx.a(ssp_18xx_43xx.o)
 .text.Chip_SSP_GetDataSize
                0x000000001a0024f8       0x20 /home/jesse/Sync/RockSAT Vibe Iso/rocksat_workspace/lpc_chip_43xx/Debug/liblpc_chip_43xx.a(ssp_18xx_43xx.o)
 .text.Chip_SSP_ClearIntPending
                0x000000001a002518       0x1e /home/jesse/Sync/RockSAT Vibe Iso/rocksat_workspace/lpc_chip_43xx/Debug/liblpc_chip_43xx.a(ssp_18xx_43xx.o)
 .text.Chip_SSP_ReceiveFrame
                0x000000001a002536       0x1a /home/jesse/Sync/RockSAT Vibe Iso/rocksat_workspace/lpc_chip_43xx/Debug/liblpc_chip_43xx.a(ssp_18xx_43xx.o)
 .text.Chip_SSP_SendFrame
                0x000000001a002550       0x1e /home/jesse/Sync/RockSAT Vibe Iso/rocksat_workspace/lpc_chip_43xx/Debug/liblpc_chip_43xx.a(ssp_18xx_43xx.o)
 .text.Chip_SSP_SetFormat
                0x000000001a00256e       0x32 /home/jesse/Sync/RockSAT Vibe Iso/rocksat_workspace/lpc_chip_43xx/Debug/liblpc_chip_43xx.a(ssp_18xx_43xx.o)
 .text.Chip_SSP_Set_Mode
                0x000000001a0025a0       0x26 /home/jesse/Sync/RockSAT Vibe Iso/rocksat_workspace/lpc_chip_43xx/Debug/liblpc_chip_43xx.a(ssp_18xx_43xx.o)
 .text.SSP_Write2BFifo
                0x000000001a0025c6       0x46 /home/jesse/Sync/RockSAT Vibe Iso/rocksat_workspace/lpc_chip_43xx/Debug/liblpc_chip_43xx.a(ssp_18xx_43xx.o)
 .text.SSP_Write1BFifo
                0x000000001a00260c       0x46 /home/jesse/Sync/RockSAT Vibe Iso/rocksat_workspace/lpc_chip_43xx/Debug/liblpc_chip_43xx.a(ssp_18xx_43xx.o)
 .text.SSP_Read2BFifo
                0x000000001a002652       0x5c /home/jesse/Sync/RockSAT Vibe Iso/rocksat_workspace/lpc_chip_43xx/Debug/liblpc_chip_43xx.a(ssp_18xx_43xx.o)
 .text.SSP_Read1BFifo
                0x000000001a0026ae       0x5c /home/jesse/Sync/RockSAT Vibe Iso/rocksat_workspace/lpc_chip_43xx/Debug/liblpc_chip_43xx.a(ssp_18xx_43xx.o)
 *fill*         0x000000001a00270a        0x2 ff
 .text.Chip_SSP_GetClockIndex
                0x000000001a00270c       0x2c /home/jesse/Sync/RockSAT Vibe Iso/rocksat_workspace/lpc_chip_43xx/Debug/liblpc_chip_43xx.a(ssp_18xx_43xx.o)
 .text.Chip_SSP_GetPeriphClockIndex
                0x000000001a002738       0x30 /home/jesse/Sync/RockSAT Vibe Iso/rocksat_workspace/lpc_chip_43xx/Debug/liblpc_chip_43xx.a(ssp_18xx_43xx.o)
 .text.Chip_SSP_SetClockRate
                0x000000001a002768       0x36 /home/jesse/Sync/RockSAT Vibe Iso/rocksat_workspace/lpc_chip_43xx/Debug/liblpc_chip_43xx.a(ssp_18xx_43xx.o)
                0x000000001a002768                Chip_SSP_SetClockRate
 .text.Chip_SSP_RWFrames_Blocking
                0x000000001a00279e      0x106 /home/jesse/Sync/RockSAT Vibe Iso/rocksat_workspace/lpc_chip_43xx/Debug/liblpc_chip_43xx.a(ssp_18xx_43xx.o)
                0x000000001a00279e                Chip_SSP_RWFrames_Blocking
 .text.Chip_SSP_Int_RWFrames8Bits
                0x000000001a0028a4       0x88 /home/jesse/Sync/RockSAT Vibe Iso/rocksat_workspace/lpc_chip_43xx/Debug/liblpc_chip_43xx.a(ssp_18xx_43xx.o)
                0x000000001a0028a4                Chip_SSP_Int_RWFrames8Bits
 .text.Chip_SSP_Int_RWFrames16Bits
                0x000000001a00292c       0x88 /home/jesse/Sync/RockSAT Vibe Iso/rocksat_workspace/lpc_chip_43xx/Debug/liblpc_chip_43xx.a(ssp_18xx_43xx.o)
                0x000000001a00292c                Chip_SSP_Int_RWFrames16Bits
 .text.Chip_SSP_SetBitRate
                0x000000001a0029b4       0x74 /home/jesse/Sync/RockSAT Vibe Iso/rocksat_workspace/lpc_chip_43xx/Debug/liblpc_chip_43xx.a(ssp_18xx_43xx.o)
                0x000000001a0029b4                Chip_SSP_SetBitRate
 .text.Chip_SSP_Init
                0x000000001a002a28       0x4c /home/jesse/Sync/RockSAT Vibe Iso/rocksat_workspace/lpc_chip_43xx/Debug/liblpc_chip_43xx.a(ssp_18xx_43xx.o)
                0x000000001a002a28                Chip_SSP_Init
 .text.Chip_Clock_DisableMainPLL
                0x000000001a002a74       0x20 /home/jesse/Sync/RockSAT Vibe Iso/rocksat_workspace/lpc_chip_43xx/Debug/liblpc_chip_43xx.a(sysinit_18xx_43xx.o)
 .text.Chip_Clock_SetupMainPLL
                0x000000001a002a94       0x48 /home/jesse/Sync/RockSAT Vibe Iso/rocksat_workspace/lpc_chip_43xx/Debug/liblpc_chip_43xx.a(sysinit_18xx_43xx.o)
 .text.Chip_Clock_MainPLLLocked
                0x000000001a002adc       0x24 /home/jesse/Sync/RockSAT Vibe Iso/rocksat_workspace/lpc_chip_43xx/Debug/liblpc_chip_43xx.a(sysinit_18xx_43xx.o)
 .text.Chip_SetupCoreClock
                0x000000001a002b00      0x148 /home/jesse/Sync/RockSAT Vibe Iso/rocksat_workspace/lpc_chip_43xx/Debug/liblpc_chip_43xx.a(sysinit_18xx_43xx.o)
                0x000000001a002b00                Chip_SetupCoreClock
 .text.Chip_UART_TXDisable
                0x000000001a002c48       0x1a /home/jesse/Sync/RockSAT Vibe Iso/rocksat_workspace/lpc_chip_43xx/Debug/liblpc_chip_43xx.a(uart_18xx_43xx.o)
 .text.Chip_UART_SetupFIFOS
                0x000000001a002c62       0x1c /home/jesse/Sync/RockSAT Vibe Iso/rocksat_workspace/lpc_chip_43xx/Debug/liblpc_chip_43xx.a(uart_18xx_43xx.o)
 .text.Chip_UART_ConfigData
                0x000000001a002c7e       0x1c /home/jesse/Sync/RockSAT Vibe Iso/rocksat_workspace/lpc_chip_43xx/Debug/liblpc_chip_43xx.a(uart_18xx_43xx.o)
 .text.Chip_UART_EnableDivisorAccess
                0x000000001a002c9a       0x20 /home/jesse/Sync/RockSAT Vibe Iso/rocksat_workspace/lpc_chip_43xx/Debug/liblpc_chip_43xx.a(uart_18xx_43xx.o)
 .text.Chip_UART_DisableDivisorAccess
                0x000000001a002cba       0x20 /home/jesse/Sync/RockSAT Vibe Iso/rocksat_workspace/lpc_chip_43xx/Debug/liblpc_chip_43xx.a(uart_18xx_43xx.o)
 .text.Chip_UART_SetDivisorLatches
                0x000000001a002cda       0x28 /home/jesse/Sync/RockSAT Vibe Iso/rocksat_workspace/lpc_chip_43xx/Debug/liblpc_chip_43xx.a(uart_18xx_43xx.o)
 *fill*         0x000000001a002d02        0x2 ff
 .text.Chip_UART_GetIndex
                0x000000001a002d04       0x60 /home/jesse/Sync/RockSAT Vibe Iso/rocksat_workspace/lpc_chip_43xx/Debug/liblpc_chip_43xx.a(uart_18xx_43xx.o)
 .text.Chip_UART_Init
                0x000000001a002d64       0x84 /home/jesse/Sync/RockSAT Vibe Iso/rocksat_workspace/lpc_chip_43xx/Debug/liblpc_chip_43xx.a(uart_18xx_43xx.o)
                0x000000001a002d64                Chip_UART_Init
 .text.Chip_UART_SetBaudFDR
                0x000000001a002de8      0x16c /home/jesse/Sync/RockSAT Vibe Iso/rocksat_workspace/lpc_chip_43xx/Debug/liblpc_chip_43xx.a(uart_18xx_43xx.o)
                0x000000001a002de8                Chip_UART_SetBaudFDR
 .text.__main   0x000000001a002f54        0xe /usr/local/mcuxpresso-ide/ide/tools/bin/../lib/gcc/arm-none-eabi/7.2.1/../../../../arm-none-eabi/lib/thumb/v7e-m/fpv4-sp/softfp/libcr_nohost.a(_cr__main.o)
                0x000000001a002f54                __main
 .text.memset   0x000000001a002f62        0x4 /usr/local/mcuxpresso-ide/ide/tools/bin/../lib/gcc/arm-none-eabi/7.2.1/../../../../arm-none-eabi/lib/thumb/v7e-m/fpv4-sp/softfp/libcr_c.a(memset.o)
                0x000000001a002f62                memset
 *fill*         0x000000001a002f66        0x2 ff
 .text._initio  0x000000001a002f68       0x78 /usr/local/mcuxpresso-ide/ide/tools/bin/../lib/gcc/arm-none-eabi/7.2.1/../../../../arm-none-eabi/lib/thumb/v7e-m/fpv4-sp/softfp/libcr_c.a(initio.o)
                0x000000001a002f68                _initio
 .text.setvbuf  0x000000001a002fe0       0x40 /usr/local/mcuxpresso-ide/ide/tools/bin/../lib/gcc/arm-none-eabi/7.2.1/../../../../arm-none-eabi/lib/thumb/v7e-m/fpv4-sp/softfp/libcr_c.a(setvbuf.o)
                0x000000001a002fe0                setvbuf
 .text._fdopen  0x000000001a003020       0x68 /usr/local/mcuxpresso-ide/ide/tools/bin/../lib/gcc/arm-none-eabi/7.2.1/../../../../arm-none-eabi/lib/thumb/v7e-m/fpv4-sp/softfp/libcr_c.a(_fdopen.o)
                0x000000001a003020                _fdopen
 .text.fclose   0x000000001a003088       0x58 /usr/local/mcuxpresso-ide/ide/tools/bin/../lib/gcc/arm-none-eabi/7.2.1/../../../../arm-none-eabi/lib/thumb/v7e-m/fpv4-sp/softfp/libcr_c.a(fclose.o)
                0x000000001a003088                fclose
 .text.fflush   0x000000001a0030e0       0x44 /usr/local/mcuxpresso-ide/ide/tools/bin/../lib/gcc/arm-none-eabi/7.2.1/../../../../arm-none-eabi/lib/thumb/v7e-m/fpv4-sp/softfp/libcr_c.a(fflush.o)
                0x000000001a0030e0                fflush
 .text.fseek    0x000000001a003124      0x100 /usr/local/mcuxpresso-ide/ide/tools/bin/../lib/gcc/arm-none-eabi/7.2.1/../../../../arm-none-eabi/lib/thumb/v7e-m/fpv4-sp/softfp/libcr_c.a(fseek.o)
                0x000000001a003124                fseek
 .text.ftell    0x000000001a003224       0x44 /usr/local/mcuxpresso-ide/ide/tools/bin/../lib/gcc/arm-none-eabi/7.2.1/../../../../arm-none-eabi/lib/thumb/v7e-m/fpv4-sp/softfp/libcr_c.a(ftell.o)
                0x000000001a003224                ftell
 .text.remove   0x000000001a003268       0x14 /usr/local/mcuxpresso-ide/ide/tools/bin/../lib/gcc/arm-none-eabi/7.2.1/../../../../arm-none-eabi/lib/thumb/v7e-m/fpv4-sp/softfp/libcr_c.a(remove.o)
                0x000000001a003268                remove
 .text.strlen   0x000000001a00327c       0x4a /usr/local/mcuxpresso-ide/ide/tools/bin/../lib/gcc/arm-none-eabi/7.2.1/../../../../arm-none-eabi/lib/thumb/v7e-m/fpv4-sp/softfp/libcr_c.a(strlen.o)
                0x000000001a00327c                strlen
 .text._do_fflush
                0x000000001a0032c6       0x40 /usr/local/mcuxpresso-ide/ide/tools/bin/../lib/gcc/arm-none-eabi/7.2.1/../../../../arm-none-eabi/lib/thumb/v7e-m/fpv4-sp/softfp/libcr_c.a(_do_fflush.o)
                0x000000001a0032c6                _do_fflush
 .text._fflush  0x000000001a003306       0x52 /usr/local/mcuxpresso-ide/ide/tools/bin/../lib/gcc/arm-none-eabi/7.2.1/../../../../arm-none-eabi/lib/thumb/v7e-m/fpv4-sp/softfp/libcr_c.a(_fflush.o)
                0x000000001a003306                _fflush
 .text._Cwritebuf
                0x000000001a003358       0x6c /usr/local/mcuxpresso-ide/ide/tools/bin/../lib/gcc/arm-none-eabi/7.2.1/../../../../arm-none-eabi/lib/thumb/v7e-m/fpv4-sp/softfp/libcr_c.a(_writebuf.o)
                0x000000001a003358                _Cwritebuf
 .text.free     0x000000001a0033c4       0x30 /usr/local/mcuxpresso-ide/ide/tools/bin/../lib/gcc/arm-none-eabi/7.2.1/../../../../arm-none-eabi/lib/thumb/v7e-m/fpv4-sp/softfp/libcr_c.a(alloc.o)
                0x000000001a0033c4                free
 .text._deferredlazyseek
                0x000000001a0033f4       0x40 /usr/local/mcuxpresso-ide/ide/tools/bin/../lib/gcc/arm-none-eabi/7.2.1/../../../../arm-none-eabi/lib/thumb/v7e-m/fpv4-sp/softfp/libcr_c.a(_deferredlazyseek.o)
                0x000000001a0033f4                _deferredlazyseek
 .text.__aeabi_division_uldivmod
                0x000000001a003434      0x174 /usr/local/mcuxpresso-ide/ide/tools/bin/../lib/gcc/arm-none-eabi/7.2.1/thumb/v7e-m/fpv4-sp/softfp/libcr_eabihelpers.a(division_64.o)
                0x000000001a003434                __aeabi_uldivmod
                0x000000001a003438                __bhs_ldivmod1
 .text.__aeabi_division_idiv0
                0x000000001a0035a8        0x2 /usr/local/mcuxpresso-ide/ide/tools/bin/../lib/gcc/arm-none-eabi/7.2.1/thumb/v7e-m/fpv4-sp/softfp/libcr_eabihelpers.a(division_idiv0.o)
                0x000000001a0035a8                __aeabi_idiv0
 .text.__aeabi_memset_lowlevel
                0x000000001a0035aa       0x32 /usr/local/mcuxpresso-ide/ide/tools/bin/../lib/gcc/arm-none-eabi/7.2.1/thumb/v7e-m/fpv4-sp/softfp/libcr_eabihelpers.a(memcpy.o)
                0x000000001a0035aa                __aeabi_lowlevel_memset
 .text.__sys_close
                0x000000001a0035dc        0x6 /usr/local/mcuxpresso-ide/ide/tools/bin/../lib/gcc/arm-none-eabi/7.2.1/../../../../arm-none-eabi/lib/thumb/v7e-m/fpv4-sp/softfp/libcr_nohost.a(__sys_close.o)
                0x000000001a0035dc                __sys_close
 .text.__sys_flen
                0x000000001a0035e2        0x6 /usr/local/mcuxpresso-ide/ide/tools/bin/../lib/gcc/arm-none-eabi/7.2.1/../../../../arm-none-eabi/lib/thumb/v7e-m/fpv4-sp/softfp/libcr_nohost.a(__sys_flen.o)
                0x000000001a0035e2                __sys_flen
 .text.__sys_istty
                0x000000001a0035e8        0x6 /usr/local/mcuxpresso-ide/ide/tools/bin/../lib/gcc/arm-none-eabi/7.2.1/../../../../arm-none-eabi/lib/thumb/v7e-m/fpv4-sp/softfp/libcr_nohost.a(__sys_istty.o)
                0x000000001a0035e8                __sys_istty
 .text.__sys_remove
                0x000000001a0035ee        0x6 /usr/local/mcuxpresso-ide/ide/tools/bin/../lib/gcc/arm-none-eabi/7.2.1/../../../../arm-none-eabi/lib/thumb/v7e-m/fpv4-sp/softfp/libcr_nohost.a(__sys_remove.o)
                0x000000001a0035ee                __sys_remove
 .text.__sys_seek
                0x000000001a0035f4        0x6 /usr/local/mcuxpresso-ide/ide/tools/bin/../lib/gcc/arm-none-eabi/7.2.1/../../../../arm-none-eabi/lib/thumb/v7e-m/fpv4-sp/softfp/libcr_nohost.a(__sys_seek.o)
                0x000000001a0035f4                __sys_seek
 .text.__sys_tmpnam
                0x000000001a0035fa        0x6 /usr/local/mcuxpresso-ide/ide/tools/bin/../lib/gcc/arm-none-eabi/7.2.1/../../../../arm-none-eabi/lib/thumb/v7e-m/fpv4-sp/softfp/libcr_nohost.a(__sys_tmpnam.o)
                0x000000001a0035fa                __sys_tmpnam
 *(.rodata .rodata.* .constdata .constdata.*)
 .rodata.USB_DeviceDescriptor
                0x000000001a003600       0x12 ./src/cdc_desc.o
                0x000000001a003600                USB_DeviceDescriptor
 *fill*         0x000000001a003612        0x2 ff
 .rodata.USB_DeviceQualifier
                0x000000001a003614        0xa ./src/cdc_desc.o
                0x000000001a003614                USB_DeviceQualifier
 *fill*         0x000000001a00361e        0x2 ff
 .rodata.USB_StringDescriptor
                0x000000001a003620       0x38 ./src/cdc_desc.o
                0x000000001a003620                USB_StringDescriptor
 .rodata        0x000000001a003658       0x31 ./src/ssp.o
 *fill*         0x000000001a003689        0x3 ff
 .rodata.ExtRateIn
                0x000000001a00368c        0x4 /home/jesse/Sync/RockSAT Vibe Iso/rocksat_workspace/lpc_board_nxp_lpcxpresso_4337/Debug/liblpc_board_nxp_lpcxpresso_4337.a(board.o)
                0x000000001a00368c                ExtRateIn
 .rodata.OscRateIn
                0x000000001a003690        0x4 /home/jesse/Sync/RockSAT Vibe Iso/rocksat_workspace/lpc_board_nxp_lpcxpresso_4337/Debug/liblpc_board_nxp_lpcxpresso_4337.a(board.o)
                0x000000001a003690                OscRateIn
 .rodata.gpioLEDBits
                0x000000001a003694        0x6 /home/jesse/Sync/RockSAT Vibe Iso/rocksat_workspace/lpc_board_nxp_lpcxpresso_4337/Debug/liblpc_board_nxp_lpcxpresso_4337.a(board.o)
 *fill*         0x000000001a00369a        0x2 ff
 .rodata.InitClkStates
                0x000000001a00369c        0xc /home/jesse/Sync/RockSAT Vibe Iso/rocksat_workspace/lpc_board_nxp_lpcxpresso_4337/Debug/liblpc_board_nxp_lpcxpresso_4337.a(board_sysinit.o)
 .rodata.pinmuxing
                0x000000001a0036a8       0x34 /home/jesse/Sync/RockSAT Vibe Iso/rocksat_workspace/lpc_board_nxp_lpcxpresso_4337/Debug/liblpc_board_nxp_lpcxpresso_4337.a(board_sysinit.o)
 .rodata.usbPLLSetup
                0x000000001a0036dc       0x14 /home/jesse/Sync/RockSAT Vibe Iso/rocksat_workspace/lpc_chip_43xx/Debug/liblpc_chip_43xx.a(chip_18xx_43xx.o)
 .rodata.periph_to_base
                0x000000001a0036f0       0x6c /home/jesse/Sync/RockSAT Vibe Iso/rocksat_workspace/lpc_chip_43xx/Debug/liblpc_chip_43xx.a(clock_18xx_43xx.o)
 .rodata        0x000000001a00375c        0xa /home/jesse/Sync/RockSAT Vibe Iso/rocksat_workspace/lpc_chip_43xx/Debug/liblpc_chip_43xx.a(clock_18xx_43xx.o)
 *fill*         0x000000001a003766        0x2 ff
 .rodata.InitClkStates
                0x000000001a003768       0x48 /home/jesse/Sync/RockSAT Vibe Iso/rocksat_workspace/lpc_chip_43xx/Debug/liblpc_chip_43xx.a(sysinit_18xx_43xx.o)
 .rodata.UART_PClock
                0x000000001a0037b0        0x8 /home/jesse/Sync/RockSAT Vibe Iso/rocksat_workspace/lpc_chip_43xx/Debug/liblpc_chip_43xx.a(uart_18xx_43xx.o)
 .rodata.UART_BClock
                0x000000001a0037b8        0x8 /home/jesse/Sync/RockSAT Vibe Iso/rocksat_workspace/lpc_chip_43xx/Debug/liblpc_chip_43xx.a(uart_18xx_43xx.o)
 .rodata._initio.str1.1
                0x000000001a0037c0        0x4 /usr/local/mcuxpresso-ide/ide/tools/bin/../lib/gcc/arm-none-eabi/7.2.1/../../../../arm-none-eabi/lib/thumb/v7e-m/fpv4-sp/softfp/libcr_c.a(initio.o)
 .rodata.__num_Ciob_streams
                0x000000001a0037c4        0x4 /usr/local/mcuxpresso-ide/ide/tools/bin/../lib/gcc/arm-none-eabi/7.2.1/../../../../arm-none-eabi/lib/thumb/v7e-m/fpv4-sp/softfp/libcr_nohost.a(__ciob.o)
                0x000000001a0037c4                __num_Ciob_streams
                0x000000001a0037c8                . = ALIGN (0x4)

.glue_7         0x000000001a0037c8        0x0
 .glue_7        0x000000001a0037c8        0x0 linker stubs

.glue_7t        0x000000001a0037c8        0x0
 .glue_7t       0x000000001a0037c8        0x0 linker stubs

.vfp11_veneer   0x000000001a0037c8        0x0
 .vfp11_veneer  0x000000001a0037c8        0x0 linker stubs

.v4_bx          0x000000001a0037c8        0x0
 .v4_bx         0x000000001a0037c8        0x0 linker stubs

.iplt           0x000000001a0037c8        0x0
 .iplt          0x000000001a0037c8        0x0 ./src/cdc_desc.o

.rel.dyn        0x000000001a0037c8        0x0
 .rel.iplt      0x000000001a0037c8        0x0 ./src/cdc_desc.o

.ARM.extab
 *(.ARM.extab* .gnu.linkonce.armextab.*)
                0x000000001a0037c8                __exidx_start = .

.ARM.exidx
 *(.ARM.exidx* .gnu.linkonce.armexidx.*)
                0x000000001a0037c8                __exidx_end = .
                0x000000001a0037c8                _etext = .

.data_RAM2      0x0000000010080000        0x0 load address 0x000000001a0037c8
 FILL mask 0xff
                [!provide]                        PROVIDE (__start_data_RAM2, .)
 *(.ramfunc.$RAM2)
 *(.ramfunc.$RamLoc40)
 *(.data.$RAM2*)
 *(.data.$RamLoc40*)
                0x0000000010080000                . = ALIGN (0x4)
                [!provide]                        PROVIDE (__end_data_RAM2, .)

.data_RAM3      0x0000000020000000        0x0 load address 0x000000001a0037c8
 FILL mask 0xff
                [!provide]                        PROVIDE (__start_data_RAM3, .)
 *(.ramfunc.$RAM3)
 *(.ramfunc.$RamAHB32)
 *(.data.$RAM3*)
 *(.data.$RamAHB32*)
                0x0000000020000000                . = ALIGN (0x4)
                [!provide]                        PROVIDE (__end_data_RAM3, .)

.data_RAM4      0x0000000020008000        0x0 load address 0x000000001a0037c8
 FILL mask 0xff
                [!provide]                        PROVIDE (__start_data_RAM4, .)
 *(.ramfunc.$RAM4)
 *(.ramfunc.$RamAHB16)
 *(.data.$RAM4*)
 *(.data.$RamAHB16*)
                0x0000000020008000                . = ALIGN (0x4)
                [!provide]                        PROVIDE (__end_data_RAM4, .)

.data_RAM5      0x000000002000c000        0x0 load address 0x000000001a0037c8
 FILL mask 0xff
                [!provide]                        PROVIDE (__start_data_RAM5, .)
 *(.ramfunc.$RAM5)
 *(.ramfunc.$RamAHB_ETB16)
 *(.data.$RAM5*)
 *(.data.$RamAHB_ETB16*)
                0x000000002000c000                . = ALIGN (0x4)
                [!provide]                        PROVIDE (__end_data_RAM5, .)

.uninit_RESERVED
                0x0000000010000000        0x0
 *(.bss.$RESERVED*)
                0x0000000010000000                . = ALIGN (0x4)
                0x0000000010000000                _end_uninit_RESERVED = .

.data           0x0000000010000000       0x98 load address 0x000000001a0037c8
 FILL mask 0xff
                0x0000000010000000                _data = .
 *(vtable)
 *(.ramfunc*)
 *(.data*)
 .data.USB_FsConfigDescriptor
                0x0000000010000000       0x4c ./src/cdc_desc.o
                0x0000000010000000                USB_FsConfigDescriptor
 .data.USB_HsConfigDescriptor
                0x000000001000004c       0x4c ./src/cdc_desc.o
                0x000000001000004c                USB_HsConfigDescriptor
                0x0000000010000098                . = ALIGN (0x4)
                0x0000000010000098                _edata = .

.igot.plt       0x0000000010000098        0x0 load address 0x000000001a003860
 .igot.plt      0x0000000010000098        0x0 ./src/cdc_desc.o

.bss_RAM2       0x0000000010080000        0x0
                [!provide]                        PROVIDE (__start_bss_RAM2, .)
 *(.bss.$RAM2*)
 *(.bss.$RamLoc40*)
                0x0000000010080000                . = ALIGN ((. != 0x0)?0x4:0x1)
                [!provide]                        PROVIDE (__end_bss_RAM2, .)

.bss_RAM3       0x0000000020000000        0x0
                [!provide]                        PROVIDE (__start_bss_RAM3, .)
 *(.bss.$RAM3*)
 *(.bss.$RamAHB32*)
                0x0000000020000000                . = ALIGN ((. != 0x0)?0x4:0x1)
                [!provide]                        PROVIDE (__end_bss_RAM3, .)

.bss_RAM4       0x0000000020008000        0x0
                [!provide]                        PROVIDE (__start_bss_RAM4, .)
 *(.bss.$RAM4*)
 *(.bss.$RamAHB16*)
                0x0000000020008000                . = ALIGN ((. != 0x0)?0x4:0x1)
                [!provide]                        PROVIDE (__end_bss_RAM4, .)

.bss_RAM5       0x000000002000c000        0x0
                [!provide]                        PROVIDE (__start_bss_RAM5, .)
 *(.bss.$RAM5*)
 *(.bss.$RamAHB_ETB16*)
                0x000000002000c000                . = ALIGN ((. != 0x0)?0x4:0x1)
                [!provide]                        PROVIDE (__end_bss_RAM5, .)

.bss            0x0000000010000098      0x460
                0x0000000010000098                _bss = .
 *(.bss*)
 .bss.g_defaultCdcHdlr
                0x0000000010000098        0x4 ./src/cdc_vcom.o
 .bss.accel_readings
                0x000000001000009c       0x18 ./src/ssp.o
 .bss.g_hUsb    0x00000000100000b4        0x4 ./src/ssp.o
 .bss.g_ep0RxBusy
                0x00000000100000b8        0x4 ./src/ssp.o
 .bss.g_Ep0BaseHdlr
                0x00000000100000bc        0x4 ./src/ssp.o
 .bss.Tx_Buf    0x00000000100000c0      0x100 ./src/ssp.o
 .bss.Rx_Buf    0x00000000100001c0      0x100 ./src/ssp.o
 .bss.ssp_format
                0x00000000100002c0        0x3 ./src/ssp.o
 *fill*         0x00000000100002c3        0x1 
 .bss.xf_setup  0x00000000100002c4       0x14 ./src/ssp.o
 .bss.isXferCompleted
                0x00000000100002d8        0x1 ./src/ssp.o
 .bss.dmaChSSPTx
                0x00000000100002d9        0x1 ./src/ssp.o
 .bss.dmaChSSPRx
                0x00000000100002da        0x1 ./src/ssp.o
 .bss.isDmaTxfCompleted
                0x00000000100002db        0x1 ./src/ssp.o
 .bss.isDmaRxfCompleted
                0x00000000100002dc        0x1 ./src/ssp.o
 *fill*         0x00000000100002dd        0x3 
 .bss.tick_ct   0x00000000100002e0        0x4 ./src/ssp.o
 .bss.sample_num
                0x00000000100002e4        0x4 ./src/ssp.o
                0x00000000100002e4                sample_num
 .bss.audio_usb_pll_freq
                0x00000000100002e8        0x8 /home/jesse/Sync/RockSAT Vibe Iso/rocksat_workspace/lpc_chip_43xx/Debug/liblpc_chip_43xx.a(clock_18xx_43xx.o)
 .bss.ChannelHandlerArray
                0x00000000100002f0        0x8 /home/jesse/Sync/RockSAT Vibe Iso/rocksat_workspace/lpc_chip_43xx/Debug/liblpc_chip_43xx.a(gpdma_18xx_43xx.o)
 .bss.errno     0x00000000100002f8        0x4 /usr/local/mcuxpresso-ide/ide/tools/bin/../lib/gcc/arm-none-eabi/7.2.1/../../../../arm-none-eabi/lib/thumb/v7e-m/fpv4-sp/softfp/libcr_c.a(errno.o)
                0x00000000100002f8                errno
 .bss.__Ciob    0x00000000100002fc      0x1e0 /usr/local/mcuxpresso-ide/ide/tools/bin/../lib/gcc/arm-none-eabi/7.2.1/../../../../arm-none-eabi/lib/thumb/v7e-m/fpv4-sp/softfp/libcr_nohost.a(__ciob.o)
                0x00000000100002fc                __Ciob
 *(COMMON)
 COMMON         0x00000000100004dc       0x14 ./src/cdc_vcom.o
                0x00000000100004dc                g_vCOM
 COMMON         0x00000000100004f0        0x4 ./src/ssp.o
                0x00000000100004f0                g_pUsbApi
 COMMON         0x00000000100004f4        0x4 /home/jesse/Sync/RockSAT Vibe Iso/rocksat_workspace/lpc_chip_43xx/Debug/liblpc_chip_43xx.a(chip_18xx_43xx.o)
                0x00000000100004f4                SystemCoreClock
                0x00000000100004f8                . = ALIGN (0x4)
                0x00000000100004f8                _ebss = .
                [!provide]                        PROVIDE (end, .)

.noinit_RAM2    0x0000000010080000        0x0
 *(.noinit.$RAM2*)
 *(.noinit.$RamLoc40*)
                0x0000000010080000                . = ALIGN (0x4)

.noinit_RAM3    0x0000000020000000        0x0
 *(.noinit.$RAM3*)
 *(.noinit.$RamAHB32*)
                0x0000000020000000                . = ALIGN (0x4)

.noinit_RAM4    0x0000000020008000        0x0
 *(.noinit.$RAM4*)
 *(.noinit.$RamAHB16*)
                0x0000000020008000                . = ALIGN (0x4)

.noinit_RAM5    0x000000002000c000        0x0
 *(.noinit.$RAM5*)
 *(.noinit.$RamAHB_ETB16*)
                0x000000002000c000                . = ALIGN (0x4)

.noinit         0x00000000100004f8        0x0
                0x00000000100004f8                _noinit = .
 *(.noinit*)
                0x00000000100004f8                . = ALIGN (0x4)
                0x00000000100004f8                _end_noinit = .
                0x00000000100004f8                PROVIDE (_pvHeapStart, DEFINED (__user_heap_base)?__user_heap_base:.)
                0x0000000010008000                PROVIDE (_vStackTop, DEFINED (__user_stack_top)?__user_stack_top:(__top_RamLoc32 - 0x0))
                0xffffffff53ff6f6a                PROVIDE (__valid_user_code_checksum, (0x0 - ((((((_vStackTop + (ResetISR + 0x1)) + (NMI_Handler + 0x1)) + (HardFault_Handler + 0x1)) + (DEFINED (MemManage_Handler)?MemManage_Handler:0x0 + 0x1)) + (DEFINED (BusFault_Handler)?BusFault_Handler:0x0 + 0x1)) + (DEFINED (UsageFault_Handler)?UsageFault_Handler:0x0 + 0x1))))
                0x000000001a000000                _image_start = LOADADDR (.text)
                0x000000001a003860                _image_end = (LOADADDR (.data) + SIZEOF (.data))
                0x0000000000003860                _image_size = (_image_end - _image_start)
OUTPUT(LPC_SPI.axf elf32-littlearm)

.debug_info     0x0000000000000000    0x103bd
 .debug_info    0x0000000000000000     0x162e ./src/cdc_desc.o
 .debug_info    0x000000000000162e     0x28b3 ./src/cdc_vcom.o
 .debug_info    0x0000000000003ee1      0x299 ./src/cr_startup_lpc43xx.o
 .debug_info    0x000000000000417a     0x3729 ./src/ssp.o
 .debug_info    0x00000000000078a3      0x232 ./src/sysinit.o
 .debug_info    0x0000000000007ad5     0x1ad3 /home/jesse/Sync/RockSAT Vibe Iso/rocksat_workspace/lpc_board_nxp_lpcxpresso_4337/Debug/liblpc_board_nxp_lpcxpresso_4337.a(board.o)
 .debug_info    0x00000000000095a8      0xd43 /home/jesse/Sync/RockSAT Vibe Iso/rocksat_workspace/lpc_board_nxp_lpcxpresso_4337/Debug/liblpc_board_nxp_lpcxpresso_4337.a(board_sysinit.o)
 .debug_info    0x000000000000a2eb      0xa80 /home/jesse/Sync/RockSAT Vibe Iso/rocksat_workspace/lpc_chip_43xx/Debug/liblpc_chip_43xx.a(chip_18xx_43xx.o)
 .debug_info    0x000000000000ad6b     0x15c3 /home/jesse/Sync/RockSAT Vibe Iso/rocksat_workspace/lpc_chip_43xx/Debug/liblpc_chip_43xx.a(clock_18xx_43xx.o)
 .debug_info    0x000000000000c32e      0x156 /home/jesse/Sync/RockSAT Vibe Iso/rocksat_workspace/lpc_chip_43xx/Debug/liblpc_chip_43xx.a(fpu_init.o)
 .debug_info    0x000000000000c484     0x166d /home/jesse/Sync/RockSAT Vibe Iso/rocksat_workspace/lpc_chip_43xx/Debug/liblpc_chip_43xx.a(gpdma_18xx_43xx.o)
 .debug_info    0x000000000000daf1      0x22f /home/jesse/Sync/RockSAT Vibe Iso/rocksat_workspace/lpc_chip_43xx/Debug/liblpc_chip_43xx.a(gpio_18xx_43xx.o)
 .debug_info    0x000000000000dd20      0xc4d /home/jesse/Sync/RockSAT Vibe Iso/rocksat_workspace/lpc_chip_43xx/Debug/liblpc_chip_43xx.a(ssp_18xx_43xx.o)
 .debug_info    0x000000000000e96d      0x94f /home/jesse/Sync/RockSAT Vibe Iso/rocksat_workspace/lpc_chip_43xx/Debug/liblpc_chip_43xx.a(sysinit_18xx_43xx.o)
 .debug_info    0x000000000000f2bc     0x1101 /home/jesse/Sync/RockSAT Vibe Iso/rocksat_workspace/lpc_chip_43xx/Debug/liblpc_chip_43xx.a(uart_18xx_43xx.o)

.debug_abbrev   0x0000000000000000     0x2051
 .debug_abbrev  0x0000000000000000      0x18c ./src/cdc_desc.o
 .debug_abbrev  0x000000000000018c      0x326 ./src/cdc_vcom.o
 .debug_abbrev  0x00000000000004b2      0x10c ./src/cr_startup_lpc43xx.o
 .debug_abbrev  0x00000000000005be      0x4f9 ./src/ssp.o
 .debug_abbrev  0x0000000000000ab7       0xdd ./src/sysinit.o
 .debug_abbrev  0x0000000000000b94      0x362 /home/jesse/Sync/RockSAT Vibe Iso/rocksat_workspace/lpc_board_nxp_lpcxpresso_4337/Debug/liblpc_board_nxp_lpcxpresso_4337.a(board.o)
 .debug_abbrev  0x0000000000000ef6      0x1f4 /home/jesse/Sync/RockSAT Vibe Iso/rocksat_workspace/lpc_board_nxp_lpcxpresso_4337/Debug/liblpc_board_nxp_lpcxpresso_4337.a(board_sysinit.o)
 .debug_abbrev  0x00000000000010ea      0x17b /home/jesse/Sync/RockSAT Vibe Iso/rocksat_workspace/lpc_chip_43xx/Debug/liblpc_chip_43xx.a(chip_18xx_43xx.o)
 .debug_abbrev  0x0000000000001265      0x2db /home/jesse/Sync/RockSAT Vibe Iso/rocksat_workspace/lpc_chip_43xx/Debug/liblpc_chip_43xx.a(clock_18xx_43xx.o)
 .debug_abbrev  0x0000000000001540       0xaa /home/jesse/Sync/RockSAT Vibe Iso/rocksat_workspace/lpc_chip_43xx/Debug/liblpc_chip_43xx.a(fpu_init.o)
 .debug_abbrev  0x00000000000015ea      0x251 /home/jesse/Sync/RockSAT Vibe Iso/rocksat_workspace/lpc_chip_43xx/Debug/liblpc_chip_43xx.a(gpdma_18xx_43xx.o)
 .debug_abbrev  0x000000000000183b      0x10c /home/jesse/Sync/RockSAT Vibe Iso/rocksat_workspace/lpc_chip_43xx/Debug/liblpc_chip_43xx.a(gpio_18xx_43xx.o)
 .debug_abbrev  0x0000000000001947      0x26b /home/jesse/Sync/RockSAT Vibe Iso/rocksat_workspace/lpc_chip_43xx/Debug/liblpc_chip_43xx.a(ssp_18xx_43xx.o)
 .debug_abbrev  0x0000000000001bb2      0x1a6 /home/jesse/Sync/RockSAT Vibe Iso/rocksat_workspace/lpc_chip_43xx/Debug/liblpc_chip_43xx.a(sysinit_18xx_43xx.o)
 .debug_abbrev  0x0000000000001d58      0x2f9 /home/jesse/Sync/RockSAT Vibe Iso/rocksat_workspace/lpc_chip_43xx/Debug/liblpc_chip_43xx.a(uart_18xx_43xx.o)

.debug_aranges  0x0000000000000000      0x8b8
 .debug_aranges
                0x0000000000000000       0x18 ./src/cdc_desc.o
 .debug_aranges
                0x0000000000000018       0x70 ./src/cdc_vcom.o
 .debug_aranges
                0x0000000000000088       0x80 ./src/cr_startup_lpc43xx.o
 .debug_aranges
                0x0000000000000108      0x138 ./src/ssp.o
 .debug_aranges
                0x0000000000000240       0x20 ./src/sysinit.o
 .debug_aranges
                0x0000000000000260      0x170 /home/jesse/Sync/RockSAT Vibe Iso/rocksat_workspace/lpc_board_nxp_lpcxpresso_4337/Debug/liblpc_board_nxp_lpcxpresso_4337.a(board.o)
 .debug_aranges
                0x00000000000003d0       0x48 /home/jesse/Sync/RockSAT Vibe Iso/rocksat_workspace/lpc_board_nxp_lpcxpresso_4337/Debug/liblpc_board_nxp_lpcxpresso_4337.a(board_sysinit.o)
 .debug_aranges
                0x0000000000000418       0x40 /home/jesse/Sync/RockSAT Vibe Iso/rocksat_workspace/lpc_chip_43xx/Debug/liblpc_chip_43xx.a(chip_18xx_43xx.o)
 .debug_aranges
                0x0000000000000458      0x138 /home/jesse/Sync/RockSAT Vibe Iso/rocksat_workspace/lpc_chip_43xx/Debug/liblpc_chip_43xx.a(clock_18xx_43xx.o)
 .debug_aranges
                0x0000000000000590       0x20 /home/jesse/Sync/RockSAT Vibe Iso/rocksat_workspace/lpc_chip_43xx/Debug/liblpc_chip_43xx.a(fpu_init.o)
 .debug_aranges
                0x00000000000005b0       0x90 /home/jesse/Sync/RockSAT Vibe Iso/rocksat_workspace/lpc_chip_43xx/Debug/liblpc_chip_43xx.a(gpdma_18xx_43xx.o)
 .debug_aranges
                0x0000000000000640       0x28 /home/jesse/Sync/RockSAT Vibe Iso/rocksat_workspace/lpc_chip_43xx/Debug/liblpc_chip_43xx.a(gpio_18xx_43xx.o)
 .debug_aranges
                0x0000000000000668       0xe8 /home/jesse/Sync/RockSAT Vibe Iso/rocksat_workspace/lpc_chip_43xx/Debug/liblpc_chip_43xx.a(ssp_18xx_43xx.o)
 .debug_aranges
                0x0000000000000750       0x50 /home/jesse/Sync/RockSAT Vibe Iso/rocksat_workspace/lpc_chip_43xx/Debug/liblpc_chip_43xx.a(sysinit_18xx_43xx.o)
 .debug_aranges
                0x00000000000007a0      0x118 /home/jesse/Sync/RockSAT Vibe Iso/rocksat_workspace/lpc_chip_43xx/Debug/liblpc_chip_43xx.a(uart_18xx_43xx.o)

.debug_macro    0x0000000000000000     0x8e8d
 .debug_macro   0x0000000000000000       0xf5 ./src/cdc_desc.o
 .debug_macro   0x00000000000000f5      0xa6c ./src/cdc_desc.o
 .debug_macro   0x0000000000000b61       0x10 ./src/cdc_desc.o
 .debug_macro   0x0000000000000b71      0x12d ./src/cdc_desc.o
 .debug_macro   0x0000000000000c9e      0x5b2 ./src/cdc_desc.o
 .debug_macro   0x0000000000001250       0x22 ./src/cdc_desc.o
 .debug_macro   0x0000000000001272       0x88 ./src/cdc_desc.o
 .debug_macro   0x00000000000012fa       0x18 ./src/cdc_desc.o
 .debug_macro   0x0000000000001312      0x26c ./src/cdc_desc.o
 .debug_macro   0x000000000000157e       0x7c ./src/cdc_desc.o
 .debug_macro   0x00000000000015fa       0x12 ./src/cdc_desc.o
 .debug_macro   0x000000000000160c       0xfa ./src/cdc_desc.o
 .debug_macro   0x0000000000001706       0xee ./src/cdc_desc.o
 .debug_macro   0x00000000000017f4      0x69a ./src/cdc_desc.o
 .debug_macro   0x0000000000001e8e      0x272 ./src/cdc_desc.o
 .debug_macro   0x0000000000002100       0x10 ./src/cdc_desc.o
 .debug_macro   0x0000000000002110      0x3dd ./src/cdc_vcom.o
 .debug_macro   0x00000000000024ed       0x81 ./src/cdc_vcom.o
 .debug_macro   0x000000000000256e       0x10 ./src/cdc_vcom.o
 .debug_macro   0x000000000000257e       0x28 ./src/cdc_vcom.o
 .debug_macro   0x00000000000025a6       0x3b ./src/cdc_vcom.o
 .debug_macro   0x00000000000025e1       0x2d ./src/cdc_vcom.o
 .debug_macro   0x000000000000260e       0x42 ./src/cdc_vcom.o
 .debug_macro   0x0000000000002650      0xd39 ./src/cdc_vcom.o
 .debug_macro   0x0000000000003389      0x2c3 ./src/cdc_vcom.o
 .debug_macro   0x000000000000364c      0x112 ./src/cdc_vcom.o
 .debug_macro   0x000000000000375e       0x11 ./src/cdc_vcom.o
 .debug_macro   0x000000000000376f       0x2a ./src/cdc_vcom.o
 .debug_macro   0x0000000000003799       0x16 ./src/cdc_vcom.o
 .debug_macro   0x00000000000037af      0x2e6 ./src/cdc_vcom.o
 .debug_macro   0x0000000000003a95       0x82 ./src/cdc_vcom.o
 .debug_macro   0x0000000000003b17      0x13d ./src/cdc_vcom.o
 .debug_macro   0x0000000000003c54      0x198 ./src/cdc_vcom.o
 .debug_macro   0x0000000000003dec       0x34 ./src/cdc_vcom.o
 .debug_macro   0x0000000000003e20       0x58 ./src/cdc_vcom.o
 .debug_macro   0x0000000000003e78      0x236 ./src/cdc_vcom.o
 .debug_macro   0x00000000000040ae      0x572 ./src/cdc_vcom.o
 .debug_macro   0x0000000000004620       0x16 ./src/cdc_vcom.o
 .debug_macro   0x0000000000004636      0x18a ./src/cdc_vcom.o
 .debug_macro   0x00000000000047c0       0x88 ./src/cdc_vcom.o
 .debug_macro   0x0000000000004848      0x1b9 ./src/cdc_vcom.o
 .debug_macro   0x0000000000004a01      0x1da ./src/cdc_vcom.o
 .debug_macro   0x0000000000004bdb       0x40 ./src/cdc_vcom.o
 .debug_macro   0x0000000000004c1b       0x1c ./src/cdc_vcom.o
 .debug_macro   0x0000000000004c37       0x2e ./src/cdc_vcom.o
 .debug_macro   0x0000000000004c65       0x2e ./src/cdc_vcom.o
 .debug_macro   0x0000000000004c93       0x22 ./src/cdc_vcom.o
 .debug_macro   0x0000000000004cb5      0x201 ./src/cdc_vcom.o
 .debug_macro   0x0000000000004eb6       0xe0 ./src/cdc_vcom.o
 .debug_macro   0x0000000000004f96      0x34c ./src/cdc_vcom.o
 .debug_macro   0x00000000000052e2       0xdc ./src/cdc_vcom.o
 .debug_macro   0x00000000000053be       0xc4 ./src/cdc_vcom.o
 .debug_macro   0x0000000000005482       0x8f ./src/cdc_vcom.o
 .debug_macro   0x0000000000005511       0x94 ./src/cdc_vcom.o
 .debug_macro   0x00000000000055a5       0xb8 ./src/cdc_vcom.o
 .debug_macro   0x000000000000565d       0x4c ./src/cdc_vcom.o
 .debug_macro   0x00000000000056a9       0x16 ./src/cdc_vcom.o
 .debug_macro   0x00000000000056bf      0x328 ./src/cdc_vcom.o
 .debug_macro   0x00000000000059e7       0x3a ./src/cdc_vcom.o
 .debug_macro   0x0000000000005a21       0xd0 ./src/cdc_vcom.o
 .debug_macro   0x0000000000005af1       0x22 ./src/cdc_vcom.o
 .debug_macro   0x0000000000005b13       0x40 ./src/cdc_vcom.o
 .debug_macro   0x0000000000005b53       0xf6 ./src/cdc_vcom.o
 .debug_macro   0x0000000000005c49       0x9a ./src/cdc_vcom.o
 .debug_macro   0x0000000000005ce3       0x20 ./src/cdc_vcom.o
 .debug_macro   0x0000000000005d03       0x2e ./src/cdc_vcom.o
 .debug_macro   0x0000000000005d31       0x1d ./src/cr_startup_lpc43xx.o
 .debug_macro   0x0000000000005d4e      0x4b2 ./src/ssp.o
 .debug_macro   0x0000000000006200       0x6a ./src/ssp.o
 .debug_macro   0x000000000000626a      0x31a ./src/sysinit.o
 .debug_macro   0x0000000000006584      0x340 /home/jesse/Sync/RockSAT Vibe Iso/rocksat_workspace/lpc_board_nxp_lpcxpresso_4337/Debug/liblpc_board_nxp_lpcxpresso_4337.a(board.o)
 .debug_macro   0x00000000000068c4      0xa66 /home/jesse/Sync/RockSAT Vibe Iso/rocksat_workspace/lpc_board_nxp_lpcxpresso_4337/Debug/liblpc_board_nxp_lpcxpresso_4337.a(board.o)
 .debug_macro   0x000000000000732a       0x12 /home/jesse/Sync/RockSAT Vibe Iso/rocksat_workspace/lpc_board_nxp_lpcxpresso_4337/Debug/liblpc_board_nxp_lpcxpresso_4337.a(board.o)
 .debug_macro   0x000000000000733c      0x339 /home/jesse/Sync/RockSAT Vibe Iso/rocksat_workspace/lpc_board_nxp_lpcxpresso_4337/Debug/liblpc_board_nxp_lpcxpresso_4337.a(board.o)
 .debug_macro   0x0000000000007675      0x31a /home/jesse/Sync/RockSAT Vibe Iso/rocksat_workspace/lpc_board_nxp_lpcxpresso_4337/Debug/liblpc_board_nxp_lpcxpresso_4337.a(board_sysinit.o)
 .debug_macro   0x000000000000798f      0x2e4 /home/jesse/Sync/RockSAT Vibe Iso/rocksat_workspace/lpc_chip_43xx/Debug/liblpc_chip_43xx.a(chip_18xx_43xx.o)
 .debug_macro   0x0000000000007c73      0x2ea /home/jesse/Sync/RockSAT Vibe Iso/rocksat_workspace/lpc_chip_43xx/Debug/liblpc_chip_43xx.a(clock_18xx_43xx.o)
 .debug_macro   0x0000000000007f5d       0xbc /home/jesse/Sync/RockSAT Vibe Iso/rocksat_workspace/lpc_chip_43xx/Debug/liblpc_chip_43xx.a(fpu_init.o)
 .debug_macro   0x0000000000008019      0x2e4 /home/jesse/Sync/RockSAT Vibe Iso/rocksat_workspace/lpc_chip_43xx/Debug/liblpc_chip_43xx.a(gpdma_18xx_43xx.o)
 .debug_macro   0x00000000000082fd      0x2e4 /home/jesse/Sync/RockSAT Vibe Iso/rocksat_workspace/lpc_chip_43xx/Debug/liblpc_chip_43xx.a(gpio_18xx_43xx.o)
 .debug_macro   0x00000000000085e1      0x2e4 /home/jesse/Sync/RockSAT Vibe Iso/rocksat_workspace/lpc_chip_43xx/Debug/liblpc_chip_43xx.a(ssp_18xx_43xx.o)
 .debug_macro   0x00000000000088c5      0x2e4 /home/jesse/Sync/RockSAT Vibe Iso/rocksat_workspace/lpc_chip_43xx/Debug/liblpc_chip_43xx.a(sysinit_18xx_43xx.o)
 .debug_macro   0x0000000000008ba9      0x2e4 /home/jesse/Sync/RockSAT Vibe Iso/rocksat_workspace/lpc_chip_43xx/Debug/liblpc_chip_43xx.a(uart_18xx_43xx.o)

.debug_line     0x0000000000000000     0x6dfc
 .debug_line    0x0000000000000000      0x2a4 ./src/cdc_desc.o
 .debug_line    0x00000000000002a4      0x97f ./src/cdc_vcom.o
 .debug_line    0x0000000000000c23       0xf8 ./src/cr_startup_lpc43xx.o
 .debug_line    0x0000000000000d1b      0xc29 ./src/ssp.o
 .debug_line    0x0000000000001944      0x6b1 ./src/sysinit.o
 .debug_line    0x0000000000001ff5      0xa8f /home/jesse/Sync/RockSAT Vibe Iso/rocksat_workspace/lpc_board_nxp_lpcxpresso_4337/Debug/liblpc_board_nxp_lpcxpresso_4337.a(board.o)
 .debug_line    0x0000000000002a84      0x742 /home/jesse/Sync/RockSAT Vibe Iso/rocksat_workspace/lpc_board_nxp_lpcxpresso_4337/Debug/liblpc_board_nxp_lpcxpresso_4337.a(board_sysinit.o)
 .debug_line    0x00000000000031c6      0x6a1 /home/jesse/Sync/RockSAT Vibe Iso/rocksat_workspace/lpc_chip_43xx/Debug/liblpc_chip_43xx.a(chip_18xx_43xx.o)
 .debug_line    0x0000000000003867      0xaa1 /home/jesse/Sync/RockSAT Vibe Iso/rocksat_workspace/lpc_chip_43xx/Debug/liblpc_chip_43xx.a(clock_18xx_43xx.o)
 .debug_line    0x0000000000004308      0x238 /home/jesse/Sync/RockSAT Vibe Iso/rocksat_workspace/lpc_chip_43xx/Debug/liblpc_chip_43xx.a(fpu_init.o)
 .debug_line    0x0000000000004540      0x87b /home/jesse/Sync/RockSAT Vibe Iso/rocksat_workspace/lpc_chip_43xx/Debug/liblpc_chip_43xx.a(gpdma_18xx_43xx.o)
 .debug_line    0x0000000000004dbb      0x647 /home/jesse/Sync/RockSAT Vibe Iso/rocksat_workspace/lpc_chip_43xx/Debug/liblpc_chip_43xx.a(gpio_18xx_43xx.o)
 .debug_line    0x0000000000005402      0x982 /home/jesse/Sync/RockSAT Vibe Iso/rocksat_workspace/lpc_chip_43xx/Debug/liblpc_chip_43xx.a(ssp_18xx_43xx.o)
 .debug_line    0x0000000000005d84      0x6fa /home/jesse/Sync/RockSAT Vibe Iso/rocksat_workspace/lpc_chip_43xx/Debug/liblpc_chip_43xx.a(sysinit_18xx_43xx.o)
 .debug_line    0x000000000000647e      0x97e /home/jesse/Sync/RockSAT Vibe Iso/rocksat_workspace/lpc_chip_43xx/Debug/liblpc_chip_43xx.a(uart_18xx_43xx.o)

.debug_str      0x0000000000000000    0x20828
 .debug_str     0x0000000000000000     0x9b15 ./src/cdc_desc.o
                                       0x9c6e (size before relaxing)
 .debug_str     0x0000000000009b15    0x12deb ./src/cdc_vcom.o
                                      0x1cb3a (size before relaxing)
 .debug_str     0x000000000001c900      0x1f2 ./src/cr_startup_lpc43xx.o
                                       0x2f36 (size before relaxing)
 .debug_str     0x000000000001caf2      0xfa5 ./src/ssp.o
                                      0x1da18 (size before relaxing)
 .debug_str     0x000000000001da97       0x1b ./src/sysinit.o
                                      0x1625e (size before relaxing)
 .debug_str     0x000000000001dab2     0x16eb /home/jesse/Sync/RockSAT Vibe Iso/rocksat_workspace/lpc_board_nxp_lpcxpresso_4337/Debug/liblpc_board_nxp_lpcxpresso_4337.a(board.o)
                                      0x186e0 (size before relaxing)
 .debug_str     0x000000000001f19d      0x16d /home/jesse/Sync/RockSAT Vibe Iso/rocksat_workspace/lpc_board_nxp_lpcxpresso_4337/Debug/liblpc_board_nxp_lpcxpresso_4337.a(board_sysinit.o)
                                      0x1705c (size before relaxing)
 .debug_str     0x000000000001f30a       0xe9 /home/jesse/Sync/RockSAT Vibe Iso/rocksat_workspace/lpc_chip_43xx/Debug/liblpc_chip_43xx.a(chip_18xx_43xx.o)
                                      0x1686d (size before relaxing)
 .debug_str     0x000000000001f3f3      0x5e7 /home/jesse/Sync/RockSAT Vibe Iso/rocksat_workspace/lpc_chip_43xx/Debug/liblpc_chip_43xx.a(clock_18xx_43xx.o)
                                      0x16dec (size before relaxing)
 .debug_str     0x000000000001f9da       0xb5 /home/jesse/Sync/RockSAT Vibe Iso/rocksat_workspace/lpc_chip_43xx/Debug/liblpc_chip_43xx.a(fpu_init.o)
                                       0xa0dc (size before relaxing)
 .debug_str     0x000000000001fa8f      0x5d6 /home/jesse/Sync/RockSAT Vibe Iso/rocksat_workspace/lpc_chip_43xx/Debug/liblpc_chip_43xx.a(gpdma_18xx_43xx.o)
                                      0x16e16 (size before relaxing)
 .debug_str     0x0000000000020065       0x38 /home/jesse/Sync/RockSAT Vibe Iso/rocksat_workspace/lpc_chip_43xx/Debug/liblpc_chip_43xx.a(gpio_18xx_43xx.o)
                                      0x15b93 (size before relaxing)
 .debug_str     0x000000000002009d      0x3b8 /home/jesse/Sync/RockSAT Vibe Iso/rocksat_workspace/lpc_chip_43xx/Debug/liblpc_chip_43xx.a(ssp_18xx_43xx.o)
                                      0x1658f (size before relaxing)
 .debug_str     0x0000000000020455       0xb7 /home/jesse/Sync/RockSAT Vibe Iso/rocksat_workspace/lpc_chip_43xx/Debug/liblpc_chip_43xx.a(sysinit_18xx_43xx.o)
                                      0x1684f (size before relaxing)
 .debug_str     0x000000000002050c      0x31c /home/jesse/Sync/RockSAT Vibe Iso/rocksat_workspace/lpc_chip_43xx/Debug/liblpc_chip_43xx.a(uart_18xx_43xx.o)
                                      0x169b0 (size before relaxing)

.comment        0x0000000000000000       0x7e
 .comment       0x0000000000000000       0x7e ./src/cdc_desc.o
                                         0x7f (size before relaxing)
 .comment       0x000000000000007e       0x7f ./src/cdc_vcom.o
 .comment       0x000000000000007e       0x7f ./src/cr_startup_lpc43xx.o
 .comment       0x000000000000007e       0x7f ./src/ssp.o
 .comment       0x000000000000007e       0x7f ./src/sysinit.o
 .comment       0x000000000000007e       0x7f /home/jesse/Sync/RockSAT Vibe Iso/rocksat_workspace/lpc_board_nxp_lpcxpresso_4337/Debug/liblpc_board_nxp_lpcxpresso_4337.a(board.o)
 .comment       0x000000000000007e       0x7f /home/jesse/Sync/RockSAT Vibe Iso/rocksat_workspace/lpc_board_nxp_lpcxpresso_4337/Debug/liblpc_board_nxp_lpcxpresso_4337.a(board_sysinit.o)
 .comment       0x000000000000007e       0x7f /home/jesse/Sync/RockSAT Vibe Iso/rocksat_workspace/lpc_chip_43xx/Debug/liblpc_chip_43xx.a(chip_18xx_43xx.o)
 .comment       0x000000000000007e       0x7f /home/jesse/Sync/RockSAT Vibe Iso/rocksat_workspace/lpc_chip_43xx/Debug/liblpc_chip_43xx.a(clock_18xx_43xx.o)
 .comment       0x000000000000007e       0x7f /home/jesse/Sync/RockSAT Vibe Iso/rocksat_workspace/lpc_chip_43xx/Debug/liblpc_chip_43xx.a(fpu_init.o)
 .comment       0x000000000000007e       0x7f /home/jesse/Sync/RockSAT Vibe Iso/rocksat_workspace/lpc_chip_43xx/Debug/liblpc_chip_43xx.a(gpdma_18xx_43xx.o)
 .comment       0x000000000000007e       0x7f /home/jesse/Sync/RockSAT Vibe Iso/rocksat_workspace/lpc_chip_43xx/Debug/liblpc_chip_43xx.a(gpio_18xx_43xx.o)
 .comment       0x000000000000007e       0x7f /home/jesse/Sync/RockSAT Vibe Iso/rocksat_workspace/lpc_chip_43xx/Debug/liblpc_chip_43xx.a(ssp_18xx_43xx.o)
 .comment       0x000000000000007e       0x7f /home/jesse/Sync/RockSAT Vibe Iso/rocksat_workspace/lpc_chip_43xx/Debug/liblpc_chip_43xx.a(sysinit_18xx_43xx.o)
 .comment       0x000000000000007e       0x7f /home/jesse/Sync/RockSAT Vibe Iso/rocksat_workspace/lpc_chip_43xx/Debug/liblpc_chip_43xx.a(uart_18xx_43xx.o)
 .comment       0x000000000000007e       0x7f /usr/local/mcuxpresso-ide/ide/tools/bin/../lib/gcc/arm-none-eabi/7.2.1/../../../../arm-none-eabi/lib/thumb/v7e-m/fpv4-sp/softfp/libcr_nohost.a(_cr__main.o)
 .comment       0x000000000000007e       0x7f /usr/local/mcuxpresso-ide/ide/tools/bin/../lib/gcc/arm-none-eabi/7.2.1/../../../../arm-none-eabi/lib/thumb/v7e-m/fpv4-sp/softfp/libcr_c.a(memset.o)
 .comment       0x000000000000007e       0x7f /usr/local/mcuxpresso-ide/ide/tools/bin/../lib/gcc/arm-none-eabi/7.2.1/../../../../arm-none-eabi/lib/thumb/v7e-m/fpv4-sp/softfp/libcr_c.a(initio.o)
 .comment       0x000000000000007e       0x7f /usr/local/mcuxpresso-ide/ide/tools/bin/../lib/gcc/arm-none-eabi/7.2.1/../../../../arm-none-eabi/lib/thumb/v7e-m/fpv4-sp/softfp/libcr_c.a(setvbuf.o)
 .comment       0x000000000000007e       0x7f /usr/local/mcuxpresso-ide/ide/tools/bin/../lib/gcc/arm-none-eabi/7.2.1/../../../../arm-none-eabi/lib/thumb/v7e-m/fpv4-sp/softfp/libcr_c.a(_fdopen.o)
 .comment       0x000000000000007e       0x7f /usr/local/mcuxpresso-ide/ide/tools/bin/../lib/gcc/arm-none-eabi/7.2.1/../../../../arm-none-eabi/lib/thumb/v7e-m/fpv4-sp/softfp/libcr_c.a(fclose.o)
 .comment       0x000000000000007e       0x7f /usr/local/mcuxpresso-ide/ide/tools/bin/../lib/gcc/arm-none-eabi/7.2.1/../../../../arm-none-eabi/lib/thumb/v7e-m/fpv4-sp/softfp/libcr_c.a(fflush.o)
 .comment       0x000000000000007e       0x7f /usr/local/mcuxpresso-ide/ide/tools/bin/../lib/gcc/arm-none-eabi/7.2.1/../../../../arm-none-eabi/lib/thumb/v7e-m/fpv4-sp/softfp/libcr_c.a(fseek.o)
 .comment       0x000000000000007e       0x7f /usr/local/mcuxpresso-ide/ide/tools/bin/../lib/gcc/arm-none-eabi/7.2.1/../../../../arm-none-eabi/lib/thumb/v7e-m/fpv4-sp/softfp/libcr_c.a(ftell.o)
 .comment       0x000000000000007e       0x7f /usr/local/mcuxpresso-ide/ide/tools/bin/../lib/gcc/arm-none-eabi/7.2.1/../../../../arm-none-eabi/lib/thumb/v7e-m/fpv4-sp/softfp/libcr_c.a(remove.o)
 .comment       0x000000000000007e       0x7f /usr/local/mcuxpresso-ide/ide/tools/bin/../lib/gcc/arm-none-eabi/7.2.1/../../../../arm-none-eabi/lib/thumb/v7e-m/fpv4-sp/softfp/libcr_c.a(strlen.o)
 .comment       0x000000000000007e       0x7f /usr/local/mcuxpresso-ide/ide/tools/bin/../lib/gcc/arm-none-eabi/7.2.1/../../../../arm-none-eabi/lib/thumb/v7e-m/fpv4-sp/softfp/libcr_c.a(_do_fflush.o)
 .comment       0x000000000000007e       0x7f /usr/local/mcuxpresso-ide/ide/tools/bin/../lib/gcc/arm-none-eabi/7.2.1/../../../../arm-none-eabi/lib/thumb/v7e-m/fpv4-sp/softfp/libcr_c.a(_fflush.o)
 .comment       0x000000000000007e       0x7f /usr/local/mcuxpresso-ide/ide/tools/bin/../lib/gcc/arm-none-eabi/7.2.1/../../../../arm-none-eabi/lib/thumb/v7e-m/fpv4-sp/softfp/libcr_c.a(_writebuf.o)
 .comment       0x000000000000007e       0x7f /usr/local/mcuxpresso-ide/ide/tools/bin/../lib/gcc/arm-none-eabi/7.2.1/../../../../arm-none-eabi/lib/thumb/v7e-m/fpv4-sp/softfp/libcr_c.a(alloc.o)
 .comment       0x000000000000007e       0x7f /usr/local/mcuxpresso-ide/ide/tools/bin/../lib/gcc/arm-none-eabi/7.2.1/../../../../arm-none-eabi/lib/thumb/v7e-m/fpv4-sp/softfp/libcr_c.a(errno.o)
 .comment       0x000000000000007e       0x7f /usr/local/mcuxpresso-ide/ide/tools/bin/../lib/gcc/arm-none-eabi/7.2.1/../../../../arm-none-eabi/lib/thumb/v7e-m/fpv4-sp/softfp/libcr_c.a(_deferredlazyseek.o)
 .comment       0x000000000000007e       0x7f /usr/local/mcuxpresso-ide/ide/tools/bin/../lib/gcc/arm-none-eabi/7.2.1/../../../../arm-none-eabi/lib/thumb/v7e-m/fpv4-sp/softfp/libcr_nohost.a(__ciob.o)
 .comment       0x000000000000007e       0x7f /usr/local/mcuxpresso-ide/ide/tools/bin/../lib/gcc/arm-none-eabi/7.2.1/../../../../arm-none-eabi/lib/thumb/v7e-m/fpv4-sp/softfp/libcr_nohost.a(__sys_close.o)
 .comment       0x000000000000007e       0x7f /usr/local/mcuxpresso-ide/ide/tools/bin/../lib/gcc/arm-none-eabi/7.2.1/../../../../arm-none-eabi/lib/thumb/v7e-m/fpv4-sp/softfp/libcr_nohost.a(__sys_flen.o)
 .comment       0x000000000000007e       0x7f /usr/local/mcuxpresso-ide/ide/tools/bin/../lib/gcc/arm-none-eabi/7.2.1/../../../../arm-none-eabi/lib/thumb/v7e-m/fpv4-sp/softfp/libcr_nohost.a(__sys_istty.o)
 .comment       0x000000000000007e       0x7f /usr/local/mcuxpresso-ide/ide/tools/bin/../lib/gcc/arm-none-eabi/7.2.1/../../../../arm-none-eabi/lib/thumb/v7e-m/fpv4-sp/softfp/libcr_nohost.a(__sys_remove.o)
 .comment       0x000000000000007e       0x7f /usr/local/mcuxpresso-ide/ide/tools/bin/../lib/gcc/arm-none-eabi/7.2.1/../../../../arm-none-eabi/lib/thumb/v7e-m/fpv4-sp/softfp/libcr_nohost.a(__sys_seek.o)
 .comment       0x000000000000007e       0x7f /usr/local/mcuxpresso-ide/ide/tools/bin/../lib/gcc/arm-none-eabi/7.2.1/../../../../arm-none-eabi/lib/thumb/v7e-m/fpv4-sp/softfp/libcr_nohost.a(__sys_tmpnam.o)

.ARM.attributes
                0x0000000000000000       0x35
 .ARM.attributes
                0x0000000000000000       0x37 ./src/cdc_desc.o
 .ARM.attributes
                0x0000000000000037       0x37 ./src/cdc_vcom.o
 .ARM.attributes
                0x000000000000006e       0x37 ./src/cr_startup_lpc43xx.o
 .ARM.attributes
                0x00000000000000a5       0x37 ./src/ssp.o
 .ARM.attributes
                0x00000000000000dc       0x37 ./src/sysinit.o
 .ARM.attributes
                0x0000000000000113       0x37 /home/jesse/Sync/RockSAT Vibe Iso/rocksat_workspace/lpc_board_nxp_lpcxpresso_4337/Debug/liblpc_board_nxp_lpcxpresso_4337.a(board.o)
 .ARM.attributes
                0x000000000000014a       0x37 /home/jesse/Sync/RockSAT Vibe Iso/rocksat_workspace/lpc_board_nxp_lpcxpresso_4337/Debug/liblpc_board_nxp_lpcxpresso_4337.a(board_sysinit.o)
 .ARM.attributes
                0x0000000000000181       0x37 /home/jesse/Sync/RockSAT Vibe Iso/rocksat_workspace/lpc_chip_43xx/Debug/liblpc_chip_43xx.a(chip_18xx_43xx.o)
 .ARM.attributes
                0x00000000000001b8       0x37 /home/jesse/Sync/RockSAT Vibe Iso/rocksat_workspace/lpc_chip_43xx/Debug/liblpc_chip_43xx.a(clock_18xx_43xx.o)
 .ARM.attributes
                0x00000000000001ef       0x37 /home/jesse/Sync/RockSAT Vibe Iso/rocksat_workspace/lpc_chip_43xx/Debug/liblpc_chip_43xx.a(fpu_init.o)
 .ARM.attributes
                0x0000000000000226       0x37 /home/jesse/Sync/RockSAT Vibe Iso/rocksat_workspace/lpc_chip_43xx/Debug/liblpc_chip_43xx.a(gpdma_18xx_43xx.o)
 .ARM.attributes
                0x000000000000025d       0x37 /home/jesse/Sync/RockSAT Vibe Iso/rocksat_workspace/lpc_chip_43xx/Debug/liblpc_chip_43xx.a(gpio_18xx_43xx.o)
 .ARM.attributes
                0x0000000000000294       0x37 /home/jesse/Sync/RockSAT Vibe Iso/rocksat_workspace/lpc_chip_43xx/Debug/liblpc_chip_43xx.a(ssp_18xx_43xx.o)
 .ARM.attributes
                0x00000000000002cb       0x37 /home/jesse/Sync/RockSAT Vibe Iso/rocksat_workspace/lpc_chip_43xx/Debug/liblpc_chip_43xx.a(sysinit_18xx_43xx.o)
 .ARM.attributes
                0x0000000000000302       0x37 /home/jesse/Sync/RockSAT Vibe Iso/rocksat_workspace/lpc_chip_43xx/Debug/liblpc_chip_43xx.a(uart_18xx_43xx.o)
 .ARM.attributes
                0x0000000000000339       0x37 /usr/local/mcuxpresso-ide/ide/tools/bin/../lib/gcc/arm-none-eabi/7.2.1/../../../../arm-none-eabi/lib/thumb/v7e-m/fpv4-sp/softfp/libcr_nohost.a(_cr__main.o)
 .ARM.attributes
                0x0000000000000370       0x37 /usr/local/mcuxpresso-ide/ide/tools/bin/../lib/gcc/arm-none-eabi/7.2.1/../../../../arm-none-eabi/lib/thumb/v7e-m/fpv4-sp/softfp/libcr_c.a(memset.o)
 .ARM.attributes
                0x00000000000003a7       0x37 /usr/local/mcuxpresso-ide/ide/tools/bin/../lib/gcc/arm-none-eabi/7.2.1/../../../../arm-none-eabi/lib/thumb/v7e-m/fpv4-sp/softfp/libcr_c.a(initio.o)
 .ARM.attributes
                0x00000000000003de       0x37 /usr/local/mcuxpresso-ide/ide/tools/bin/../lib/gcc/arm-none-eabi/7.2.1/../../../../arm-none-eabi/lib/thumb/v7e-m/fpv4-sp/softfp/libcr_c.a(setvbuf.o)
 .ARM.attributes
                0x0000000000000415       0x37 /usr/local/mcuxpresso-ide/ide/tools/bin/../lib/gcc/arm-none-eabi/7.2.1/../../../../arm-none-eabi/lib/thumb/v7e-m/fpv4-sp/softfp/libcr_c.a(_fdopen.o)
 .ARM.attributes
                0x000000000000044c       0x37 /usr/local/mcuxpresso-ide/ide/tools/bin/../lib/gcc/arm-none-eabi/7.2.1/../../../../arm-none-eabi/lib/thumb/v7e-m/fpv4-sp/softfp/libcr_c.a(fclose.o)
 .ARM.attributes
                0x0000000000000483       0x37 /usr/local/mcuxpresso-ide/ide/tools/bin/../lib/gcc/arm-none-eabi/7.2.1/../../../../arm-none-eabi/lib/thumb/v7e-m/fpv4-sp/softfp/libcr_c.a(fflush.o)
 .ARM.attributes
                0x00000000000004ba       0x37 /usr/local/mcuxpresso-ide/ide/tools/bin/../lib/gcc/arm-none-eabi/7.2.1/../../../../arm-none-eabi/lib/thumb/v7e-m/fpv4-sp/softfp/libcr_c.a(fseek.o)
 .ARM.attributes
                0x00000000000004f1       0x37 /usr/local/mcuxpresso-ide/ide/tools/bin/../lib/gcc/arm-none-eabi/7.2.1/../../../../arm-none-eabi/lib/thumb/v7e-m/fpv4-sp/softfp/libcr_c.a(ftell.o)
 .ARM.attributes
                0x0000000000000528       0x37 /usr/local/mcuxpresso-ide/ide/tools/bin/../lib/gcc/arm-none-eabi/7.2.1/../../../../arm-none-eabi/lib/thumb/v7e-m/fpv4-sp/softfp/libcr_c.a(remove.o)
 .ARM.attributes
                0x000000000000055f       0x37 /usr/local/mcuxpresso-ide/ide/tools/bin/../lib/gcc/arm-none-eabi/7.2.1/../../../../arm-none-eabi/lib/thumb/v7e-m/fpv4-sp/softfp/libcr_c.a(strlen.o)
 .ARM.attributes
                0x0000000000000596       0x37 /usr/local/mcuxpresso-ide/ide/tools/bin/../lib/gcc/arm-none-eabi/7.2.1/../../../../arm-none-eabi/lib/thumb/v7e-m/fpv4-sp/softfp/libcr_c.a(_do_fflush.o)
 .ARM.attributes
                0x00000000000005cd       0x37 /usr/local/mcuxpresso-ide/ide/tools/bin/../lib/gcc/arm-none-eabi/7.2.1/../../../../arm-none-eabi/lib/thumb/v7e-m/fpv4-sp/softfp/libcr_c.a(_fflush.o)
 .ARM.attributes
                0x0000000000000604       0x37 /usr/local/mcuxpresso-ide/ide/tools/bin/../lib/gcc/arm-none-eabi/7.2.1/../../../../arm-none-eabi/lib/thumb/v7e-m/fpv4-sp/softfp/libcr_c.a(_writebuf.o)
 .ARM.attributes
                0x000000000000063b       0x37 /usr/local/mcuxpresso-ide/ide/tools/bin/../lib/gcc/arm-none-eabi/7.2.1/../../../../arm-none-eabi/lib/thumb/v7e-m/fpv4-sp/softfp/libcr_c.a(alloc.o)
 .ARM.attributes
                0x0000000000000672       0x37 /usr/local/mcuxpresso-ide/ide/tools/bin/../lib/gcc/arm-none-eabi/7.2.1/../../../../arm-none-eabi/lib/thumb/v7e-m/fpv4-sp/softfp/libcr_c.a(errno.o)
 .ARM.attributes
                0x00000000000006a9       0x37 /usr/local/mcuxpresso-ide/ide/tools/bin/../lib/gcc/arm-none-eabi/7.2.1/../../../../arm-none-eabi/lib/thumb/v7e-m/fpv4-sp/softfp/libcr_c.a(_deferredlazyseek.o)
 .ARM.attributes
                0x00000000000006e0       0x25 /usr/local/mcuxpresso-ide/ide/tools/bin/../lib/gcc/arm-none-eabi/7.2.1/thumb/v7e-m/fpv4-sp/softfp/libcr_eabihelpers.a(division_64.o)
 .ARM.attributes
                0x0000000000000705       0x25 /usr/local/mcuxpresso-ide/ide/tools/bin/../lib/gcc/arm-none-eabi/7.2.1/thumb/v7e-m/fpv4-sp/softfp/libcr_eabihelpers.a(division_idiv0.o)
 .ARM.attributes
                0x000000000000072a       0x25 /usr/local/mcuxpresso-ide/ide/tools/bin/../lib/gcc/arm-none-eabi/7.2.1/thumb/v7e-m/fpv4-sp/softfp/libcr_eabihelpers.a(memcpy.o)
 .ARM.attributes
                0x000000000000074f       0x37 /usr/local/mcuxpresso-ide/ide/tools/bin/../lib/gcc/arm-none-eabi/7.2.1/../../../../arm-none-eabi/lib/thumb/v7e-m/fpv4-sp/softfp/libcr_nohost.a(__ciob.o)
 .ARM.attributes
                0x0000000000000786       0x37 /usr/local/mcuxpresso-ide/ide/tools/bin/../lib/gcc/arm-none-eabi/7.2.1/../../../../arm-none-eabi/lib/thumb/v7e-m/fpv4-sp/softfp/libcr_nohost.a(__sys_close.o)
 .ARM.attributes
                0x00000000000007bd       0x37 /usr/local/mcuxpresso-ide/ide/tools/bin/../lib/gcc/arm-none-eabi/7.2.1/../../../../arm-none-eabi/lib/thumb/v7e-m/fpv4-sp/softfp/libcr_nohost.a(__sys_flen.o)
 .ARM.attributes
                0x00000000000007f4       0x37 /usr/local/mcuxpresso-ide/ide/tools/bin/../lib/gcc/arm-none-eabi/7.2.1/../../../../arm-none-eabi/lib/thumb/v7e-m/fpv4-sp/softfp/libcr_nohost.a(__sys_istty.o)
 .ARM.attributes
                0x000000000000082b       0x37 /usr/local/mcuxpresso-ide/ide/tools/bin/../lib/gcc/arm-none-eabi/7.2.1/../../../../arm-none-eabi/lib/thumb/v7e-m/fpv4-sp/softfp/libcr_nohost.a(__sys_remove.o)
 .ARM.attributes
                0x0000000000000862       0x37 /usr/local/mcuxpresso-ide/ide/tools/bin/../lib/gcc/arm-none-eabi/7.2.1/../../../../arm-none-eabi/lib/thumb/v7e-m/fpv4-sp/softfp/libcr_nohost.a(__sys_seek.o)
 .ARM.attributes
                0x0000000000000899       0x37 /usr/local/mcuxpresso-ide/ide/tools/bin/../lib/gcc/arm-none-eabi/7.2.1/../../../../arm-none-eabi/lib/thumb/v7e-m/fpv4-sp/softfp/libcr_nohost.a(__sys_tmpnam.o)

.debug_ranges   0x0000000000000000      0x7f0
 .debug_ranges  0x0000000000000000       0x60 ./src/cdc_vcom.o
 .debug_ranges  0x0000000000000060       0x70 ./src/cr_startup_lpc43xx.o
 .debug_ranges  0x00000000000000d0      0x128 ./src/ssp.o
 .debug_ranges  0x00000000000001f8       0x10 ./src/sysinit.o
 .debug_ranges  0x0000000000000208      0x160 /home/jesse/Sync/RockSAT Vibe Iso/rocksat_workspace/lpc_board_nxp_lpcxpresso_4337/Debug/liblpc_board_nxp_lpcxpresso_4337.a(board.o)
 .debug_ranges  0x0000000000000368       0x38 /home/jesse/Sync/RockSAT Vibe Iso/rocksat_workspace/lpc_board_nxp_lpcxpresso_4337/Debug/liblpc_board_nxp_lpcxpresso_4337.a(board_sysinit.o)
 .debug_ranges  0x00000000000003a0       0x30 /home/jesse/Sync/RockSAT Vibe Iso/rocksat_workspace/lpc_chip_43xx/Debug/liblpc_chip_43xx.a(chip_18xx_43xx.o)
 .debug_ranges  0x00000000000003d0      0x140 /home/jesse/Sync/RockSAT Vibe Iso/rocksat_workspace/lpc_chip_43xx/Debug/liblpc_chip_43xx.a(clock_18xx_43xx.o)
 .debug_ranges  0x0000000000000510       0x10 /home/jesse/Sync/RockSAT Vibe Iso/rocksat_workspace/lpc_chip_43xx/Debug/liblpc_chip_43xx.a(fpu_init.o)
 .debug_ranges  0x0000000000000520       0x80 /home/jesse/Sync/RockSAT Vibe Iso/rocksat_workspace/lpc_chip_43xx/Debug/liblpc_chip_43xx.a(gpdma_18xx_43xx.o)
 .debug_ranges  0x00000000000005a0       0x18 /home/jesse/Sync/RockSAT Vibe Iso/rocksat_workspace/lpc_chip_43xx/Debug/liblpc_chip_43xx.a(gpio_18xx_43xx.o)
 .debug_ranges  0x00000000000005b8       0xd8 /home/jesse/Sync/RockSAT Vibe Iso/rocksat_workspace/lpc_chip_43xx/Debug/liblpc_chip_43xx.a(ssp_18xx_43xx.o)
 .debug_ranges  0x0000000000000690       0x40 /home/jesse/Sync/RockSAT Vibe Iso/rocksat_workspace/lpc_chip_43xx/Debug/liblpc_chip_43xx.a(sysinit_18xx_43xx.o)
 .debug_ranges  0x00000000000006d0      0x120 /home/jesse/Sync/RockSAT Vibe Iso/rocksat_workspace/lpc_chip_43xx/Debug/liblpc_chip_43xx.a(uart_18xx_43xx.o)

.debug_frame    0x0000000000000000     0x2258
 .debug_frame   0x0000000000000000      0x1c0 ./src/cdc_vcom.o
 .debug_frame   0x00000000000001c0      0x170 ./src/cr_startup_lpc43xx.o
 .debug_frame   0x0000000000000330      0x52c ./src/ssp.o
 .debug_frame   0x000000000000085c       0x34 ./src/sysinit.o
 .debug_frame   0x0000000000000890      0x62c /home/jesse/Sync/RockSAT Vibe Iso/rocksat_workspace/lpc_board_nxp_lpcxpresso_4337/Debug/liblpc_board_nxp_lpcxpresso_4337.a(board.o)
 .debug_frame   0x0000000000000ebc       0xe4 /home/jesse/Sync/RockSAT Vibe Iso/rocksat_workspace/lpc_board_nxp_lpcxpresso_4337/Debug/liblpc_board_nxp_lpcxpresso_4337.a(board_sysinit.o)
 .debug_frame   0x0000000000000fa0       0xa0 /home/jesse/Sync/RockSAT Vibe Iso/rocksat_workspace/lpc_chip_43xx/Debug/liblpc_chip_43xx.a(chip_18xx_43xx.o)
 .debug_frame   0x0000000000001040      0x568 /home/jesse/Sync/RockSAT Vibe Iso/rocksat_workspace/lpc_chip_43xx/Debug/liblpc_chip_43xx.a(clock_18xx_43xx.o)
 .debug_frame   0x00000000000015a8       0x38 /home/jesse/Sync/RockSAT Vibe Iso/rocksat_workspace/lpc_chip_43xx/Debug/liblpc_chip_43xx.a(fpu_init.o)
 .debug_frame   0x00000000000015e0      0x25c /home/jesse/Sync/RockSAT Vibe Iso/rocksat_workspace/lpc_chip_43xx/Debug/liblpc_chip_43xx.a(gpdma_18xx_43xx.o)
 .debug_frame   0x000000000000183c       0x60 /home/jesse/Sync/RockSAT Vibe Iso/rocksat_workspace/lpc_chip_43xx/Debug/liblpc_chip_43xx.a(gpio_18xx_43xx.o)
 .debug_frame   0x000000000000189c      0x3e8 /home/jesse/Sync/RockSAT Vibe Iso/rocksat_workspace/lpc_chip_43xx/Debug/liblpc_chip_43xx.a(ssp_18xx_43xx.o)
 .debug_frame   0x0000000000001c84       0xf4 /home/jesse/Sync/RockSAT Vibe Iso/rocksat_workspace/lpc_chip_43xx/Debug/liblpc_chip_43xx.a(sysinit_18xx_43xx.o)
 .debug_frame   0x0000000000001d78      0x4e0 /home/jesse/Sync/RockSAT Vibe Iso/rocksat_workspace/lpc_chip_43xx/Debug/liblpc_chip_43xx.a(uart_18xx_43xx.o)
