Archive member included to satisfy reference by file (symbol)

C:\Users\zachs\Documents\New folder 2\lpc_board_nxp_lpcxpresso_4337\Debug\liblpc_board_nxp_lpcxpresso_4337.a(board.o)
                              ./src/ssp.o (Board_UARTGetChar)
C:\Users\zachs\Documents\New folder 2\lpc_board_nxp_lpcxpresso_4337\Debug\liblpc_board_nxp_lpcxpresso_4337.a(board_sysinit.o)
                              ./src/sysinit.o (Board_SystemInit)
C:\Users\zachs\Documents\New folder 2\lpc_board_nxp_lpcxpresso_4337\Debug\liblpc_board_nxp_lpcxpresso_4337.a(wm8904.o)
                              C:\Users\zachs\Documents\New folder 2\lpc_board_nxp_lpcxpresso_4337\Debug\liblpc_board_nxp_lpcxpresso_4337.a(board.o) (WM8904_Init)
C:\Users\zachs\Documents\New folder 2\lpc_chip_43xx\Debug\liblpc_chip_43xx.a(chip_18xx_43xx.o)
                              ./src/ssp.o (SystemCoreClockUpdate)
C:\Users\zachs\Documents\New folder 2\lpc_chip_43xx\Debug\liblpc_chip_43xx.a(clock_18xx_43xx.o)
                              C:\Users\zachs\Documents\New folder 2\lpc_chip_43xx\Debug\liblpc_chip_43xx.a(chip_18xx_43xx.o) (Chip_Clock_GetClockInputHz)
C:\Users\zachs\Documents\New folder 2\lpc_chip_43xx\Debug\liblpc_chip_43xx.a(fpu_init.o)
                              ./src/sysinit.o (fpuInit)
C:\Users\zachs\Documents\New folder 2\lpc_chip_43xx\Debug\liblpc_chip_43xx.a(gpdma_18xx_43xx.o)
                              ./src/ssp.o (Chip_GPDMA_Init)
C:\Users\zachs\Documents\New folder 2\lpc_chip_43xx\Debug\liblpc_chip_43xx.a(gpio_18xx_43xx.o)
                              ./src/ssp.o (Chip_GPIO_Init)
C:\Users\zachs\Documents\New folder 2\lpc_chip_43xx\Debug\liblpc_chip_43xx.a(i2c_18xx_43xx.o)
                              C:\Users\zachs\Documents\New folder 2\lpc_board_nxp_lpcxpresso_4337\Debug\liblpc_board_nxp_lpcxpresso_4337.a(wm8904.o) (Chip_I2C_EventHandlerPolling)
C:\Users\zachs\Documents\New folder 2\lpc_chip_43xx\Debug\liblpc_chip_43xx.a(ssp_18xx_43xx.o)
                              ./src/ssp.o (Chip_SSP_RWFrames_Blocking)
C:\Users\zachs\Documents\New folder 2\lpc_chip_43xx\Debug\liblpc_chip_43xx.a(sysinit_18xx_43xx.o)
                              C:\Users\zachs\Documents\New folder 2\lpc_board_nxp_lpcxpresso_4337\Debug\liblpc_board_nxp_lpcxpresso_4337.a(board_sysinit.o) (Chip_SetupCoreClock)
C:\Users\zachs\Documents\New folder 2\lpc_chip_43xx\Debug\liblpc_chip_43xx.a(uart_18xx_43xx.o)
                              C:\Users\zachs\Documents\New folder 2\lpc_board_nxp_lpcxpresso_4337\Debug\liblpc_board_nxp_lpcxpresso_4337.a(board.o) (Chip_UART_Init)
C:\Users\zachs\Documents\New folder 2\lpc_chip_43xx\Debug\liblpc_chip_43xx.a(ring_buffer.o)
                              C:\Users\zachs\Documents\New folder 2\lpc_chip_43xx\Debug\liblpc_chip_43xx.a(uart_18xx_43xx.o) (RingBuffer_Insert)
d:/mcuxpressoide_10.1.1_606/ide/tools/bin/../lib/gcc/arm-none-eabi/6.3.1/../../../../arm-none-eabi/lib/thumb/v7e-m/fpv4-sp/softfp\libcr_nohost.a(_cr__main.o)
                              ./src/cr_startup_lpc43xx.o (__main)
d:/mcuxpressoide_10.1.1_606/ide/tools/bin/../lib/gcc/arm-none-eabi/6.3.1/../../../../arm-none-eabi/lib/thumb/v7e-m/fpv4-sp/softfp\libcr_c.a(memcpy.o)
                              C:\Users\zachs\Documents\New folder 2\lpc_board_nxp_lpcxpresso_4337\Debug\liblpc_board_nxp_lpcxpresso_4337.a(board.o) (memcpy)
d:/mcuxpressoide_10.1.1_606/ide/tools/bin/../lib/gcc/arm-none-eabi/6.3.1/../../../../arm-none-eabi/lib/thumb/v7e-m/fpv4-sp/softfp\libcr_c.a(memset.o)
                              C:\Users\zachs\Documents\New folder 2\lpc_chip_43xx\Debug\liblpc_chip_43xx.a(clock_18xx_43xx.o) (memset)
d:/mcuxpressoide_10.1.1_606/ide/tools/bin/../lib/gcc/arm-none-eabi/6.3.1/../../../../arm-none-eabi/lib/thumb/v7e-m/fpv4-sp/softfp\libcr_c.a(fpprintf.o)
                              ./src/ssp.o (printf)
d:/mcuxpressoide_10.1.1_606/ide/tools/bin/../lib/gcc/arm-none-eabi/6.3.1/../../../../arm-none-eabi/lib/thumb/v7e-m/fpv4-sp/softfp\libcr_c.a(initio.o)
                              d:/mcuxpressoide_10.1.1_606/ide/tools/bin/../lib/gcc/arm-none-eabi/6.3.1/../../../../arm-none-eabi/lib/thumb/v7e-m/fpv4-sp/softfp\libcr_nohost.a(_cr__main.o) (_initio)
d:/mcuxpressoide_10.1.1_606/ide/tools/bin/../lib/gcc/arm-none-eabi/6.3.1/../../../../arm-none-eabi/lib/thumb/v7e-m/fpv4-sp/softfp\libcr_c.a(printf.o)
                              d:/mcuxpressoide_10.1.1_606/ide/tools/bin/../lib/gcc/arm-none-eabi/6.3.1/../../../../arm-none-eabi/lib/thumb/v7e-m/fpv4-sp/softfp\libcr_c.a(fpprintf.o) (__vfprintf)
d:/mcuxpressoide_10.1.1_606/ide/tools/bin/../lib/gcc/arm-none-eabi/6.3.1/../../../../arm-none-eabi/lib/thumb/v7e-m/fpv4-sp/softfp\libcr_c.a(setvbuf.o)
                              d:/mcuxpressoide_10.1.1_606/ide/tools/bin/../lib/gcc/arm-none-eabi/6.3.1/../../../../arm-none-eabi/lib/thumb/v7e-m/fpv4-sp/softfp\libcr_c.a(initio.o) (setvbuf)
[...]
Memory Configuration

Name             Origin             Length             Attributes
MFlashA512       0x1a000000         0x00080000         xr
MFlashB512       0x1b000000         0x00080000         xr
RamLoc32         0x10000000         0x00008000         xrw
RamLoc40         0x10080000         0x0000a000         xrw
RamAHB32         0x20000000         0x00008000         xrw
RamAHB16         0x20008000         0x00004000         xrw
RamAHB_ETB16     0x2000c000         0x00004000         xrw
*default*        0x00000000         0xffffffff

Linker script and memory map

LOAD ./src/cr_startup_lpc43xx.o
LOAD ./src/ssp.o
LOAD ./src/sysinit.o
LOAD C:\Users\zachs\Documents\New folder 2\lpc_board_nxp_lpcxpresso_4337\Debug\liblpc_board_nxp_lpcxpresso_4337.a
LOAD C:\Users\zachs\Documents\New folder 2\lpc_chip_43xx\Debug\liblpc_chip_43xx.a
START GROUP
LOAD d:/mcuxpressoide_10.1.1_606/ide/tools/bin/../lib/gcc/arm-none-eabi/6.3.1/../../../../arm-none-eabi/lib/thumb/v7e-m/fpv4-sp/softfp\libcr_nohost.a
LOAD d:/mcuxpressoide_10.1.1_606/ide/tools/bin/../lib/gcc/arm-none-eabi/6.3.1/../../../../arm-none-eabi/lib/thumb/v7e-m/fpv4-sp/softfp\libcr_c.a
LOAD d:/mcuxpressoide_10.1.1_606/ide/tools/bin/../lib/gcc/arm-none-eabi/6.3.1/thumb/v7e-m/fpv4-sp/softfp\libcr_eabihelpers.a
END GROUP
                0x1a000000                __base_MFlashA512 = 0x1a000000
                0x1a000000                __base_Flash = 0x1a000000
                0x1a080000                __top_MFlashA512 = 0x1a080000
                0x1a080000                __top_Flash = 0x1a080000
                0x1b000000                __base_MFlashB512 = 0x1b000000
                0x1b000000                __base_Flash2 = 0x1b000000
                0x1b080000                __top_MFlashB512 = 0x1b080000
                0x1b080000                __top_Flash2 = 0x1b080000
                0x10000000                __base_RamLoc32 = 0x10000000
                0x10000000                __base_RAM = 0x10000000
                0x10008000                __top_RamLoc32 = 0x10008000
                0x10008000                __top_RAM = 0x10008000
                0x10080000                __base_RamLoc40 = 0x10080000
                0x10080000                __base_RAM2 = 0x10080000
                0x1008a000                __top_RamLoc40 = 0x1008a000
                0x1008a000                __top_RAM2 = 0x1008a000
                0x20000000                __base_RamAHB32 = 0x20000000
                0x20000000                __base_RAM3 = 0x20000000
                0x20008000                __top_RamAHB32 = 0x20008000
                0x20008000                __top_RAM3 = 0x20008000
                0x20008000                __base_RamAHB16 = 0x20008000
                0x20008000                __base_RAM4 = 0x20008000
                0x2000c000                __top_RamAHB16 = 0x2000c000
                0x2000c000                __top_RAM4 = 0x2000c000
                0x2000c000                __base_RamAHB_ETB16 = 0x2000c000
                0x2000c000                __base_RAM5 = 0x2000c000
                0x20010000                __top_RamAHB_ETB16 = 0x20010000
                0x20010000                __top_RAM5 = 0x20010000

.text_Flash2    0x1b000000        0x0
 FILL mask 0xff
 *(.text_Flash2*)
 *(.text_MFlashB512*)
 *(.text.$Flash2*)
 *(.text.$MFlashB512*)
 *(.rodata.$Flash2*)
 *(.rodata.$MFlashB512*)

.text           0x1a000000     0x4b5c
 FILL mask 0xff
                0x1a000000                __vectors_start__ = ABSOLUTE (.)
 *(.isr_vector)
 .isr_vector    0x1a000000      0x114 ./src/cr_startup_lpc43xx.o
                0x1a000000                g_pfnVectors
                0x1a000114                . = ALIGN (0x4)
                0x1a000114                __section_table_start = .
                0x1a000114                __data_section_table = .
                0x1a000114        0x4 LONG 0x1a004b5c LOADADDR (.data)
                0x1a000118        0x4 LONG 0x10000000 ADDR (.data)
                0x1a00011c        0x4 LONG 0x0 SIZEOF (.data)
                0x1a000120        0x4 LONG 0x1a004b5c LOADADDR (.data_RAM2)
                0x1a000124        0x4 LONG 0x10080000 ADDR (.data_RAM2)
                0x1a000128        0x4 LONG 0x0 SIZEOF (.data_RAM2)
                0x1a00012c        0x4 LONG 0x1a004b5c LOADADDR (.data_RAM3)
                0x1a000130        0x4 LONG 0x20000000 ADDR (.data_RAM3)
                0x1a000134        0x4 LONG 0x0 SIZEOF (.data_RAM3)
                0x1a000138        0x4 LONG 0x1a004b5c LOADADDR (.data_RAM4)
                0x1a00013c        0x4 LONG 0x20008000 ADDR (.data_RAM4)
                0x1a000140        0x4 LONG 0x0 SIZEOF (.data_RAM4)
                0x1a000144        0x4 LONG 0x1a004b5c LOADADDR (.data_RAM5)
                0x1a000148        0x4 LONG 0x2000c000 ADDR (.data_RAM5)
                0x1a00014c        0x4 LONG 0x0 SIZEOF (.data_RAM5)
                0x1a000150                __data_section_table_end = .
                0x1a000150                __bss_section_table = .
                0x1a000150        0x4 LONG 0x10000000 ADDR (.bss)
                0x1a000154        0x4 LONG 0x320 SIZEOF (.bss)
                0x1a000158        0x4 LONG 0x10080000 ADDR (.bss_RAM2)
                0x1a00015c        0x4 LONG 0x0 SIZEOF (.bss_RAM2)
                0x1a000160        0x4 LONG 0x20000000 ADDR (.bss_RAM3)
                0x1a000164        0x4 LONG 0x0 SIZEOF (.bss_RAM3)
                0x1a000168        0x4 LONG 0x20008000 ADDR (.bss_RAM4)
                0x1a00016c        0x4 LONG 0x0 SIZEOF (.bss_RAM4)
                0x1a000170        0x4 LONG 0x2000c000 ADDR (.bss_RAM5)
                0x1a000174        0x4 LONG 0x0 SIZEOF (.bss_RAM5)
                0x1a000178                __bss_section_table_end = .
                0x1a000178                __section_table_end = .
 *(.after_vectors*)
 .after_vectors
                0x1a000178       0xb8 ./src/cr_startup_lpc43xx.o
                0x1a000178                data_init
                0x1a0001bc                bss_init
                0x1a0001f4                NMI_Handler
                0x1a0001fa                HardFault_Handler
                0x1a000200                MemManage_Handler
                0x1a000206                BusFault_Handler
                0x1a00020c                UsageFault_Handler
                0x1a000212                SVC_Handler
                0x1a000218                DebugMon_Handler
                0x1a00021e                PendSV_Handler
                0x1a000224                SysTick_Handler
                0x1a00022a                ATIMER_IRQHandler
                0x1a00022a                I2C1_IRQHandler
                0x1a00022a                UART1_IRQHandler
                0x1a00022a                GPIO5_IRQHandler
                0x1a00022a                CAN1_IRQHandler
                0x1a00022a                USB1_IRQHandler
                0x1a00022a                I2S0_IRQHandler
                0x1a00022a                TIMER3_IRQHandler
                0x1a00022a                UART0_IRQHandler
                0x1a00022a                I2C0_IRQHandler
                0x1a00022a                SGPIO_IRQHandler
                0x1a00022a                FLASH_EEPROM_IRQHandler
                0x1a00022a                ADCHS_IRQHandler
                0x1a00022a                GPIO6_IRQHandler
                0x1a00022a                IntDefaultHandler
                0x1a00022a                GPIO1_IRQHandler
                0x1a00022a                SSP0_IRQHandler
                0x1a00022a                ADC1_IRQHandler
                0x1a00022a                RTC_IRQHandler
                0x1a00022a                TIMER0_IRQHandler
                0x1a00022a                SPI_IRQHandler
                0x1a00022a                LCD_IRQHandler
                0x1a00022a                RIT_IRQHandler
                0x1a00022a                TIMER1_IRQHandler
                0x1a00022a                UART2_IRQHandler
                0x1a00022a                GPIO2_IRQHandler
                0x1a00022a                I2S1_IRQHandler
                0x1a00022a                USB0_IRQHandler
                0x1a00022a                GPIO3_IRQHandler
                0x1a00022a                SCT_IRQHandler
                0x1a00022a                SDIO_IRQHandler
                0x1a00022a                WDT_IRQHandler
                0x1a00022a                ADC0_IRQHandler
                0x1a00022a                GPIO7_IRQHandler
                0x1a00022a                SPIFI_IRQHandler
                0x1a00022a                QEI_IRQHandler
                0x1a00022a                ETH_IRQHandler
                0x1a00022a                CAN0_IRQHandler
                0x1a00022a                GINT0_IRQHandler
                0x1a00022a                DAC_IRQHandler
                0x1a00022a                M0SUB_IRQHandler
                0x1a00022a                GPIO0_IRQHandler
                0x1a00022a                EVRT_IRQHandler
                0x1a00022a                TIMER2_IRQHandler
                0x1a00022a                UART3_IRQHandler
                0x1a00022a                MCPWM_IRQHandler
                0x1a00022a                M0APP_IRQHandler
                0x1a00022a                GINT1_IRQHandler
                0x1a00022a                GPIO4_IRQHandler
 *(.text*)
 .text.ResetISR
                0x1a000230       0xc4 ./src/cr_startup_lpc43xx.o
                0x1a000230                ResetISR
 .text.NVIC_EnableIRQ
                0x1a0002f4       0x34 ./src/ssp.o
 .text.NVIC_DisableIRQ
                0x1a000328       0x34 ./src/ssp.o
 .text.NVIC_SetPriority
                0x1a00035c       0x54 ./src/ssp.o
 .text.Chip_GPIO_SetPinOutHigh
                0x1a0003b0       0x32 ./src/ssp.o
 .text.Chip_GPIO_SetPinOutLow
                0x1a0003e2       0x32 ./src/ssp.o
 .text.Chip_SSP_Enable
                0x1a000414       0x20 ./src/ssp.o
 .text.Chip_SSP_Int_Enable
                0x1a000434       0x20 ./src/ssp.o
 .text.Chip_SSP_Int_Disable
                0x1a000454       0x20 ./src/ssp.o
 .text.Chip_SSP_SetFormat
                0x1a000474       0x32 ./src/ssp.o
 *fill*         0x1a0004a6        0x2 ff
 .text.SSP1_IRQHandler
                0x1a0004a8       0x60 ./src/ssp.o
                0x1a0004a8                SSP1_IRQHandler
 .text.DMA_IRQHandler
                0x1a000508       0x4c ./src/ssp.o
                0x1a000508                DMA_IRQHandler
 .text.ADC_read
                0x1a000554       0x58 ./src/ssp.o
                0x1a000554                ADC_read
 .text.set_cspins
                0x1a0005ac       0x3c ./src/ssp.o
                0x1a0005ac                set_cspins
 .text.main     0x1a0005e8       0xa4 ./src/ssp.o
                0x1a0005e8                main
 .text.SystemInit
                0x1a00068c       0x28 ./src/sysinit.o
                0x1a00068c                SystemInit
 .text.Chip_SCU_PinMuxSet
                0x1a0006b4       0x34 C:\Users\zachs\Documents\New folder 2\lpc_board_nxp_lpcxpresso_4337\Debug\liblpc_board_nxp_lpcxpresso_4337.a(board.o)
 .text.Chip_ENET_RMIIEnable
                0x1a0006e8       0x28 C:\Users\zachs\Documents\New folder 2\lpc_board_nxp_lpcxpresso_4337\Debug\liblpc_board_nxp_lpcxpresso_4337.a(board.o)
 .text.Chip_GPIO_SetPinState
                0x1a000710       0x38 C:\Users\zachs\Documents\New folder 2\lpc_board_nxp_lpcxpresso_4337\Debug\liblpc_board_nxp_lpcxpresso_4337.a(board.o)
 .text.Chip_GPIO_SetPinDIROutput
                0x1a000748       0x3e C:\Users\zachs\Documents\New folder 2\lpc_board_nxp_lpcxpresso_4337\Debug\liblpc_board_nxp_lpcxpresso_4337.a(board.o)
 .text.Chip_UART_TXEnable
                0x1a000786       0x1a C:\Users\zachs\Documents\New folder 2\lpc_board_nxp_lpcxpresso_4337\Debug\liblpc_board_nxp_lpcxpresso_4337.a(board.o)
 .text.Chip_UART_SendByte
                0x1a0007a0       0x1e C:\Users\zachs\Documents\New folder 2\lpc_board_nxp_lpcxpresso_4337\Debug\liblpc_board_nxp_lpcxpresso_4337.a(board.o)
 .text.Chip_UART_ConfigData
                0x1a0007be       0x1c C:\Users\zachs\Documents\New folder 2\lpc_board_nxp_lpcxpresso_4337\Debug\liblpc_board_nxp_lpcxpresso_4337.a(board.o)
 .text.Chip_UART_ReadLineStatus
                0x1a0007da       0x18 C:\Users\zachs\Documents\New folder 2\lpc_board_nxp_lpcxpresso_4337\Debug\liblpc_board_nxp_lpcxpresso_4337.a(board.o)
 .text.__sys_write
                0x1a0007f2       0x38 C:\Users\zachs\Documents\New folder 2\lpc_board_nxp_lpcxpresso_4337\Debug\liblpc_board_nxp_lpcxpresso_4337.a(board.o)
                0x1a0007f2                __sys_write
 .text.Board_UART_Init
                0x1a00082a       0x24 C:\Users\zachs\Documents\New folder 2\lpc_board_nxp_lpcxpresso_4337\Debug\liblpc_board_nxp_lpcxpresso_4337.a(board.o)
                0x1a00082a                Board_UART_Init
 *fill*         0x1a00084e        0x2 ff
 .text.Board_Debug_Init
                0x1a000850       0x30 C:\Users\zachs\Documents\New folder 2\lpc_board_nxp_lpcxpresso_4337\Debug\liblpc_board_nxp_lpcxpresso_4337.a(board.o)
                0x1a000850                Board_Debug_Init
 .text.Board_UARTPutChar
                0x1a000880       0x34 C:\Users\zachs\Documents\New folder 2\lpc_board_nxp_lpcxpresso_4337\Debug\liblpc_board_nxp_lpcxpresso_4337.a(board.o)
                0x1a000880                Board_UARTPutChar
 .text.Board_LED_Init
                0x1a0008b4       0x5c C:\Users\zachs\Documents\New folder 2\lpc_board_nxp_lpcxpresso_4337\Debug\liblpc_board_nxp_lpcxpresso_4337.a(board.o)
 .text.Board_Init
                0x1a000910       0x24 C:\Users\zachs\Documents\New folder 2\lpc_board_nxp_lpcxpresso_4337\Debug\liblpc_board_nxp_lpcxpresso_4337.a(board.o)
                0x1a000910                Board_Init
 .text.Board_SSP_Init
                0x1a000934       0x6c C:\Users\zachs\Documents\New folder 2\lpc_board_nxp_lpcxpresso_4337\Debug\liblpc_board_nxp_lpcxpresso_4337.a(board.o)
                0x1a000934                Board_SSP_Init
 .text.Chip_SCU_PinMuxSet
                0x1a0009a0       0x34 C:\Users\zachs\Documents\New folder 2\lpc_board_nxp_lpcxpresso_4337\Debug\liblpc_board_nxp_lpcxpresso_4337.a(board_sysinit.o)
 .text.Chip_SCU_SetPinMuxing
                0x1a0009d4       0x4a C:\Users\zachs\Documents\New folder 2\lpc_board_nxp_lpcxpresso_4337\Debug\liblpc_board_nxp_lpcxpresso_4337.a(board_sysinit.o)
 *fill*         0x1a000a1e        0x2 ff
 .text.Chip_CREG_SetFlashAcceleration
                0x1a000a20       0x54 C:\Users\zachs\Documents\New folder 2\lpc_board_nxp_lpcxpresso_4337\Debug\liblpc_board_nxp_lpcxpresso_4337.a(board_sysinit.o)
 .text.Board_SetupMuxing
                0x1a000a74       0x14 C:\Users\zachs\Documents\New folder 2\lpc_board_nxp_lpcxpresso_4337\Debug\liblpc_board_nxp_lpcxpresso_4337.a(board_sysinit.o)
                0x1a000a74                Board_SetupMuxing
 .text.Board_SetupClocking
                0x1a000a88       0x9c C:\Users\zachs\Documents\New folder 2\lpc_board_nxp_lpcxpresso_4337\Debug\liblpc_board_nxp_lpcxpresso_4337.a(board_sysinit.o)
                0x1a000a88                Board_SetupClocking
 .text.Board_SystemInit
                0x1a000b24       0x10 C:\Users\zachs\Documents\New folder 2\lpc_board_nxp_lpcxpresso_4337\Debug\liblpc_board_nxp_lpcxpresso_4337.a(board_sysinit.o)
                0x1a000b24                Board_SystemInit
 .text.SystemCoreClockUpdate
                0x1a000b34       0x18 C:\Users\zachs\Documents\New folder 2\lpc_chip_43xx\Debug\liblpc_chip_43xx.a(chip_18xx_43xx.o)
                0x1a000b34                SystemCoreClockUpdate
 .text.ABS      0x1a000b4c       0x22 C:\Users\zachs\Documents\New folder 2\lpc_chip_43xx\Debug\liblpc_chip_43xx.a(clock_18xx_43xx.o)
 *fill*         0x1a000b6e        0x2 ff
 .text.pll_calc_divs
                0x1a000b70      0x124 C:\Users\zachs\Documents\New folder 2\lpc_chip_43xx\Debug\liblpc_chip_43xx.a(clock_18xx_43xx.o)
 .text.pll_get_frac
                0x1a000c94      0x180 C:\Users\zachs\Documents\New folder 2\lpc_chip_43xx\Debug\liblpc_chip_43xx.a(clock_18xx_43xx.o)
 .text.Chip_Clock_GetDivRate
                0x1a000e14       0x40 C:\Users\zachs\Documents\New folder 2\lpc_chip_43xx\Debug\liblpc_chip_43xx.a(clock_18xx_43xx.o)
 .text.Chip_Clock_FindBaseClock
                0x1a000e54       0x90 C:\Users\zachs\Documents\New folder 2\lpc_chip_43xx\Debug\liblpc_chip_43xx.a(clock_18xx_43xx.o)
 .text.Chip_Clock_EnableCrystal
                0x1a000ee4       0x70 C:\Users\zachs\Documents\New folder 2\lpc_chip_43xx\Debug\liblpc_chip_43xx.a(clock_18xx_43xx.o)
                0x1a000ee4                Chip_Clock_EnableCrystal
 .text.Chip_Clock_CalcMainPLLValue
                0x1a000f54       0xd8 C:\Users\zachs\Documents\New folder 2\lpc_chip_43xx\Debug\liblpc_chip_43xx.a(clock_18xx_43xx.o)
                0x1a000f54                Chip_Clock_CalcMainPLLValue
 .text.Chip_Clock_GetMainPLLHz
                0x1a00102c       0xc0 C:\Users\zachs\Documents\New folder 2\lpc_chip_43xx\Debug\liblpc_chip_43xx.a(clock_18xx_43xx.o)
                0x1a00102c                Chip_Clock_GetMainPLLHz
 .text.Chip_Clock_GetDividerSource
                0x1a0010ec       0x40 C:\Users\zachs\Documents\New folder 2\lpc_chip_43xx\Debug\liblpc_chip_43xx.a(clock_18xx_43xx.o)
                0x1a0010ec                Chip_Clock_GetDividerSource
 .text.Chip_Clock_GetDividerDivisor
                0x1a00112c       0x38 C:\Users\zachs\Documents\New folder 2\lpc_chip_43xx\Debug\liblpc_chip_43xx.a(clock_18xx_43xx.o)
                0x1a00112c                Chip_Clock_GetDividerDivisor
 .text.Chip_Clock_GetClockInputHz
                0x1a001164      0x140 C:\Users\zachs\Documents\New folder 2\lpc_chip_43xx\Debug\liblpc_chip_43xx.a(clock_18xx_43xx.o)
                0x1a001164                Chip_Clock_GetClockInputHz
 .text.Chip_Clock_GetBaseClocktHz
                0x1a0012a4       0x24 C:\Users\zachs\Documents\New folder 2\lpc_chip_43xx\Debug\liblpc_chip_43xx.a(clock_18xx_43xx.o)
                0x1a0012a4                Chip_Clock_GetBaseClocktHz
 .text.Chip_Clock_SetBaseClock
                0x1a0012c8       0x9c C:\Users\zachs\Documents\New folder 2\lpc_chip_43xx\Debug\liblpc_chip_43xx.a(clock_18xx_43xx.o)
                0x1a0012c8                Chip_Clock_SetBaseClock
 .text.Chip_Clock_GetBaseClock
                0x1a001364       0x4c C:\Users\zachs\Documents\New folder 2\lpc_chip_43xx\Debug\liblpc_chip_43xx.a(clock_18xx_43xx.o)
                0x1a001364                Chip_Clock_GetBaseClock
 .text.Chip_Clock_EnableOpts
                0x1a0013b0       0x7c C:\Users\zachs\Documents\New folder 2\lpc_chip_43xx\Debug\liblpc_chip_43xx.a(clock_18xx_43xx.o)
                0x1a0013b0                Chip_Clock_EnableOpts
 .text.Chip_Clock_Enable
                0x1a00142c       0x60 C:\Users\zachs\Documents\New folder 2\lpc_chip_43xx\Debug\liblpc_chip_43xx.a(clock_18xx_43xx.o)
                0x1a00142c                Chip_Clock_Enable
 .text.Chip_Clock_GetRate
                0x1a00148c       0x88 C:\Users\zachs\Documents\New folder 2\lpc_chip_43xx\Debug\liblpc_chip_43xx.a(clock_18xx_43xx.o)
                0x1a00148c                Chip_Clock_GetRate
 .text.fpuInit  0x1a001514       0x74 C:\Users\zachs\Documents\New folder 2\lpc_chip_43xx\Debug\liblpc_chip_43xx.a(fpu_init.o)
                0x1a001514                fpuInit
 .text.Chip_GPDMA_Init
                0x1a001588       0x6c C:\Users\zachs\Documents\New folder 2\lpc_chip_43xx\Debug\liblpc_chip_43xx.a(gpdma_18xx_43xx.o)
                0x1a001588                Chip_GPDMA_Init
 .text.Chip_GPDMA_Interrupt
                0x1a0015f4       0x6c C:\Users\zachs\Documents\New folder 2\lpc_chip_43xx\Debug\liblpc_chip_43xx.a(gpdma_18xx_43xx.o)
                0x1a0015f4                Chip_GPDMA_Interrupt
 .text.Chip_GPDMA_IntGetStatus
                0x1a001660       0xc0 C:\Users\zachs\Documents\New folder 2\lpc_chip_43xx\Debug\liblpc_chip_43xx.a(gpdma_18xx_43xx.o)
                0x1a001660                Chip_GPDMA_IntGetStatus
 .text.Chip_GPDMA_ClearIntPending
                0x1a001720       0x40 C:\Users\zachs\Documents\New folder 2\lpc_chip_43xx\Debug\liblpc_chip_43xx.a(gpdma_18xx_43xx.o)
                0x1a001720                Chip_GPDMA_ClearIntPending
 .text.Chip_GPIO_Init
                0x1a001760       0x14 C:\Users\zachs\Documents\New folder 2\lpc_chip_43xx\Debug\liblpc_chip_43xx.a(gpio_18xx_43xx.o)
                0x1a001760                Chip_GPIO_Init
 .text.Chip_SSP_GetStatus
                0x1a001774       0x2a C:\Users\zachs\Documents\New folder 2\lpc_chip_43xx\Debug\liblpc_chip_43xx.a(ssp_18xx_43xx.o)
 .text.Chip_SSP_GetRawIntStatus
                0x1a00179e       0x2a C:\Users\zachs\Documents\New folder 2\lpc_chip_43xx\Debug\liblpc_chip_43xx.a(ssp_18xx_43xx.o)
 .text.Chip_SSP_GetDataSize
                0x1a0017c8       0x20 C:\Users\zachs\Documents\New folder 2\lpc_chip_43xx\Debug\liblpc_chip_43xx.a(ssp_18xx_43xx.o)
 .text.Chip_SSP_ClearIntPending
                0x1a0017e8       0x1e C:\Users\zachs\Documents\New folder 2\lpc_chip_43xx\Debug\liblpc_chip_43xx.a(ssp_18xx_43xx.o)
 .text.Chip_SSP_ReceiveFrame
                0x1a001806       0x1a C:\Users\zachs\Documents\New folder 2\lpc_chip_43xx\Debug\liblpc_chip_43xx.a(ssp_18xx_43xx.o)
 .text.Chip_SSP_SendFrame
                0x1a001820       0x1e C:\Users\zachs\Documents\New folder 2\lpc_chip_43xx\Debug\liblpc_chip_43xx.a(ssp_18xx_43xx.o)
 .text.Chip_SSP_SetFormat
                0x1a00183e       0x32 C:\Users\zachs\Documents\New folder 2\lpc_chip_43xx\Debug\liblpc_chip_43xx.a(ssp_18xx_43xx.o)
 .text.Chip_SSP_Set_Mode
                0x1a001870       0x26 C:\Users\zachs\Documents\New folder 2\lpc_chip_43xx\Debug\liblpc_chip_43xx.a(ssp_18xx_43xx.o)
 .text.SSP_Write2BFifo
                0x1a001896       0x46 C:\Users\zachs\Documents\New folder 2\lpc_chip_43xx\Debug\liblpc_chip_43xx.a(ssp_18xx_43xx.o)
 .text.SSP_Write1BFifo
                0x1a0018dc       0x46 C:\Users\zachs\Documents\New folder 2\lpc_chip_43xx\Debug\liblpc_chip_43xx.a(ssp_18xx_43xx.o)
 .text.SSP_Read2BFifo
                0x1a001922       0x5c C:\Users\zachs\Documents\New folder 2\lpc_chip_43xx\Debug\liblpc_chip_43xx.a(ssp_18xx_43xx.o)
 .text.SSP_Read1BFifo
                0x1a00197e       0x5c C:\Users\zachs\Documents\New folder 2\lpc_chip_43xx\Debug\liblpc_chip_43xx.a(ssp_18xx_43xx.o)
 *fill*         0x1a0019da        0x2 ff
 .text.Chip_SSP_GetClockIndex
                0x1a0019dc       0x2c C:\Users\zachs\Documents\New folder 2\lpc_chip_43xx\Debug\liblpc_chip_43xx.a(ssp_18xx_43xx.o)
 .text.Chip_SSP_GetPeriphClockIndex
                0x1a001a08       0x30 C:\Users\zachs\Documents\New folder 2\lpc_chip_43xx\Debug\liblpc_chip_43xx.a(ssp_18xx_43xx.o)
 .text.Chip_SSP_SetClockRate
                0x1a001a38       0x36 C:\Users\zachs\Documents\New folder 2\lpc_chip_43xx\Debug\liblpc_chip_43xx.a(ssp_18xx_43xx.o)
                0x1a001a38                Chip_SSP_SetClockRate
 .text.Chip_SSP_RWFrames_Blocking
                0x1a001a6e      0x106 C:\Users\zachs\Documents\New folder 2\lpc_chip_43xx\Debug\liblpc_chip_43xx.a(ssp_18xx_43xx.o)
                0x1a001a6e                Chip_SSP_RWFrames_Blocking
 .text.Chip_SSP_Int_RWFrames8Bits
                0x1a001b74       0x88 C:\Users\zachs\Documents\New folder 2\lpc_chip_43xx\Debug\liblpc_chip_43xx.a(ssp_18xx_43xx.o)
                0x1a001b74                Chip_SSP_Int_RWFrames8Bits
 .text.Chip_SSP_Int_RWFrames16Bits
                0x1a001bfc       0x88 C:\Users\zachs\Documents\New folder 2\lpc_chip_43xx\Debug\liblpc_chip_43xx.a(ssp_18xx_43xx.o)
                0x1a001bfc                Chip_SSP_Int_RWFrames16Bits
 .text.Chip_SSP_SetBitRate
                0x1a001c84       0x74 C:\Users\zachs\Documents\New folder 2\lpc_chip_43xx\Debug\liblpc_chip_43xx.a(ssp_18xx_43xx.o)
                0x1a001c84                Chip_SSP_SetBitRate
 .text.Chip_SSP_Init
                0x1a001cf8       0x4c C:\Users\zachs\Documents\New folder 2\lpc_chip_43xx\Debug\liblpc_chip_43xx.a(ssp_18xx_43xx.o)
                0x1a001cf8                Chip_SSP_Init
 .text.Chip_Clock_DisableMainPLL
                0x1a001d44       0x20 C:\Users\zachs\Documents\New folder 2\lpc_chip_43xx\Debug\liblpc_chip_43xx.a(sysinit_18xx_43xx.o)
 .text.Chip_Clock_SetupMainPLL
                0x1a001d64       0x48 C:\Users\zachs\Documents\New folder 2\lpc_chip_43xx\Debug\liblpc_chip_43xx.a(sysinit_18xx_43xx.o)
 .text.Chip_Clock_MainPLLLocked
                0x1a001dac       0x24 C:\Users\zachs\Documents\New folder 2\lpc_chip_43xx\Debug\liblpc_chip_43xx.a(sysinit_18xx_43xx.o)
 .text.Chip_SetupCoreClock
                0x1a001dd0      0x148 C:\Users\zachs\Documents\New folder 2\lpc_chip_43xx\Debug\liblpc_chip_43xx.a(sysinit_18xx_43xx.o)
                0x1a001dd0                Chip_SetupCoreClock
 .text.Chip_UART_TXDisable
                0x1a001f18       0x1a C:\Users\zachs\Documents\New folder 2\lpc_chip_43xx\Debug\liblpc_chip_43xx.a(uart_18xx_43xx.o)
 .text.Chip_UART_SetupFIFOS
                0x1a001f32       0x1c C:\Users\zachs\Documents\New folder 2\lpc_chip_43xx\Debug\liblpc_chip_43xx.a(uart_18xx_43xx.o)
 .text.Chip_UART_ConfigData
                0x1a001f4e       0x1c C:\Users\zachs\Documents\New folder 2\lpc_chip_43xx\Debug\liblpc_chip_43xx.a(uart_18xx_43xx.o)
 .text.Chip_UART_EnableDivisorAccess
                0x1a001f6a       0x20 C:\Users\zachs\Documents\New folder 2\lpc_chip_43xx\Debug\liblpc_chip_43xx.a(uart_18xx_43xx.o)
 .text.Chip_UART_DisableDivisorAccess
                0x1a001f8a       0x20 C:\Users\zachs\Documents\New folder 2\lpc_chip_43xx\Debug\liblpc_chip_43xx.a(uart_18xx_43xx.o)
 .text.Chip_UART_SetDivisorLatches
                0x1a001faa       0x28 C:\Users\zachs\Documents\New folder 2\lpc_chip_43xx\Debug\liblpc_chip_43xx.a(uart_18xx_43xx.o)
 *fill*         0x1a001fd2        0x2 ff
 .text.Chip_UART_GetIndex
                0x1a001fd4       0x60 C:\Users\zachs\Documents\New folder 2\lpc_chip_43xx\Debug\liblpc_chip_43xx.a(uart_18xx_43xx.o)
 .text.Chip_UART_Init
                0x1a002034       0x84 C:\Users\zachs\Documents\New folder 2\lpc_chip_43xx\Debug\liblpc_chip_43xx.a(uart_18xx_43xx.o)
                0x1a002034                Chip_UART_Init
 .text.Chip_UART_SetBaudFDR
                0x1a0020b8      0x16c C:\Users\zachs\Documents\New folder 2\lpc_chip_43xx\Debug\liblpc_chip_43xx.a(uart_18xx_43xx.o)
                0x1a0020b8                Chip_UART_SetBaudFDR
 .text.__main   0x1a002224        0xe d:/mcuxpressoide_10.1.1_606/ide/tools/bin/../lib/gcc/arm-none-eabi/6.3.1/../../../../arm-none-eabi/lib/thumb/v7e-m/fpv4-sp/softfp\libcr_nohost.a(_cr__main.o)
                0x1a002224                __main
 .text.memset   0x1a002232        0x4 d:/mcuxpressoide_10.1.1_606/ide/tools/bin/../lib/gcc/arm-none-eabi/6.3.1/../../../../arm-none-eabi/lib/thumb/v7e-m/fpv4-sp/softfp\libcr_c.a(memset.o)
                0x1a002232                memset
 .text.fp_round
                0x1a002236       0x4e d:/mcuxpressoide_10.1.1_606/ide/tools/bin/../lib/gcc/arm-none-eabi/6.3.1/../../../../arm-none-eabi/lib/thumb/v7e-m/fpv4-sp/softfp\libcr_c.a(fpprintf.o)
 .text.pr_dec.constprop.1
                0x1a002284       0x26 d:/mcuxpressoide_10.1.1_606/ide/tools/bin/../lib/gcc/arm-none-eabi/6.3.1/../../../../arm-none-eabi/lib/thumb/v7e-m/fpv4-sp/softfp\libcr_c.a(fpprintf.o)
 *fill*         0x1a0022aa        0x2 ff
 .text.sprintf  0x1a0022ac       0x6c d:/mcuxpressoide_10.1.1_606/ide/tools/bin/../lib/gcc/arm-none-eabi/6.3.1/../../../../arm-none-eabi/lib/thumb/v7e-m/fpv4-sp/softfp\libcr_c.a(fpprintf.o)
                0x1a0022ac                sprintf
 .text.fp_display
                0x1a002318      0x964 d:/mcuxpressoide_10.1.1_606/ide/tools/bin/../lib/gcc/arm-none-eabi/6.3.1/../../../../arm-none-eabi/lib/thumb/v7e-m/fpv4-sp/softfp\libcr_c.a(fpprintf.o)
 .text.vsnprintf
                0x1a002c7c       0x5c d:/mcuxpressoide_10.1.1_606/ide/tools/bin/../lib/gcc/arm-none-eabi/6.3.1/../../../../arm-none-eabi/lib/thumb/v7e-m/fpv4-sp/softfp\libcr_c.a(fpprintf.o)
                0x1a002c7c                vsnprintf
 .text.printf   0x1a002cd8       0x54 d:/mcuxpressoide_10.1.1_606/ide/tools/bin/../lib/gcc/arm-none-eabi/6.3.1/../../../../arm-none-eabi/lib/thumb/v7e-m/fpv4-sp/softfp\libcr_c.a(fpprintf.o)
                0x1a002cd8                printf
 .text._initio  0x1a002d2c       0x78 d:/mcuxpressoide_10.1.1_606/ide/tools/bin/../lib/gcc/arm-none-eabi/6.3.1/../../../../arm-none-eabi/lib/thumb/v7e-m/fpv4-sp/softfp\libcr_c.a(initio.o)
                0x1a002d2c                _initio
 .text.__vfprintf
                0x1a002da4      0xb7c d:/mcuxpressoide_10.1.1_606/ide/tools/bin/../lib/gcc/arm-none-eabi/6.3.1/../../../../arm-none-eabi/lib/thumb/v7e-m/fpv4-sp/softfp\libcr_c.a(printf.o)
                0x1a002da4                __vfprintf
 .text.setvbuf  0x1a003920       0x40 d:/mcuxpressoide_10.1.1_606/ide/tools/bin/../lib/gcc/arm-none-eabi/6.3.1/../../../../arm-none-eabi/lib/thumb/v7e-m/fpv4-sp/softfp\libcr_c.a(setvbuf.o)
                0x1a003920                setvbuf
 .text.strlen   0x1a003960       0x4a d:/mcuxpressoide_10.1.1_606/ide/tools/bin/../lib/gcc/arm-none-eabi/6.3.1/../../../../arm-none-eabi/lib/thumb/v7e-m/fpv4-sp/softfp\libcr_c.a(strlen.o)
                0x1a003960                strlen
 .text._deferredlazyseek
                0x1a0039aa       0x40 d:/mcuxpressoide_10.1.1_606/ide/tools/bin/../lib/gcc/arm-none-eabi/6.3.1/../../../../arm-none-eabi/lib/thumb/v7e-m/fpv4-sp/softfp\libcr_c.a(_deferredlazyseek.o)
                0x1a0039aa                _deferredlazyseek
 .text.__flsbuf
                0x1a0039ea      0x148 d:/mcuxpressoide_10.1.1_606/ide/tools/bin/../lib/gcc/arm-none-eabi/6.3.1/../../../../arm-none-eabi/lib/thumb/v7e-m/fpv4-sp/softfp\libcr_c.a(_deferredlazyseek.o)
                0x1a0039ea                __flsbuf
 .text._fdopen  0x1a003b32       0x68 d:/mcuxpressoide_10.1.1_606/ide/tools/bin/../lib/gcc/arm-none-eabi/6.3.1/../../../../arm-none-eabi/lib/thumb/v7e-m/fpv4-sp/softfp\libcr_c.a(_fdopen.o)
                0x1a003b32                _fdopen
 .text._fflush  0x1a003b9a       0x54 d:/mcuxpressoide_10.1.1_606/ide/tools/bin/../lib/gcc/arm-none-eabi/6.3.1/../../../../arm-none-eabi/lib/thumb/v7e-m/fpv4-sp/softfp\libcr_c.a(_fflush.o)
                0x1a003b9a                _fflush
 .text._frexpl  0x1a003bee       0x58 d:/mcuxpressoide_10.1.1_606/ide/tools/bin/../lib/gcc/arm-none-eabi/6.3.1/../../../../arm-none-eabi/lib/thumb/v7e-m/fpv4-sp/softfp\libcr_c.a(_frexpl.o)
                0x1a003bee                _frexpl
 *fill*         0x1a003c46        0x2 ff
 .text._ldexpl  0x1a003c48       0x4c d:/mcuxpressoide_10.1.1_606/ide/tools/bin/../lib/gcc/arm-none-eabi/6.3.1/../../../../arm-none-eabi/lib/thumb/v7e-m/fpv4-sp/softfp\libcr_c.a(_ldexpl.o)
                0x1a003c48                _ldexpl
 .text._Cwritebuf
                0x1a003c94       0x6c d:/mcuxpressoide_10.1.1_606/ide/tools/bin/../lib/gcc/arm-none-eabi/6.3.1/../../../../arm-none-eabi/lib/thumb/v7e-m/fpv4-sp/softfp\libcr_c.a(_writebuf.o)
                0x1a003c94                _Cwritebuf
 .text.malloc   0x1a003d00       0xc4 d:/mcuxpressoide_10.1.1_606/ide/tools/bin/../lib/gcc/arm-none-eabi/6.3.1/../../../../arm-none-eabi/lib/thumb/v7e-m/fpv4-sp/softfp\libcr_c.a(alloc.o)
                0x1a003d00                malloc
 .text.free     0x1a003dc4       0x30 d:/mcuxpressoide_10.1.1_606/ide/tools/bin/../lib/gcc/arm-none-eabi/6.3.1/../../../../arm-none-eabi/lib/thumb/v7e-m/fpv4-sp/softfp\libcr_c.a(alloc.o)
                0x1a003dc4                free
 .text._Csys_alloc
                0x1a003df4       0x20 d:/mcuxpressoide_10.1.1_606/ide/tools/bin/../lib/gcc/arm-none-eabi/6.3.1/../../../../arm-none-eabi/lib/thumb/v7e-m/fpv4-sp/softfp\libcr_c.a(alloc.o)
                0x1a003df4                _Csys_alloc
 .text.fclose   0x1a003e14       0x58 d:/mcuxpressoide_10.1.1_606/ide/tools/bin/../lib/gcc/arm-none-eabi/6.3.1/../../../../arm-none-eabi/lib/thumb/v7e-m/fpv4-sp/softfp\libcr_c.a(fclose.o)
                0x1a003e14                fclose
 .text.fflush   0x1a003e6c       0x44 d:/mcuxpressoide_10.1.1_606/ide/tools/bin/../lib/gcc/arm-none-eabi/6.3.1/../../../../arm-none-eabi/lib/thumb/v7e-m/fpv4-sp/softfp\libcr_c.a(fflush.o)
                0x1a003e6c                fflush
 .text.fseek    0x1a003eb0      0x100 d:/mcuxpressoide_10.1.1_606/ide/tools/bin/../lib/gcc/arm-none-eabi/6.3.1/../../../../arm-none-eabi/lib/thumb/v7e-m/fpv4-sp/softfp\libcr_c.a(fseek.o)
                0x1a003eb0                fseek
 .text.ftell    0x1a003fb0       0x48 d:/mcuxpressoide_10.1.1_606/ide/tools/bin/../lib/gcc/arm-none-eabi/6.3.1/../../../../arm-none-eabi/lib/thumb/v7e-m/fpv4-sp/softfp\libcr_c.a(ftell.o)
                0x1a003fb0                ftell
 .text.remove   0x1a003ff8       0x14 d:/mcuxpressoide_10.1.1_606/ide/tools/bin/../lib/gcc/arm-none-eabi/6.3.1/../../../../arm-none-eabi/lib/thumb/v7e-m/fpv4-sp/softfp\libcr_c.a(remove.o)
                0x1a003ff8                remove
 .text._sbrk    0x1a00400c       0x3c d:/mcuxpressoide_10.1.1_606/ide/tools/bin/../lib/gcc/arm-none-eabi/6.3.1/../../../../arm-none-eabi/lib/thumb/v7e-m/fpv4-sp/softfp\libcr_c.a(_cr_sbrk.o)
                0x1a00400c                _sbrk
 .text._do_fflush
                0x1a004048       0x40 d:/mcuxpressoide_10.1.1_606/ide/tools/bin/../lib/gcc/arm-none-eabi/6.3.1/../../../../arm-none-eabi/lib/thumb/v7e-m/fpv4-sp/softfp\libcr_c.a(_do_fflush.o)
                0x1a004048                _do_fflush
 .text.__check_heap_overflow
                0x1a004088       0x18 d:/mcuxpressoide_10.1.1_606/ide/tools/bin/../lib/gcc/arm-none-eabi/6.3.1/../../../../arm-none-eabi/lib/thumb/v7e-m/fpv4-sp/softfp\libcr_c.a(_cr_check_heap.o)
                0x1a004088                __check_heap_overflow
 .text.__aeabi_division_uldivmod
                0x1a0040a0      0x174 d:/mcuxpressoide_10.1.1_606/ide/tools/bin/../lib/gcc/arm-none-eabi/6.3.1/thumb/v7e-m/fpv4-sp/softfp\libcr_eabihelpers.a(division_64.o)
                0x1a0040a0                __aeabi_uldivmod
                0x1a0040a4                __bhs_ldivmod1
 .text.__aeabi_division_idiv0
                0x1a004214        0x2 d:/mcuxpressoide_10.1.1_606/ide/tools/bin/../lib/gcc/arm-none-eabi/6.3.1/thumb/v7e-m/fpv4-sp/softfp\libcr_eabihelpers.a(division_idiv0.o)
                0x1a004214                __aeabi_idiv0
 *fill*         0x1a004216        0x2 ff
 .text.__aeabi_dmul
                0x1a004218      0x118 d:/mcuxpressoide_10.1.1_606/ide/tools/bin/../lib/gcc/arm-none-eabi/6.3.1/thumb/v7e-m/fpv4-sp/softfp\libcr_eabihelpers.a(double.o)
                0x1a004218                __aeabi_dmul
 .text.__aeabi_ddiv
                0x1a004330      0x13c d:/mcuxpressoide_10.1.1_606/ide/tools/bin/../lib/gcc/arm-none-eabi/6.3.1/thumb/v7e-m/fpv4-sp/softfp\libcr_eabihelpers.a(double.o)
                0x1a004330                __aeabi_ddiv
 .text.__aeabi_dsub
                0x1a00446c      0x1cc d:/mcuxpressoide_10.1.1_606/ide/tools/bin/../lib/gcc/arm-none-eabi/6.3.1/thumb/v7e-m/fpv4-sp/softfp\libcr_eabihelpers.a(double.o)
                0x1a00446c                __aeabi_dsub
 .text.__aeabi_dadd
                0x1a004638      0x114 d:/mcuxpressoide_10.1.1_606/ide/tools/bin/../lib/gcc/arm-none-eabi/6.3.1/thumb/v7e-m/fpv4-sp/softfp\libcr_eabihelpers.a(double.o)
                0x1a004638                __aeabi_dadd
 .text.__aeabi_d2iz
                0x1a00474c       0x40 d:/mcuxpressoide_10.1.1_606/ide/tools/bin/../lib/gcc/arm-none-eabi/6.3.1/thumb/v7e-m/fpv4-sp/softfp\libcr_eabihelpers.a(double.o)
                0x1a00474c                __aeabi_d2iz
 .text.__bhs_ui2d
                0x1a00478c       0x46 d:/mcuxpressoide_10.1.1_606/ide/tools/bin/../lib/gcc/arm-none-eabi/6.3.1/thumb/v7e-m/fpv4-sp/softfp\libcr_eabihelpers.a(double.o)
                0x1a00478c                __bhs_ui2d
 .text.__aeabi_i2d
                0x1a0047d2       0x12 d:/mcuxpressoide_10.1.1_606/ide/tools/bin/../lib/gcc/arm-none-eabi/6.3.1/thumb/v7e-m/fpv4-sp/softfp\libcr_eabihelpers.a(double.o)
                0x1a0047d2                __aeabi_i2d
 .text.__aeabi_dcmpeq
                0x1a0047e4       0x30 d:/mcuxpressoide_10.1.1_606/ide/tools/bin/../lib/gcc/arm-none-eabi/6.3.1/thumb/v7e-m/fpv4-sp/softfp\libcr_eabihelpers.a(double.o)
                0x1a0047e4                __aeabi_dcmpeq
 .text.__aeabi_dcmplt
                0x1a004814       0x58 d:/mcuxpressoide_10.1.1_606/ide/tools/bin/../lib/gcc/arm-none-eabi/6.3.1/thumb/v7e-m/fpv4-sp/softfp\libcr_eabihelpers.a(double.o)
                0x1a004814                __aeabi_dcmplt
 .text.__aeabi_dcmple
                0x1a00486c       0x54 d:/mcuxpressoide_10.1.1_606/ide/tools/bin/../lib/gcc/arm-none-eabi/6.3.1/thumb/v7e-m/fpv4-sp/softfp\libcr_eabihelpers.a(double.o)
                0x1a00486c                __aeabi_dcmple
 .text.__aeabi_dcmpge
                0x1a0048c0       0x54 d:/mcuxpressoide_10.1.1_606/ide/tools/bin/../lib/gcc/arm-none-eabi/6.3.1/thumb/v7e-m/fpv4-sp/softfp\libcr_eabihelpers.a(double.o)
                0x1a0048c0                __aeabi_dcmpge
 .text.__aeabi_memset_lowlevel
                0x1a004914       0x32 d:/mcuxpressoide_10.1.1_606/ide/tools/bin/../lib/gcc/arm-none-eabi/6.3.1/thumb/v7e-m/fpv4-sp/softfp\libcr_eabihelpers.a(memcpy.o)
                0x1a004914                __aeabi_lowlevel_memset
 .text.__sys_appexit
                0x1a004946        0x2 d:/mcuxpressoide_10.1.1_606/ide/tools/bin/../lib/gcc/arm-none-eabi/6.3.1/../../../../arm-none-eabi/lib/thumb/v7e-m/fpv4-sp/softfp\libcr_nohost.a(__sys_appexit.o)
                0x1a004946                __sys_appexit
                0x1a004946                __exit
 .text.__sys_close
                0x1a004948        0x6 d:/mcuxpressoide_10.1.1_606/ide/tools/bin/../lib/gcc/arm-none-eabi/6.3.1/../../../../arm-none-eabi/lib/thumb/v7e-m/fpv4-sp/softfp\libcr_nohost.a(__sys_close.o)
                0x1a004948                __sys_close
 .text.__sys_flen
                0x1a00494e        0x6 d:/mcuxpressoide_10.1.1_606/ide/tools/bin/../lib/gcc/arm-none-eabi/6.3.1/../../../../arm-none-eabi/lib/thumb/v7e-m/fpv4-sp/softfp\libcr_nohost.a(__sys_flen.o)
                0x1a00494e                __sys_flen
 .text.__sys_istty
                0x1a004954        0x6 d:/mcuxpressoide_10.1.1_606/ide/tools/bin/../lib/gcc/arm-none-eabi/6.3.1/../../../../arm-none-eabi/lib/thumb/v7e-m/fpv4-sp/softfp\libcr_nohost.a(__sys_istty.o)
                0x1a004954                __sys_istty
 .text.__sys_remove
                0x1a00495a        0x6 d:/mcuxpressoide_10.1.1_606/ide/tools/bin/../lib/gcc/arm-none-eabi/6.3.1/../../../../arm-none-eabi/lib/thumb/v7e-m/fpv4-sp/softfp\libcr_nohost.a(__sys_remove.o)
                0x1a00495a                __sys_remove
 .text.__sys_seek
                0x1a004960        0x6 d:/mcuxpressoide_10.1.1_606/ide/tools/bin/../lib/gcc/arm-none-eabi/6.3.1/../../../../arm-none-eabi/lib/thumb/v7e-m/fpv4-sp/softfp\libcr_nohost.a(__sys_seek.o)
                0x1a004960                __sys_seek
 .text.__sys_tmpnam
                0x1a004966        0x6 d:/mcuxpressoide_10.1.1_606/ide/tools/bin/../lib/gcc/arm-none-eabi/6.3.1/../../../../arm-none-eabi/lib/thumb/v7e-m/fpv4-sp/softfp\libcr_nohost.a(__sys_tmpnam.o)
                0x1a004966                __sys_tmpnam
 *(.rodata .rodata.* .constdata .constdata.*)
 .rodata.cs_pin
                0x1a00496c        0x6 ./src/ssp.o
 *fill*         0x1a004972        0x2 ff
 .rodata        0x1a004974       0x34 ./src/ssp.o
 .rodata.ExtRateIn
                0x1a0049a8        0x4 C:\Users\zachs\Documents\New folder 2\lpc_board_nxp_lpcxpresso_4337\Debug\liblpc_board_nxp_lpcxpresso_4337.a(board.o)
                0x1a0049a8                ExtRateIn
 .rodata.OscRateIn
                0x1a0049ac        0x4 C:\Users\zachs\Documents\New folder 2\lpc_board_nxp_lpcxpresso_4337\Debug\liblpc_board_nxp_lpcxpresso_4337.a(board.o)
                0x1a0049ac                OscRateIn
 .rodata.gpioLEDBits
                0x1a0049b0        0x6 C:\Users\zachs\Documents\New folder 2\lpc_board_nxp_lpcxpresso_4337\Debug\liblpc_board_nxp_lpcxpresso_4337.a(board.o)
 *fill*         0x1a0049b6        0x2 ff
 .rodata.InitClkStates
                0x1a0049b8        0xc C:\Users\zachs\Documents\New folder 2\lpc_board_nxp_lpcxpresso_4337\Debug\liblpc_board_nxp_lpcxpresso_4337.a(board_sysinit.o)
 .rodata.pinmuxing
                0x1a0049c4       0x34 C:\Users\zachs\Documents\New folder 2\lpc_board_nxp_lpcxpresso_4337\Debug\liblpc_board_nxp_lpcxpresso_4337.a(board_sysinit.o)
 .rodata.periph_to_base
                0x1a0049f8       0x6c C:\Users\zachs\Documents\New folder 2\lpc_chip_43xx\Debug\liblpc_chip_43xx.a(clock_18xx_43xx.o)
 .rodata        0x1a004a64        0xa C:\Users\zachs\Documents\New folder 2\lpc_chip_43xx\Debug\liblpc_chip_43xx.a(clock_18xx_43xx.o)
 *fill*         0x1a004a6e        0x2 ff
 .rodata.InitClkStates
                0x1a004a70       0x48 C:\Users\zachs\Documents\New folder 2\lpc_chip_43xx\Debug\liblpc_chip_43xx.a(sysinit_18xx_43xx.o)
 .rodata.UART_PClock
                0x1a004ab8        0x8 C:\Users\zachs\Documents\New folder 2\lpc_chip_43xx\Debug\liblpc_chip_43xx.a(uart_18xx_43xx.o)
 .rodata.UART_BClock
                0x1a004ac0        0x8 C:\Users\zachs\Documents\New folder 2\lpc_chip_43xx\Debug\liblpc_chip_43xx.a(uart_18xx_43xx.o)
 .rodata.fp_display.str1.1
                0x1a004ac8       0x34 d:/mcuxpressoide_10.1.1_606/ide/tools/bin/../lib/gcc/arm-none-eabi/6.3.1/../../../../arm-none-eabi/lib/thumb/v7e-m/fpv4-sp/softfp\libcr_c.a(fpprintf.o)
                                 0x35 (size before relaxing)
 .rodata._initio.str1.1
                0x1a004afc        0x4 d:/mcuxpressoide_10.1.1_606/ide/tools/bin/../lib/gcc/arm-none-eabi/6.3.1/../../../../arm-none-eabi/lib/thumb/v7e-m/fpv4-sp/softfp\libcr_c.a(initio.o)
 .rodata.__vfprintf.str1.1
                0x1a004b00       0x31 d:/mcuxpressoide_10.1.1_606/ide/tools/bin/../lib/gcc/arm-none-eabi/6.3.1/../../../../arm-none-eabi/lib/thumb/v7e-m/fpv4-sp/softfp\libcr_c.a(printf.o)
                                 0x38 (size before relaxing)
 .rodata._Csys_alloc.str1.1
                0x1a004b31       0x18 d:/mcuxpressoide_10.1.1_606/ide/tools/bin/../lib/gcc/arm-none-eabi/6.3.1/../../../../arm-none-eabi/lib/thumb/v7e-m/fpv4-sp/softfp\libcr_c.a(alloc.o)
 *fill*         0x1a004b49        0x7 ff
 .rodata.__huge_vall
                0x1a004b50        0x8 d:/mcuxpressoide_10.1.1_606/ide/tools/bin/../lib/gcc/arm-none-eabi/6.3.1/../../../../arm-none-eabi/lib/thumb/v7e-m/fpv4-sp/softfp\libcr_c.a(_hugeval.o)
                0x1a004b50                __huge_vall
 .rodata.__num_Ciob_streams
                0x1a004b58        0x4 d:/mcuxpressoide_10.1.1_606/ide/tools/bin/../lib/gcc/arm-none-eabi/6.3.1/../../../../arm-none-eabi/lib/thumb/v7e-m/fpv4-sp/softfp\libcr_nohost.a(__ciob.o)
                0x1a004b58                __num_Ciob_streams
                0x1a004b5c                . = ALIGN (0x4)

.glue_7         0x1a004b5c        0x0
 .glue_7        0x1a004b5c        0x0 linker stubs

.glue_7t        0x1a004b5c        0x0
 .glue_7t       0x1a004b5c        0x0 linker stubs

.vfp11_veneer   0x1a004b5c        0x0
 .vfp11_veneer  0x1a004b5c        0x0 linker stubs

.v4_bx          0x1a004b5c        0x0
 .v4_bx         0x1a004b5c        0x0 linker stubs

.iplt           0x1a004b5c        0x0
 .iplt          0x1a004b5c        0x0 ./src/cr_startup_lpc43xx.o

.rel.dyn        0x1a004b5c        0x0
 .rel.iplt      0x1a004b5c        0x0 ./src/cr_startup_lpc43xx.o

.ARM.extab
 *(.ARM.extab* .gnu.linkonce.armextab.*)
                0x1a004b5c                __exidx_start = .

.ARM.exidx
 *(.ARM.exidx* .gnu.linkonce.armexidx.*)
                0x1a004b5c                __exidx_end = .
                0x1a004b5c                _etext = .

.data_RAM2      0x10080000        0x0 load address 0x1a004b5c
 FILL mask 0xff
                [!provide]                PROVIDE (__start_data_RAM2, .)
 *(.ramfunc.$RAM2)
 *(.ramfunc.$RamLoc40)
 *(.data.$RAM2*)
 *(.data.$RamLoc40*)
                0x10080000                . = ALIGN (0x4)
                [!provide]                PROVIDE (__end_data_RAM2, .)

.data_RAM3      0x20000000        0x0 load address 0x1a004b5c
 FILL mask 0xff
                [!provide]                PROVIDE (__start_data_RAM3, .)
 *(.ramfunc.$RAM3)
 *(.ramfunc.$RamAHB32)
 *(.data.$RAM3*)
 *(.data.$RamAHB32*)
                0x20000000                . = ALIGN (0x4)
                [!provide]                PROVIDE (__end_data_RAM3, .)

.data_RAM4      0x20008000        0x0 load address 0x1a004b5c
 FILL mask 0xff
                [!provide]                PROVIDE (__start_data_RAM4, .)
 *(.ramfunc.$RAM4)
 *(.ramfunc.$RamAHB16)
 *(.data.$RAM4*)
 *(.data.$RamAHB16*)
                0x20008000                . = ALIGN (0x4)
                [!provide]                PROVIDE (__end_data_RAM4, .)

.data_RAM5      0x2000c000        0x0 load address 0x1a004b5c
 FILL mask 0xff
                [!provide]                PROVIDE (__start_data_RAM5, .)
 *(.ramfunc.$RAM5)
 *(.ramfunc.$RamAHB_ETB16)
 *(.data.$RAM5*)
 *(.data.$RamAHB_ETB16*)
                0x2000c000                . = ALIGN (0x4)
                [!provide]                PROVIDE (__end_data_RAM5, .)

.uninit_RESERVED
                0x10000000        0x0
 *(.bss.$RESERVED*)
                0x10000000                . = ALIGN (0x4)
                0x10000000                _end_uninit_RESERVED = .

.data           0x10000000        0x0 load address 0x1a004b5c
 FILL mask 0xff
                0x10000000                _data = .
 *(vtable)
 *(.ramfunc*)
 *(.data*)
                0x10000000                . = ALIGN (0x4)
                0x10000000                _edata = .

.igot.plt       0x10000000        0x0 load address 0x1a004b5c
 .igot.plt      0x10000000        0x0 ./src/cr_startup_lpc43xx.o

.bss_RAM2       0x10080000        0x0
                [!provide]                PROVIDE (__start_bss_RAM2, .)
 *(.bss.$RAM2*)
 *(.bss.$RamLoc40*)
                0x10080000                . = ALIGN ((. != 0x0)?0x4:0x1)
                [!provide]                PROVIDE (__end_bss_RAM2, .)

.bss_RAM3       0x20000000        0x0
                [!provide]                PROVIDE (__start_bss_RAM3, .)
 *(.bss.$RAM3*)
 *(.bss.$RamAHB32*)
                0x20000000                . = ALIGN ((. != 0x0)?0x4:0x1)
                [!provide]                PROVIDE (__end_bss_RAM3, .)

.bss_RAM4       0x20008000        0x0
                [!provide]                PROVIDE (__start_bss_RAM4, .)
 *(.bss.$RAM4*)
 *(.bss.$RamAHB16*)
                0x20008000                . = ALIGN ((. != 0x0)?0x4:0x1)
                [!provide]                PROVIDE (__end_bss_RAM4, .)

.bss_RAM5       0x2000c000        0x0
                [!provide]                PROVIDE (__start_bss_RAM5, .)
 *(.bss.$RAM5*)
 *(.bss.$RamAHB_ETB16*)
                0x2000c000                . = ALIGN ((. != 0x0)?0x4:0x1)
                [!provide]                PROVIDE (__end_bss_RAM5, .)

.bss            0x10000000      0x320
                0x10000000                _bss = .
 *(.bss*)
 .bss.Tx_Buf    0x10000000      0x100 ./src/ssp.o
 .bss.ssp_format
                0x10000100        0x3 ./src/ssp.o
 *fill*         0x10000103        0x1 
 .bss.xf_setup  0x10000104       0x14 ./src/ssp.o
 .bss.isXferCompleted
                0x10000118        0x1 ./src/ssp.o
 .bss.dmaChSSPTx
                0x10000119        0x1 ./src/ssp.o
 .bss.dmaChSSPRx
                0x1000011a        0x1 ./src/ssp.o
 .bss.isDmaTxfCompleted
                0x1000011b        0x1 ./src/ssp.o
 .bss.isDmaRxfCompleted
                0x1000011c        0x1 ./src/ssp.o
 *fill*         0x1000011d        0x3 
 .bss.audio_usb_pll_freq
                0x10000120        0x8 C:\Users\zachs\Documents\New folder 2\lpc_chip_43xx\Debug\liblpc_chip_43xx.a(clock_18xx_43xx.o)
 .bss.ChannelHandlerArray
                0x10000128        0x8 C:\Users\zachs\Documents\New folder 2\lpc_chip_43xx\Debug\liblpc_chip_43xx.a(gpdma_18xx_43xx.o)
 .bss.errno     0x10000130        0x4 d:/mcuxpressoide_10.1.1_606/ide/tools/bin/../lib/gcc/arm-none-eabi/6.3.1/../../../../arm-none-eabi/lib/thumb/v7e-m/fpv4-sp/softfp\libcr_c.a(errno.o)
                0x10000130                errno
 .bss.__end_of_heap
                0x10000134        0x4 d:/mcuxpressoide_10.1.1_606/ide/tools/bin/../lib/gcc/arm-none-eabi/6.3.1/../../../../arm-none-eabi/lib/thumb/v7e-m/fpv4-sp/softfp\libcr_c.a(__init_alloc.o)
                0x10000134                __end_of_heap
 .bss.__heaps   0x10000138        0x4 d:/mcuxpressoide_10.1.1_606/ide/tools/bin/../lib/gcc/arm-none-eabi/6.3.1/../../../../arm-none-eabi/lib/thumb/v7e-m/fpv4-sp/softfp\libcr_c.a(__init_alloc.o)
                0x10000138                __heaps
 .bss.__Ciob    0x1000013c      0x1e0 d:/mcuxpressoide_10.1.1_606/ide/tools/bin/../lib/gcc/arm-none-eabi/6.3.1/../../../../arm-none-eabi/lib/thumb/v7e-m/fpv4-sp/softfp\libcr_nohost.a(__ciob.o)
                0x1000013c                __Ciob
 *(COMMON)
 COMMON         0x1000031c        0x4 C:\Users\zachs\Documents\New folder 2\lpc_chip_43xx\Debug\liblpc_chip_43xx.a(chip_18xx_43xx.o)
                0x1000031c                SystemCoreClock
                0x10000320                . = ALIGN (0x4)
                0x10000320                _ebss = .
                [!provide]                PROVIDE (end, .)

.noinit_RAM2    0x10080000        0x0
 *(.noinit.$RAM2*)
 *(.noinit.$RamLoc40*)
                0x10080000                . = ALIGN (0x4)

.noinit_RAM3    0x20000000        0x0
 *(.noinit.$RAM3*)
 *(.noinit.$RamAHB32*)
                0x20000000                . = ALIGN (0x4)

.noinit_RAM4    0x20008000        0x0
 *(.noinit.$RAM4*)
 *(.noinit.$RamAHB16*)
                0x20008000                . = ALIGN (0x4)

.noinit_RAM5    0x2000c000        0x0
 *(.noinit.$RAM5*)
 *(.noinit.$RamAHB_ETB16*)
                0x2000c000                . = ALIGN (0x4)

.noinit         0x10000320        0x0
                0x10000320                _noinit = .
 *(.noinit*)
                0x10000320                . = ALIGN (0x4)
                0x10000320                _end_noinit = .
                0x10000320                PROVIDE (_pvHeapStart, DEFINED (__user_heap_base)?__user_heap_base:.)
                0x10008000                PROVIDE (_vStackTop, DEFINED (__user_stack_top)?__user_stack_top:(__top_RamLoc32 - 0x0))
                0x53ff73ca                PROVIDE (__valid_user_code_checksum, (0x0 - ((((((_vStackTop + (ResetISR + 0x1)) + (NMI_Handler + 0x1)) + (HardFault_Handler + 0x1)) + (DEFINED (MemManage_Handler)?MemManage_Handler:0x0 + 0x1)) + (DEFINED (BusFault_Handler)?BusFault_Handler:0x0 + 0x1)) + (DEFINED (UsageFault_Handler)?UsageFault_Handler:0x0 + 0x1))))
                0x1a000000                _image_start = LOADADDR (.text)
                0x1a004b5c                _image_end = (LOADADDR (.data) + SIZEOF (.data))
                0x00004b5c                _image_size = (_image_end - _image_start)
OUTPUT(periph_ssp.axf elf32-littlearm)

.debug_info     0x00000000     0xa3a1
 .debug_info    0x00000000      0x2a0 ./src/cr_startup_lpc43xx.o
 .debug_info    0x000002a0     0x15ee ./src/ssp.o
 .debug_info    0x0000188e      0x239 ./src/sysinit.o
 .debug_info    0x00001ac7     0x1acb C:\Users\zachs\Documents\New folder 2\lpc_board_nxp_lpcxpresso_4337\Debug\liblpc_board_nxp_lpcxpresso_4337.a(board.o)
 .debug_info    0x00003592      0xd41 C:\Users\zachs\Documents\New folder 2\lpc_board_nxp_lpcxpresso_4337\Debug\liblpc_board_nxp_lpcxpresso_4337.a(board_sysinit.o)
 .debug_info    0x000042d3      0xa7e C:\Users\zachs\Documents\New folder 2\lpc_chip_43xx\Debug\liblpc_chip_43xx.a(chip_18xx_43xx.o)
 .debug_info    0x00004d51     0x15c1 C:\Users\zachs\Documents\New folder 2\lpc_chip_43xx\Debug\liblpc_chip_43xx.a(clock_18xx_43xx.o)
 .debug_info    0x00006312      0x15d C:\Users\zachs\Documents\New folder 2\lpc_chip_43xx\Debug\liblpc_chip_43xx.a(fpu_init.o)
 .debug_info    0x0000646f     0x1666 C:\Users\zachs\Documents\New folder 2\lpc_chip_43xx\Debug\liblpc_chip_43xx.a(gpdma_18xx_43xx.o)
 .debug_info    0x00007ad5      0x236 C:\Users\zachs\Documents\New folder 2\lpc_chip_43xx\Debug\liblpc_chip_43xx.a(gpio_18xx_43xx.o)
 .debug_info    0x00007d0b      0xc4a C:\Users\zachs\Documents\New folder 2\lpc_chip_43xx\Debug\liblpc_chip_43xx.a(ssp_18xx_43xx.o)
 .debug_info    0x00008955      0x94d C:\Users\zachs\Documents\New folder 2\lpc_chip_43xx\Debug\liblpc_chip_43xx.a(sysinit_18xx_43xx.o)
 .debug_info    0x000092a2     0x10ff C:\Users\zachs\Documents\New folder 2\lpc_chip_43xx\Debug\liblpc_chip_43xx.a(uart_18xx_43xx.o)

.debug_abbrev   0x00000000     0x1974
 .debug_abbrev  0x00000000      0x10c ./src/cr_startup_lpc43xx.o
 .debug_abbrev  0x0000010c      0x2f2 ./src/ssp.o
 .debug_abbrev  0x000003fe       0xdd ./src/sysinit.o
 .debug_abbrev  0x000004db      0x35c C:\Users\zachs\Documents\New folder 2\lpc_board_nxp_lpcxpresso_4337\Debug\liblpc_board_nxp_lpcxpresso_4337.a(board.o)
 .debug_abbrev  0x00000837      0x1f0 C:\Users\zachs\Documents\New folder 2\lpc_board_nxp_lpcxpresso_4337\Debug\liblpc_board_nxp_lpcxpresso_4337.a(board_sysinit.o)
 .debug_abbrev  0x00000a27      0x177 C:\Users\zachs\Documents\New folder 2\lpc_chip_43xx\Debug\liblpc_chip_43xx.a(chip_18xx_43xx.o)
 .debug_abbrev  0x00000b9e      0x2d7 C:\Users\zachs\Documents\New folder 2\lpc_chip_43xx\Debug\liblpc_chip_43xx.a(clock_18xx_43xx.o)
 .debug_abbrev  0x00000e75       0xaa C:\Users\zachs\Documents\New folder 2\lpc_chip_43xx\Debug\liblpc_chip_43xx.a(fpu_init.o)
 .debug_abbrev  0x00000f1f      0x24d C:\Users\zachs\Documents\New folder 2\lpc_chip_43xx\Debug\liblpc_chip_43xx.a(gpdma_18xx_43xx.o)
 .debug_abbrev  0x0000116c      0x10c C:\Users\zachs\Documents\New folder 2\lpc_chip_43xx\Debug\liblpc_chip_43xx.a(gpio_18xx_43xx.o)
 .debug_abbrev  0x00001278      0x265 C:\Users\zachs\Documents\New folder 2\lpc_chip_43xx\Debug\liblpc_chip_43xx.a(ssp_18xx_43xx.o)
 .debug_abbrev  0x000014dd      0x1a2 C:\Users\zachs\Documents\New folder 2\lpc_chip_43xx\Debug\liblpc_chip_43xx.a(sysinit_18xx_43xx.o)
 .debug_abbrev  0x0000167f      0x2f5 C:\Users\zachs\Documents\New folder 2\lpc_chip_43xx\Debug\liblpc_chip_43xx.a(uart_18xx_43xx.o)

.debug_aranges  0x00000000      0x7b8
 .debug_aranges
                0x00000000       0x80 ./src/cr_startup_lpc43xx.o
 .debug_aranges
                0x00000080       0xc0 ./src/ssp.o
 .debug_aranges
                0x00000140       0x20 ./src/sysinit.o
 .debug_aranges
                0x00000160      0x170 C:\Users\zachs\Documents\New folder 2\lpc_board_nxp_lpcxpresso_4337\Debug\liblpc_board_nxp_lpcxpresso_4337.a(board.o)
 .debug_aranges
                0x000002d0       0x48 C:\Users\zachs\Documents\New folder 2\lpc_board_nxp_lpcxpresso_4337\Debug\liblpc_board_nxp_lpcxpresso_4337.a(board_sysinit.o)
 .debug_aranges
                0x00000318       0x40 C:\Users\zachs\Documents\New folder 2\lpc_chip_43xx\Debug\liblpc_chip_43xx.a(chip_18xx_43xx.o)
 .debug_aranges
                0x00000358      0x138 C:\Users\zachs\Documents\New folder 2\lpc_chip_43xx\Debug\liblpc_chip_43xx.a(clock_18xx_43xx.o)
 .debug_aranges
                0x00000490       0x20 C:\Users\zachs\Documents\New folder 2\lpc_chip_43xx\Debug\liblpc_chip_43xx.a(fpu_init.o)
 .debug_aranges
                0x000004b0       0x90 C:\Users\zachs\Documents\New folder 2\lpc_chip_43xx\Debug\liblpc_chip_43xx.a(gpdma_18xx_43xx.o)
 .debug_aranges
                0x00000540       0x28 C:\Users\zachs\Documents\New folder 2\lpc_chip_43xx\Debug\liblpc_chip_43xx.a(gpio_18xx_43xx.o)
 .debug_aranges
                0x00000568       0xe8 C:\Users\zachs\Documents\New folder 2\lpc_chip_43xx\Debug\liblpc_chip_43xx.a(ssp_18xx_43xx.o)
 .debug_aranges
                0x00000650       0x50 C:\Users\zachs\Documents\New folder 2\lpc_chip_43xx\Debug\liblpc_chip_43xx.a(sysinit_18xx_43xx.o)
 .debug_aranges
                0x000006a0      0x118 C:\Users\zachs\Documents\New folder 2\lpc_chip_43xx\Debug\liblpc_chip_43xx.a(uart_18xx_43xx.o)

.debug_ranges   0x00000000      0x718
 .debug_ranges  0x00000000       0x70 ./src/cr_startup_lpc43xx.o
 .debug_ranges  0x00000070       0xb0 ./src/ssp.o
 .debug_ranges  0x00000120       0x10 ./src/sysinit.o
 .debug_ranges  0x00000130      0x160 C:\Users\zachs\Documents\New folder 2\lpc_board_nxp_lpcxpresso_4337\Debug\liblpc_board_nxp_lpcxpresso_4337.a(board.o)
 .debug_ranges  0x00000290       0x38 C:\Users\zachs\Documents\New folder 2\lpc_board_nxp_lpcxpresso_4337\Debug\liblpc_board_nxp_lpcxpresso_4337.a(board_sysinit.o)
 .debug_ranges  0x000002c8       0x30 C:\Users\zachs\Documents\New folder 2\lpc_chip_43xx\Debug\liblpc_chip_43xx.a(chip_18xx_43xx.o)
 .debug_ranges  0x000002f8      0x140 C:\Users\zachs\Documents\New folder 2\lpc_chip_43xx\Debug\liblpc_chip_43xx.a(clock_18xx_43xx.o)
 .debug_ranges  0x00000438       0x10 C:\Users\zachs\Documents\New folder 2\lpc_chip_43xx\Debug\liblpc_chip_43xx.a(fpu_init.o)
 .debug_ranges  0x00000448       0x80 C:\Users\zachs\Documents\New folder 2\lpc_chip_43xx\Debug\liblpc_chip_43xx.a(gpdma_18xx_43xx.o)
 .debug_ranges  0x000004c8       0x18 C:\Users\zachs\Documents\New folder 2\lpc_chip_43xx\Debug\liblpc_chip_43xx.a(gpio_18xx_43xx.o)
 .debug_ranges  0x000004e0       0xd8 C:\Users\zachs\Documents\New folder 2\lpc_chip_43xx\Debug\liblpc_chip_43xx.a(ssp_18xx_43xx.o)
 .debug_ranges  0x000005b8       0x40 C:\Users\zachs\Documents\New folder 2\lpc_chip_43xx\Debug\liblpc_chip_43xx.a(sysinit_18xx_43xx.o)
 .debug_ranges  0x000005f8      0x120 C:\Users\zachs\Documents\New folder 2\lpc_chip_43xx\Debug\liblpc_chip_43xx.a(uart_18xx_43xx.o)

.debug_macro    0x00000000     0x766c
 .debug_macro   0x00000000       0x1d ./src/cr_startup_lpc43xx.o
 .debug_macro   0x0000001d      0x8c8 ./src/cr_startup_lpc43xx.o
 .debug_macro   0x000008e5      0x3c2 ./src/ssp.o
 .debug_macro   0x00000ca7       0x10 ./src/ssp.o
 .debug_macro   0x00000cb7       0x10 ./src/ssp.o
 .debug_macro   0x00000cc7      0x12d ./src/ssp.o
 .debug_macro   0x00000df4      0x5b2 ./src/ssp.o
 .debug_macro   0x000013a6       0x22 ./src/ssp.o
 .debug_macro   0x000013c8       0x88 ./src/ssp.o
 .debug_macro   0x00001450       0x28 ./src/ssp.o
 .debug_macro   0x00001478       0x3b ./src/ssp.o
 .debug_macro   0x000014b3       0x2d ./src/ssp.o
 .debug_macro   0x000014e0       0x42 ./src/ssp.o
 .debug_macro   0x00001522      0xd39 ./src/ssp.o
 .debug_macro   0x0000225b      0x2c3 ./src/ssp.o
 .debug_macro   0x0000251e      0x112 ./src/ssp.o
 .debug_macro   0x00002630       0x11 ./src/ssp.o
 .debug_macro   0x00002641       0x2a ./src/ssp.o
 .debug_macro   0x0000266b       0x16 ./src/ssp.o
 .debug_macro   0x00002681      0x2e6 ./src/ssp.o
 .debug_macro   0x00002967       0x82 ./src/ssp.o
 .debug_macro   0x000029e9      0x13d ./src/ssp.o
 .debug_macro   0x00002b26      0x198 ./src/ssp.o
 .debug_macro   0x00002cbe       0x34 ./src/ssp.o
 .debug_macro   0x00002cf2       0x58 ./src/ssp.o
 .debug_macro   0x00002d4a      0x236 ./src/ssp.o
 .debug_macro   0x00002f80      0x572 ./src/ssp.o
 .debug_macro   0x000034f2       0x16 ./src/ssp.o
 .debug_macro   0x00003508      0x18a ./src/ssp.o
 .debug_macro   0x00003692       0x88 ./src/ssp.o
 .debug_macro   0x0000371a      0x1b9 ./src/ssp.o
 .debug_macro   0x000038d3      0x1da ./src/ssp.o
 .debug_macro   0x00003aad       0x40 ./src/ssp.o
 .debug_macro   0x00003aed       0x1c ./src/ssp.o
 .debug_macro   0x00003b09       0x2e ./src/ssp.o
 .debug_macro   0x00003b37       0x2e ./src/ssp.o
 .debug_macro   0x00003b65       0x22 ./src/ssp.o
 .debug_macro   0x00003b87      0x201 ./src/ssp.o
 .debug_macro   0x00003d88       0xe0 ./src/ssp.o
 .debug_macro   0x00003e68      0x34c ./src/ssp.o
 .debug_macro   0x000041b4       0xdc ./src/ssp.o
 .debug_macro   0x00004290       0xc4 ./src/ssp.o
 .debug_macro   0x00004354       0x8f ./src/ssp.o
 .debug_macro   0x000043e3       0x94 ./src/ssp.o
 .debug_macro   0x00004477       0xb8 ./src/ssp.o
 .debug_macro   0x0000452f       0x4c ./src/ssp.o
 .debug_macro   0x0000457b       0x16 ./src/ssp.o
 .debug_macro   0x00004591      0x328 ./src/ssp.o
 .debug_macro   0x000048b9       0x3a ./src/ssp.o
 .debug_macro   0x000048f3       0xd0 ./src/ssp.o
 .debug_macro   0x000049c3       0x18 ./src/ssp.o
 .debug_macro   0x000049db       0x22 ./src/ssp.o
 .debug_macro   0x000049fd       0x40 ./src/ssp.o
 .debug_macro   0x00004a3d       0xf6 ./src/ssp.o
 .debug_macro   0x00004b33       0x9a ./src/ssp.o
 .debug_macro   0x00004bcd       0x20 ./src/ssp.o
 .debug_macro   0x00004bed      0x31a ./src/sysinit.o
 .debug_macro   0x00004f07      0x340 C:\Users\zachs\Documents\New folder 2\lpc_board_nxp_lpcxpresso_4337\Debug\liblpc_board_nxp_lpcxpresso_4337.a(board.o)
 .debug_macro   0x00005247      0x8c2 C:\Users\zachs\Documents\New folder 2\lpc_board_nxp_lpcxpresso_4337\Debug\liblpc_board_nxp_lpcxpresso_4337.a(board.o)
 .debug_macro   0x00005b09       0x12 C:\Users\zachs\Documents\New folder 2\lpc_board_nxp_lpcxpresso_4337\Debug\liblpc_board_nxp_lpcxpresso_4337.a(board.o)
 .debug_macro   0x00005b1b      0x339 C:\Users\zachs\Documents\New folder 2\lpc_board_nxp_lpcxpresso_4337\Debug\liblpc_board_nxp_lpcxpresso_4337.a(board.o)
 .debug_macro   0x00005e54      0x31a C:\Users\zachs\Documents\New folder 2\lpc_board_nxp_lpcxpresso_4337\Debug\liblpc_board_nxp_lpcxpresso_4337.a(board_sysinit.o)
 .debug_macro   0x0000616e      0x2e4 C:\Users\zachs\Documents\New folder 2\lpc_chip_43xx\Debug\liblpc_chip_43xx.a(chip_18xx_43xx.o)
 .debug_macro   0x00006452      0x2ea C:\Users\zachs\Documents\New folder 2\lpc_chip_43xx\Debug\liblpc_chip_43xx.a(clock_18xx_43xx.o)
 .debug_macro   0x0000673c       0xbc C:\Users\zachs\Documents\New folder 2\lpc_chip_43xx\Debug\liblpc_chip_43xx.a(fpu_init.o)
 .debug_macro   0x000067f8      0x2e4 C:\Users\zachs\Documents\New folder 2\lpc_chip_43xx\Debug\liblpc_chip_43xx.a(gpdma_18xx_43xx.o)
 .debug_macro   0x00006adc      0x2e4 C:\Users\zachs\Documents\New folder 2\lpc_chip_43xx\Debug\liblpc_chip_43xx.a(gpio_18xx_43xx.o)
 .debug_macro   0x00006dc0      0x2e4 C:\Users\zachs\Documents\New folder 2\lpc_chip_43xx\Debug\liblpc_chip_43xx.a(ssp_18xx_43xx.o)
 .debug_macro   0x000070a4      0x2e4 C:\Users\zachs\Documents\New folder 2\lpc_chip_43xx\Debug\liblpc_chip_43xx.a(sysinit_18xx_43xx.o)
 .debug_macro   0x00007388      0x2e4 C:\Users\zachs\Documents\New folder 2\lpc_chip_43xx\Debug\liblpc_chip_43xx.a(uart_18xx_43xx.o)

.debug_line     0x00000000     0x5dc7
 .debug_line    0x00000000       0xf8 ./src/cr_startup_lpc43xx.o
 .debug_line    0x000000f8      0x949 ./src/ssp.o
 .debug_line    0x00000a41      0x68b ./src/sysinit.o
 .debug_line    0x000010cc      0xa69 C:\Users\zachs\Documents\New folder 2\lpc_board_nxp_lpcxpresso_4337\Debug\liblpc_board_nxp_lpcxpresso_4337.a(board.o)
 .debug_line    0x00001b35      0x71c C:\Users\zachs\Documents\New folder 2\lpc_board_nxp_lpcxpresso_4337\Debug\liblpc_board_nxp_lpcxpresso_4337.a(board_sysinit.o)
 .debug_line    0x00002251      0x689 C:\Users\zachs\Documents\New folder 2\lpc_chip_43xx\Debug\liblpc_chip_43xx.a(chip_18xx_43xx.o)
 .debug_line    0x000028da      0xa89 C:\Users\zachs\Documents\New folder 2\lpc_chip_43xx\Debug\liblpc_chip_43xx.a(clock_18xx_43xx.o)
 .debug_line    0x00003363      0x220 C:\Users\zachs\Documents\New folder 2\lpc_chip_43xx\Debug\liblpc_chip_43xx.a(fpu_init.o)
 .debug_line    0x00003583      0x863 C:\Users\zachs\Documents\New folder 2\lpc_chip_43xx\Debug\liblpc_chip_43xx.a(gpdma_18xx_43xx.o)
 .debug_line    0x00003de6      0x62f C:\Users\zachs\Documents\New folder 2\lpc_chip_43xx\Debug\liblpc_chip_43xx.a(gpio_18xx_43xx.o)
 .debug_line    0x00004415      0x96a C:\Users\zachs\Documents\New folder 2\lpc_chip_43xx\Debug\liblpc_chip_43xx.a(ssp_18xx_43xx.o)
 .debug_line    0x00004d7f      0x6e2 C:\Users\zachs\Documents\New folder 2\lpc_chip_43xx\Debug\liblpc_chip_43xx.a(sysinit_18xx_43xx.o)
 .debug_line    0x00005461      0x966 C:\Users\zachs\Documents\New folder 2\lpc_chip_43xx\Debug\liblpc_chip_43xx.a(uart_18xx_43xx.o)

.debug_str      0x00000000    0x1a162
 .debug_str     0x00000000     0x27aa ./src/cr_startup_lpc43xx.o
                               0x27c2 (size before relaxing)
 .debug_str     0x000027aa    0x14c71 ./src/ssp.o
                              0x173c1 (size before relaxing)
 .debug_str     0x0001741b       0x1b ./src/sysinit.o
                              0x15aea (size before relaxing)
 .debug_str     0x00017436     0x17e0 C:\Users\zachs\Documents\New folder 2\lpc_board_nxp_lpcxpresso_4337\Debug\liblpc_board_nxp_lpcxpresso_4337.a(board.o)
                              0x17f69 (size before relaxing)
 .debug_str     0x00018c16      0x16d C:\Users\zachs\Documents\New folder 2\lpc_board_nxp_lpcxpresso_4337\Debug\liblpc_board_nxp_lpcxpresso_4337.a(board_sysinit.o)
                              0x168e5 (size before relaxing)
 .debug_str     0x00018d83       0xdb C:\Users\zachs\Documents\New folder 2\lpc_chip_43xx\Debug\liblpc_chip_43xx.a(chip_18xx_43xx.o)
                              0x160f6 (size before relaxing)
 .debug_str     0x00018e5e      0x5e7 C:\Users\zachs\Documents\New folder 2\lpc_chip_43xx\Debug\liblpc_chip_43xx.a(clock_18xx_43xx.o)
                              0x16675 (size before relaxing)
 .debug_str     0x00019445       0xb5 C:\Users\zachs\Documents\New folder 2\lpc_chip_43xx\Debug\liblpc_chip_43xx.a(fpu_init.o)
                               0x9965 (size before relaxing)
 .debug_str     0x000194fa      0x496 C:\Users\zachs\Documents\New folder 2\lpc_chip_43xx\Debug\liblpc_chip_43xx.a(gpdma_18xx_43xx.o)
                              0x1669f (size before relaxing)
 .debug_str     0x00019990       0x38 C:\Users\zachs\Documents\New folder 2\lpc_chip_43xx\Debug\liblpc_chip_43xx.a(gpio_18xx_43xx.o)
                              0x1541c (size before relaxing)
 .debug_str     0x000199c8      0x3b8 C:\Users\zachs\Documents\New folder 2\lpc_chip_43xx\Debug\liblpc_chip_43xx.a(ssp_18xx_43xx.o)
                              0x15e18 (size before relaxing)
 .debug_str     0x00019d80       0xb7 C:\Users\zachs\Documents\New folder 2\lpc_chip_43xx\Debug\liblpc_chip_43xx.a(sysinit_18xx_43xx.o)
                              0x160d8 (size before relaxing)
 .debug_str     0x00019e37      0x32b C:\Users\zachs\Documents\New folder 2\lpc_chip_43xx\Debug\liblpc_chip_43xx.a(uart_18xx_43xx.o)
                              0x16239 (size before relaxing)

.comment        0x00000000       0x7f
 .comment       0x00000000       0x7f ./src/cr_startup_lpc43xx.o
                                 0x80 (size before relaxing)
 .comment       0x0000007f       0x80 ./src/ssp.o
 .comment       0x0000007f       0x80 ./src/sysinit.o
 .comment       0x0000007f       0x80 C:\Users\zachs\Documents\New folder 2\lpc_board_nxp_lpcxpresso_4337\Debug\liblpc_board_nxp_lpcxpresso_4337.a(board.o)
 .comment       0x0000007f       0x80 C:\Users\zachs\Documents\New folder 2\lpc_board_nxp_lpcxpresso_4337\Debug\liblpc_board_nxp_lpcxpresso_4337.a(board_sysinit.o)
 .comment       0x0000007f       0x80 C:\Users\zachs\Documents\New folder 2\lpc_chip_43xx\Debug\liblpc_chip_43xx.a(chip_18xx_43xx.o)
 .comment       0x0000007f       0x80 C:\Users\zachs\Documents\New folder 2\lpc_chip_43xx\Debug\liblpc_chip_43xx.a(clock_18xx_43xx.o)
 .comment       0x0000007f       0x80 C:\Users\zachs\Documents\New folder 2\lpc_chip_43xx\Debug\liblpc_chip_43xx.a(fpu_init.o)
 .comment       0x0000007f       0x80 C:\Users\zachs\Documents\New folder 2\lpc_chip_43xx\Debug\liblpc_chip_43xx.a(gpdma_18xx_43xx.o)
 .comment       0x0000007f       0x80 C:\Users\zachs\Documents\New folder 2\lpc_chip_43xx\Debug\liblpc_chip_43xx.a(gpio_18xx_43xx.o)
 .comment       0x0000007f       0x80 C:\Users\zachs\Documents\New folder 2\lpc_chip_43xx\Debug\liblpc_chip_43xx.a(ssp_18xx_43xx.o)
 .comment       0x0000007f       0x80 C:\Users\zachs\Documents\New folder 2\lpc_chip_43xx\Debug\liblpc_chip_43xx.a(sysinit_18xx_43xx.o)
 .comment       0x0000007f       0x80 C:\Users\zachs\Documents\New folder 2\lpc_chip_43xx\Debug\liblpc_chip_43xx.a(uart_18xx_43xx.o)
 .comment       0x0000007f       0x80 d:/mcuxpressoide_10.1.1_606/ide/tools/bin/../lib/gcc/arm-none-eabi/6.3.1/../../../../arm-none-eabi/lib/thumb/v7e-m/fpv4-sp/softfp\libcr_nohost.a(_cr__main.o)
 .comment       0x0000007f       0x80 d:/mcuxpressoide_10.1.1_606/ide/tools/bin/../lib/gcc/arm-none-eabi/6.3.1/../../../../arm-none-eabi/lib/thumb/v7e-m/fpv4-sp/softfp\libcr_c.a(memset.o)
 .comment       0x0000007f       0x80 d:/mcuxpressoide_10.1.1_606/ide/tools/bin/../lib/gcc/arm-none-eabi/6.3.1/../../../../arm-none-eabi/lib/thumb/v7e-m/fpv4-sp/softfp\libcr_c.a(fpprintf.o)
 .comment       0x0000007f       0x80 d:/mcuxpressoide_10.1.1_606/ide/tools/bin/../lib/gcc/arm-none-eabi/6.3.1/../../../../arm-none-eabi/lib/thumb/v7e-m/fpv4-sp/softfp\libcr_c.a(initio.o)
 .comment       0x0000007f       0x80 d:/mcuxpressoide_10.1.1_606/ide/tools/bin/../lib/gcc/arm-none-eabi/6.3.1/../../../../arm-none-eabi/lib/thumb/v7e-m/fpv4-sp/softfp\libcr_c.a(printf.o)
 .comment       0x0000007f       0x80 d:/mcuxpressoide_10.1.1_606/ide/tools/bin/../lib/gcc/arm-none-eabi/6.3.1/../../../../arm-none-eabi/lib/thumb/v7e-m/fpv4-sp/softfp\libcr_c.a(setvbuf.o)
 .comment       0x0000007f       0x80 d:/mcuxpressoide_10.1.1_606/ide/tools/bin/../lib/gcc/arm-none-eabi/6.3.1/../../../../arm-none-eabi/lib/thumb/v7e-m/fpv4-sp/softfp\libcr_c.a(strlen.o)
 .comment       0x0000007f       0x80 d:/mcuxpressoide_10.1.1_606/ide/tools/bin/../lib/gcc/arm-none-eabi/6.3.1/../../../../arm-none-eabi/lib/thumb/v7e-m/fpv4-sp/softfp\libcr_c.a(_deferredlazyseek.o)
 .comment       0x0000007f       0x80 d:/mcuxpressoide_10.1.1_606/ide/tools/bin/../lib/gcc/arm-none-eabi/6.3.1/../../../../arm-none-eabi/lib/thumb/v7e-m/fpv4-sp/softfp\libcr_c.a(_fdopen.o)
 .comment       0x0000007f       0x80 d:/mcuxpressoide_10.1.1_606/ide/tools/bin/../lib/gcc/arm-none-eabi/6.3.1/../../../../arm-none-eabi/lib/thumb/v7e-m/fpv4-sp/softfp\libcr_c.a(_fflush.o)
 .comment       0x0000007f       0x80 d:/mcuxpressoide_10.1.1_606/ide/tools/bin/../lib/gcc/arm-none-eabi/6.3.1/../../../../arm-none-eabi/lib/thumb/v7e-m/fpv4-sp/softfp\libcr_c.a(_frexpl.o)
 .comment       0x0000007f       0x80 d:/mcuxpressoide_10.1.1_606/ide/tools/bin/../lib/gcc/arm-none-eabi/6.3.1/../../../../arm-none-eabi/lib/thumb/v7e-m/fpv4-sp/softfp\libcr_c.a(_ldexpl.o)
 .comment       0x0000007f       0x80 d:/mcuxpressoide_10.1.1_606/ide/tools/bin/../lib/gcc/arm-none-eabi/6.3.1/../../../../arm-none-eabi/lib/thumb/v7e-m/fpv4-sp/softfp\libcr_c.a(_writebuf.o)
 .comment       0x0000007f       0x80 d:/mcuxpressoide_10.1.1_606/ide/tools/bin/../lib/gcc/arm-none-eabi/6.3.1/../../../../arm-none-eabi/lib/thumb/v7e-m/fpv4-sp/softfp\libcr_c.a(alloc.o)
 .comment       0x0000007f       0x80 d:/mcuxpressoide_10.1.1_606/ide/tools/bin/../lib/gcc/arm-none-eabi/6.3.1/../../../../arm-none-eabi/lib/thumb/v7e-m/fpv4-sp/softfp\libcr_c.a(errno.o)
 .comment       0x0000007f       0x80 d:/mcuxpressoide_10.1.1_606/ide/tools/bin/../lib/gcc/arm-none-eabi/6.3.1/../../../../arm-none-eabi/lib/thumb/v7e-m/fpv4-sp/softfp\libcr_c.a(fclose.o)
 .comment       0x0000007f       0x80 d:/mcuxpressoide_10.1.1_606/ide/tools/bin/../lib/gcc/arm-none-eabi/6.3.1/../../../../arm-none-eabi/lib/thumb/v7e-m/fpv4-sp/softfp\libcr_c.a(fflush.o)
 .comment       0x0000007f       0x80 d:/mcuxpressoide_10.1.1_606/ide/tools/bin/../lib/gcc/arm-none-eabi/6.3.1/../../../../arm-none-eabi/lib/thumb/v7e-m/fpv4-sp/softfp\libcr_c.a(fseek.o)
 .comment       0x0000007f       0x80 d:/mcuxpressoide_10.1.1_606/ide/tools/bin/../lib/gcc/arm-none-eabi/6.3.1/../../../../arm-none-eabi/lib/thumb/v7e-m/fpv4-sp/softfp\libcr_c.a(ftell.o)
 .comment       0x0000007f       0x80 d:/mcuxpressoide_10.1.1_606/ide/tools/bin/../lib/gcc/arm-none-eabi/6.3.1/../../../../arm-none-eabi/lib/thumb/v7e-m/fpv4-sp/softfp\libcr_c.a(remove.o)
 .comment       0x0000007f       0x80 d:/mcuxpressoide_10.1.1_606/ide/tools/bin/../lib/gcc/arm-none-eabi/6.3.1/../../../../arm-none-eabi/lib/thumb/v7e-m/fpv4-sp/softfp\libcr_c.a(__init_alloc.o)
 .comment       0x0000007f       0x80 d:/mcuxpressoide_10.1.1_606/ide/tools/bin/../lib/gcc/arm-none-eabi/6.3.1/../../../../arm-none-eabi/lib/thumb/v7e-m/fpv4-sp/softfp\libcr_c.a(_cr_sbrk.o)
 .comment       0x0000007f       0x80 d:/mcuxpressoide_10.1.1_606/ide/tools/bin/../lib/gcc/arm-none-eabi/6.3.1/../../../../arm-none-eabi/lib/thumb/v7e-m/fpv4-sp/softfp\libcr_c.a(_do_fflush.o)
 .comment       0x0000007f       0x80 d:/mcuxpressoide_10.1.1_606/ide/tools/bin/../lib/gcc/arm-none-eabi/6.3.1/../../../../arm-none-eabi/lib/thumb/v7e-m/fpv4-sp/softfp\libcr_c.a(_hugeval.o)
 .comment       0x0000007f       0x80 d:/mcuxpressoide_10.1.1_606/ide/tools/bin/../lib/gcc/arm-none-eabi/6.3.1/../../../../arm-none-eabi/lib/thumb/v7e-m/fpv4-sp/softfp\libcr_c.a(_cr_check_heap.o)
 .comment       0x0000007f       0x80 d:/mcuxpressoide_10.1.1_606/ide/tools/bin/../lib/gcc/arm-none-eabi/6.3.1/thumb/v7e-m/fpv4-sp/softfp\libcr_eabihelpers.a(double.o)
 .comment       0x0000007f       0x80 d:/mcuxpressoide_10.1.1_606/ide/tools/bin/../lib/gcc/arm-none-eabi/6.3.1/../../../../arm-none-eabi/lib/thumb/v7e-m/fpv4-sp/softfp\libcr_nohost.a(__ciob.o)
 .comment       0x0000007f       0x80 d:/mcuxpressoide_10.1.1_606/ide/tools/bin/../lib/gcc/arm-none-eabi/6.3.1/../../../../arm-none-eabi/lib/thumb/v7e-m/fpv4-sp/softfp\libcr_nohost.a(__sys_appexit.o)
 .comment       0x0000007f       0x80 d:/mcuxpressoide_10.1.1_606/ide/tools/bin/../lib/gcc/arm-none-eabi/6.3.1/../../../../arm-none-eabi/lib/thumb/v7e-m/fpv4-sp/softfp\libcr_nohost.a(__sys_close.o)
 .comment       0x0000007f       0x80 d:/mcuxpressoide_10.1.1_606/ide/tools/bin/../lib/gcc/arm-none-eabi/6.3.1/../../../../arm-none-eabi/lib/thumb/v7e-m/fpv4-sp/softfp\libcr_nohost.a(__sys_flen.o)
 .comment       0x0000007f       0x80 d:/mcuxpressoide_10.1.1_606/ide/tools/bin/../lib/gcc/arm-none-eabi/6.3.1/../../../../arm-none-eabi/lib/thumb/v7e-m/fpv4-sp/softfp\libcr_nohost.a(__sys_istty.o)
 .comment       0x0000007f       0x80 d:/mcuxpressoide_10.1.1_606/ide/tools/bin/../lib/gcc/arm-none-eabi/6.3.1/../../../../arm-none-eabi/lib/thumb/v7e-m/fpv4-sp/softfp\libcr_nohost.a(__sys_remove.o)
 .comment       0x0000007f       0x80 d:/mcuxpressoide_10.1.1_606/ide/tools/bin/../lib/gcc/arm-none-eabi/6.3.1/../../../../arm-none-eabi/lib/thumb/v7e-m/fpv4-sp/softfp\libcr_nohost.a(__sys_seek.o)
 .comment       0x0000007f       0x80 d:/mcuxpressoide_10.1.1_606/ide/tools/bin/../lib/gcc/arm-none-eabi/6.3.1/../../../../arm-none-eabi/lib/thumb/v7e-m/fpv4-sp/softfp\libcr_nohost.a(__sys_tmpnam.o)

.ARM.attributes
                0x00000000       0x35
 .ARM.attributes
                0x00000000       0x37 ./src/cr_startup_lpc43xx.o
 .ARM.attributes
                0x00000037       0x37 ./src/ssp.o
 .ARM.attributes
                0x0000006e       0x37 ./src/sysinit.o
 .ARM.attributes
                0x000000a5       0x37 C:\Users\zachs\Documents\New folder 2\lpc_board_nxp_lpcxpresso_4337\Debug\liblpc_board_nxp_lpcxpresso_4337.a(board.o)
 .ARM.attributes
                0x000000dc       0x37 C:\Users\zachs\Documents\New folder 2\lpc_board_nxp_lpcxpresso_4337\Debug\liblpc_board_nxp_lpcxpresso_4337.a(board_sysinit.o)
 .ARM.attributes
                0x00000113       0x37 C:\Users\zachs\Documents\New folder 2\lpc_chip_43xx\Debug\liblpc_chip_43xx.a(chip_18xx_43xx.o)
 .ARM.attributes
                0x0000014a       0x37 C:\Users\zachs\Documents\New folder 2\lpc_chip_43xx\Debug\liblpc_chip_43xx.a(clock_18xx_43xx.o)
 .ARM.attributes
                0x00000181       0x37 C:\Users\zachs\Documents\New folder 2\lpc_chip_43xx\Debug\liblpc_chip_43xx.a(fpu_init.o)
 .ARM.attributes
                0x000001b8       0x37 C:\Users\zachs\Documents\New folder 2\lpc_chip_43xx\Debug\liblpc_chip_43xx.a(gpdma_18xx_43xx.o)
 .ARM.attributes
                0x000001ef       0x37 C:\Users\zachs\Documents\New folder 2\lpc_chip_43xx\Debug\liblpc_chip_43xx.a(gpio_18xx_43xx.o)
 .ARM.attributes
                0x00000226       0x37 C:\Users\zachs\Documents\New folder 2\lpc_chip_43xx\Debug\liblpc_chip_43xx.a(ssp_18xx_43xx.o)
 .ARM.attributes
                0x0000025d       0x37 C:\Users\zachs\Documents\New folder 2\lpc_chip_43xx\Debug\liblpc_chip_43xx.a(sysinit_18xx_43xx.o)
 .ARM.attributes
                0x00000294       0x37 C:\Users\zachs\Documents\New folder 2\lpc_chip_43xx\Debug\liblpc_chip_43xx.a(uart_18xx_43xx.o)
 .ARM.attributes
                0x000002cb       0x37 d:/mcuxpressoide_10.1.1_606/ide/tools/bin/../lib/gcc/arm-none-eabi/6.3.1/../../../../arm-none-eabi/lib/thumb/v7e-m/fpv4-sp/softfp\libcr_nohost.a(_cr__main.o)
 .ARM.attributes
                0x00000302       0x37 d:/mcuxpressoide_10.1.1_606/ide/tools/bin/../lib/gcc/arm-none-eabi/6.3.1/../../../../arm-none-eabi/lib/thumb/v7e-m/fpv4-sp/softfp\libcr_c.a(memset.o)
 .ARM.attributes
                0x00000339       0x37 d:/mcuxpressoide_10.1.1_606/ide/tools/bin/../lib/gcc/arm-none-eabi/6.3.1/../../../../arm-none-eabi/lib/thumb/v7e-m/fpv4-sp/softfp\libcr_c.a(fpprintf.o)
 .ARM.attributes
                0x00000370       0x37 d:/mcuxpressoide_10.1.1_606/ide/tools/bin/../lib/gcc/arm-none-eabi/6.3.1/../../../../arm-none-eabi/lib/thumb/v7e-m/fpv4-sp/softfp\libcr_c.a(initio.o)
 .ARM.attributes
                0x000003a7       0x37 d:/mcuxpressoide_10.1.1_606/ide/tools/bin/../lib/gcc/arm-none-eabi/6.3.1/../../../../arm-none-eabi/lib/thumb/v7e-m/fpv4-sp/softfp\libcr_c.a(printf.o)
 .ARM.attributes
                0x000003de       0x37 d:/mcuxpressoide_10.1.1_606/ide/tools/bin/../lib/gcc/arm-none-eabi/6.3.1/../../../../arm-none-eabi/lib/thumb/v7e-m/fpv4-sp/softfp\libcr_c.a(setvbuf.o)
 .ARM.attributes
                0x00000415       0x37 d:/mcuxpressoide_10.1.1_606/ide/tools/bin/../lib/gcc/arm-none-eabi/6.3.1/../../../../arm-none-eabi/lib/thumb/v7e-m/fpv4-sp/softfp\libcr_c.a(strlen.o)
 .ARM.attributes
                0x0000044c       0x37 d:/mcuxpressoide_10.1.1_606/ide/tools/bin/../lib/gcc/arm-none-eabi/6.3.1/../../../../arm-none-eabi/lib/thumb/v7e-m/fpv4-sp/softfp\libcr_c.a(_deferredlazyseek.o)
 .ARM.attributes
                0x00000483       0x37 d:/mcuxpressoide_10.1.1_606/ide/tools/bin/../lib/gcc/arm-none-eabi/6.3.1/../../../../arm-none-eabi/lib/thumb/v7e-m/fpv4-sp/softfp\libcr_c.a(_fdopen.o)
 .ARM.attributes
                0x000004ba       0x37 d:/mcuxpressoide_10.1.1_606/ide/tools/bin/../lib/gcc/arm-none-eabi/6.3.1/../../../../arm-none-eabi/lib/thumb/v7e-m/fpv4-sp/softfp\libcr_c.a(_fflush.o)
 .ARM.attributes
                0x000004f1       0x37 d:/mcuxpressoide_10.1.1_606/ide/tools/bin/../lib/gcc/arm-none-eabi/6.3.1/../../../../arm-none-eabi/lib/thumb/v7e-m/fpv4-sp/softfp\libcr_c.a(_frexpl.o)
 .ARM.attributes
                0x00000528       0x37 d:/mcuxpressoide_10.1.1_606/ide/tools/bin/../lib/gcc/arm-none-eabi/6.3.1/../../../../arm-none-eabi/lib/thumb/v7e-m/fpv4-sp/softfp\libcr_c.a(_ldexpl.o)
 .ARM.attributes
                0x0000055f       0x37 d:/mcuxpressoide_10.1.1_606/ide/tools/bin/../lib/gcc/arm-none-eabi/6.3.1/../../../../arm-none-eabi/lib/thumb/v7e-m/fpv4-sp/softfp\libcr_c.a(_writebuf.o)
 .ARM.attributes
                0x00000596       0x37 d:/mcuxpressoide_10.1.1_606/ide/tools/bin/../lib/gcc/arm-none-eabi/6.3.1/../../../../arm-none-eabi/lib/thumb/v7e-m/fpv4-sp/softfp\libcr_c.a(alloc.o)
 .ARM.attributes
                0x000005cd       0x37 d:/mcuxpressoide_10.1.1_606/ide/tools/bin/../lib/gcc/arm-none-eabi/6.3.1/../../../../arm-none-eabi/lib/thumb/v7e-m/fpv4-sp/softfp\libcr_c.a(errno.o)
 .ARM.attributes
                0x00000604       0x37 d:/mcuxpressoide_10.1.1_606/ide/tools/bin/../lib/gcc/arm-none-eabi/6.3.1/../../../../arm-none-eabi/lib/thumb/v7e-m/fpv4-sp/softfp\libcr_c.a(fclose.o)
 .ARM.attributes
                0x0000063b       0x37 d:/mcuxpressoide_10.1.1_606/ide/tools/bin/../lib/gcc/arm-none-eabi/6.3.1/../../../../arm-none-eabi/lib/thumb/v7e-m/fpv4-sp/softfp\libcr_c.a(fflush.o)
 .ARM.attributes
                0x00000672       0x37 d:/mcuxpressoide_10.1.1_606/ide/tools/bin/../lib/gcc/arm-none-eabi/6.3.1/../../../../arm-none-eabi/lib/thumb/v7e-m/fpv4-sp/softfp\libcr_c.a(fseek.o)
 .ARM.attributes
                0x000006a9       0x37 d:/mcuxpressoide_10.1.1_606/ide/tools/bin/../lib/gcc/arm-none-eabi/6.3.1/../../../../arm-none-eabi/lib/thumb/v7e-m/fpv4-sp/softfp\libcr_c.a(ftell.o)
 .ARM.attributes
                0x000006e0       0x37 d:/mcuxpressoide_10.1.1_606/ide/tools/bin/../lib/gcc/arm-none-eabi/6.3.1/../../../../arm-none-eabi/lib/thumb/v7e-m/fpv4-sp/softfp\libcr_c.a(remove.o)
 .ARM.attributes
                0x00000717       0x37 d:/mcuxpressoide_10.1.1_606/ide/tools/bin/../lib/gcc/arm-none-eabi/6.3.1/../../../../arm-none-eabi/lib/thumb/v7e-m/fpv4-sp/softfp\libcr_c.a(__init_alloc.o)
 .ARM.attributes
                0x0000074e       0x37 d:/mcuxpressoide_10.1.1_606/ide/tools/bin/../lib/gcc/arm-none-eabi/6.3.1/../../../../arm-none-eabi/lib/thumb/v7e-m/fpv4-sp/softfp\libcr_c.a(_cr_sbrk.o)
 .ARM.attributes
                0x00000785       0x37 d:/mcuxpressoide_10.1.1_606/ide/tools/bin/../lib/gcc/arm-none-eabi/6.3.1/../../../../arm-none-eabi/lib/thumb/v7e-m/fpv4-sp/softfp\libcr_c.a(_do_fflush.o)
 .ARM.attributes
                0x000007bc       0x37 d:/mcuxpressoide_10.1.1_606/ide/tools/bin/../lib/gcc/arm-none-eabi/6.3.1/../../../../arm-none-eabi/lib/thumb/v7e-m/fpv4-sp/softfp\libcr_c.a(_hugeval.o)
 .ARM.attributes
                0x000007f3       0x37 d:/mcuxpressoide_10.1.1_606/ide/tools/bin/../lib/gcc/arm-none-eabi/6.3.1/../../../../arm-none-eabi/lib/thumb/v7e-m/fpv4-sp/softfp\libcr_c.a(_cr_check_heap.o)
 .ARM.attributes
                0x0000082a       0x25 d:/mcuxpressoide_10.1.1_606/ide/tools/bin/../lib/gcc/arm-none-eabi/6.3.1/thumb/v7e-m/fpv4-sp/softfp\libcr_eabihelpers.a(division_64.o)
 .ARM.attributes
                0x0000084f       0x25 d:/mcuxpressoide_10.1.1_606/ide/tools/bin/../lib/gcc/arm-none-eabi/6.3.1/thumb/v7e-m/fpv4-sp/softfp\libcr_eabihelpers.a(division_idiv0.o)
 .ARM.attributes
                0x00000874       0x37 d:/mcuxpressoide_10.1.1_606/ide/tools/bin/../lib/gcc/arm-none-eabi/6.3.1/thumb/v7e-m/fpv4-sp/softfp\libcr_eabihelpers.a(double.o)
 .ARM.attributes
                0x000008ab       0x25 d:/mcuxpressoide_10.1.1_606/ide/tools/bin/../lib/gcc/arm-none-eabi/6.3.1/thumb/v7e-m/fpv4-sp/softfp\libcr_eabihelpers.a(memcpy.o)
 .ARM.attributes
                0x000008d0       0x37 d:/mcuxpressoide_10.1.1_606/ide/tools/bin/../lib/gcc/arm-none-eabi/6.3.1/../../../../arm-none-eabi/lib/thumb/v7e-m/fpv4-sp/softfp\libcr_nohost.a(__ciob.o)
 .ARM.attributes
                0x00000907       0x37 d:/mcuxpressoide_10.1.1_606/ide/tools/bin/../lib/gcc/arm-none-eabi/6.3.1/../../../../arm-none-eabi/lib/thumb/v7e-m/fpv4-sp/softfp\libcr_nohost.a(__sys_appexit.o)
 .ARM.attributes
                0x0000093e       0x37 d:/mcuxpressoide_10.1.1_606/ide/tools/bin/../lib/gcc/arm-none-eabi/6.3.1/../../../../arm-none-eabi/lib/thumb/v7e-m/fpv4-sp/softfp\libcr_nohost.a(__sys_close.o)
 .ARM.attributes
                0x00000975       0x37 d:/mcuxpressoide_10.1.1_606/ide/tools/bin/../lib/gcc/arm-none-eabi/6.3.1/../../../../arm-none-eabi/lib/thumb/v7e-m/fpv4-sp/softfp\libcr_nohost.a(__sys_flen.o)
 .ARM.attributes
                0x000009ac       0x37 d:/mcuxpressoide_10.1.1_606/ide/tools/bin/../lib/gcc/arm-none-eabi/6.3.1/../../../../arm-none-eabi/lib/thumb/v7e-m/fpv4-sp/softfp\libcr_nohost.a(__sys_istty.o)
 .ARM.attributes
                0x000009e3       0x37 d:/mcuxpressoide_10.1.1_606/ide/tools/bin/../lib/gcc/arm-none-eabi/6.3.1/../../../../arm-none-eabi/lib/thumb/v7e-m/fpv4-sp/softfp\libcr_nohost.a(__sys_remove.o)
 .ARM.attributes
                0x00000a1a       0x37 d:/mcuxpressoide_10.1.1_606/ide/tools/bin/../lib/gcc/arm-none-eabi/6.3.1/../../../../arm-none-eabi/lib/thumb/v7e-m/fpv4-sp/softfp\libcr_nohost.a(__sys_seek.o)
 .ARM.attributes
                0x00000a51       0x37 d:/mcuxpressoide_10.1.1_606/ide/tools/bin/../lib/gcc/arm-none-eabi/6.3.1/../../../../arm-none-eabi/lib/thumb/v7e-m/fpv4-sp/softfp\libcr_nohost.a(__sys_tmpnam.o)

.debug_frame    0x00000000     0x1e94
 .debug_frame   0x00000000      0x170 ./src/cr_startup_lpc43xx.o
 .debug_frame   0x00000170      0x324 ./src/ssp.o
 .debug_frame   0x00000494       0x34 ./src/sysinit.o
 .debug_frame   0x000004c8      0x62c C:\Users\zachs\Documents\New folder 2\lpc_board_nxp_lpcxpresso_4337\Debug\liblpc_board_nxp_lpcxpresso_4337.a(board.o)
 .debug_frame   0x00000af4       0xe4 C:\Users\zachs\Documents\New folder 2\lpc_board_nxp_lpcxpresso_4337\Debug\liblpc_board_nxp_lpcxpresso_4337.a(board_sysinit.o)
 .debug_frame   0x00000bd8       0xa0 C:\Users\zachs\Documents\New folder 2\lpc_chip_43xx\Debug\liblpc_chip_43xx.a(chip_18xx_43xx.o)
 .debug_frame   0x00000c78      0x568 C:\Users\zachs\Documents\New folder 2\lpc_chip_43xx\Debug\liblpc_chip_43xx.a(clock_18xx_43xx.o)
 .debug_frame   0x000011e0       0x38 C:\Users\zachs\Documents\New folder 2\lpc_chip_43xx\Debug\liblpc_chip_43xx.a(fpu_init.o)
 .debug_frame   0x00001218      0x25c C:\Users\zachs\Documents\New folder 2\lpc_chip_43xx\Debug\liblpc_chip_43xx.a(gpdma_18xx_43xx.o)
 .debug_frame   0x00001474       0x60 C:\Users\zachs\Documents\New folder 2\lpc_chip_43xx\Debug\liblpc_chip_43xx.a(gpio_18xx_43xx.o)
 .debug_frame   0x000014d4      0x3e8 C:\Users\zachs\Documents\New folder 2\lpc_chip_43xx\Debug\liblpc_chip_43xx.a(ssp_18xx_43xx.o)
 .debug_frame   0x000018bc       0xf4 C:\Users\zachs\Documents\New folder 2\lpc_chip_43xx\Debug\liblpc_chip_43xx.a(sysinit_18xx_43xx.o)
 .debug_frame   0x000019b0      0x4e4 C:\Users\zachs\Documents\New folder 2\lpc_chip_43xx\Debug\liblpc_chip_43xx.a(uart_18xx_43xx.o)
